Archive member included to satisfy reference by file (symbol)

c:/some_user/sandbox/gcc-arm-none-eabi-5_4-2016q3/bin/../lib/gcc/arm-none-eabi/5.4.1/../../../../arm-none-eabi/lib/armv7e-m/fpu\libc.a(lib_a-exit.o)
                              c:/some_user/sandbox/gcc-arm-none-eabi-5_4-2016q3/bin/../lib/gcc/arm-none-eabi/5.4.1/../../../../arm-none-eabi/lib/armv7e-m/fpu/crt0.o (exit)
c:/some_user/sandbox/gcc-arm-none-eabi-5_4-2016q3/bin/../lib/gcc/arm-none-eabi/5.4.1/../../../../arm-none-eabi/lib/armv7e-m/fpu\libc.a(lib_a-impure.o)
                              c:/some_user/sandbox/gcc-arm-none-eabi-5_4-2016q3/bin/../lib/gcc/arm-none-eabi/5.4.1/../../../../arm-none-eabi/lib/armv7e-m/fpu\libc.a(lib_a-exit.o) (_global_impure_ptr)
c:/some_user/sandbox/gcc-arm-none-eabi-5_4-2016q3/bin/../lib/gcc/arm-none-eabi/5.4.1/../../../../arm-none-eabi/lib/armv7e-m/fpu\libc.a(lib_a-init.o)
                              c:/some_user/sandbox/gcc-arm-none-eabi-5_4-2016q3/bin/../lib/gcc/arm-none-eabi/5.4.1/../../../../arm-none-eabi/lib/armv7e-m/fpu/crt0.o (__libc_init_array)
c:/some_user/sandbox/gcc-arm-none-eabi-5_4-2016q3/bin/../lib/gcc/arm-none-eabi/5.4.1/../../../../arm-none-eabi/lib/armv7e-m/fpu\libc.a(lib_a-memset.o)
                              c:/some_user/sandbox/gcc-arm-none-eabi-5_4-2016q3/bin/../lib/gcc/arm-none-eabi/5.4.1/../../../../arm-none-eabi/lib/armv7e-m/fpu/crt0.o (memset)
c:/some_user/sandbox/gcc-arm-none-eabi-5_4-2016q3/bin/../lib/gcc/arm-none-eabi/5.4.1/../../../../arm-none-eabi/lib/armv7e-m/fpu\libc.a(lib_a-__call_atexit.o)
                              c:/some_user/sandbox/gcc-arm-none-eabi-5_4-2016q3/bin/../lib/gcc/arm-none-eabi/5.4.1/../../../../arm-none-eabi/lib/armv7e-m/fpu\libc.a(lib_a-exit.o) (__call_exitprocs)
c:/some_user/sandbox/gcc-arm-none-eabi-5_4-2016q3/bin/../lib/gcc/arm-none-eabi/5.4.1/../../../../arm-none-eabi/lib/armv7e-m/fpu\libc.a(lib_a-atexit.o)
                              c:/some_user/sandbox/gcc-arm-none-eabi-5_4-2016q3/bin/../lib/gcc/arm-none-eabi/5.4.1/../../../../arm-none-eabi/lib/armv7e-m/fpu\libc.a(lib_a-__call_atexit.o) (atexit)
c:/some_user/sandbox/gcc-arm-none-eabi-5_4-2016q3/bin/../lib/gcc/arm-none-eabi/5.4.1/../../../../arm-none-eabi/lib/armv7e-m/fpu\libc.a(lib_a-fini.o)
                              c:/some_user/sandbox/gcc-arm-none-eabi-5_4-2016q3/bin/../lib/gcc/arm-none-eabi/5.4.1/../../../../arm-none-eabi/lib/armv7e-m/fpu\libc.a(lib_a-__call_atexit.o) (__libc_fini_array)
c:/some_user/sandbox/gcc-arm-none-eabi-5_4-2016q3/bin/../lib/gcc/arm-none-eabi/5.4.1/../../../../arm-none-eabi/lib/armv7e-m/fpu\libc.a(lib_a-__atexit.o)
                              c:/some_user/sandbox/gcc-arm-none-eabi-5_4-2016q3/bin/../lib/gcc/arm-none-eabi/5.4.1/../../../../arm-none-eabi/lib/armv7e-m/fpu\libc.a(lib_a-atexit.o) (__register_exitproc)
c:/some_user/sandbox/gcc-arm-none-eabi-5_4-2016q3/bin/../lib/gcc/arm-none-eabi/5.4.1/../../../../arm-none-eabi/lib/armv7e-m/fpu\libnosys.a(_exit.o)
                              c:/some_user/sandbox/gcc-arm-none-eabi-5_4-2016q3/bin/../lib/gcc/arm-none-eabi/5.4.1/../../../../arm-none-eabi/lib/armv7e-m/fpu\libc.a(lib_a-exit.o) (_exit)

Allocating common symbols
Common symbol       size              file

uwTick              0x4               ../arch/stm32/f3/src/stm32f3xx_hal.o
pFlash              0x20              ../arch/stm32/f3/src/stm32f3xx_hal_flash.o
TimHandle           0x40              ../arch/stm32/f3/src/stm32f3xx_hal_timebase_tim.o

Discarded input sections

 .text          0x00000000        0x0 c:/some_user/sandbox/gcc-arm-none-eabi-5_4-2016q3/bin/../lib/gcc/arm-none-eabi/5.4.1/armv7e-m/fpu/crti.o
 .data          0x00000000        0x0 c:/some_user/sandbox/gcc-arm-none-eabi-5_4-2016q3/bin/../lib/gcc/arm-none-eabi/5.4.1/armv7e-m/fpu/crti.o
 .bss           0x00000000        0x0 c:/some_user/sandbox/gcc-arm-none-eabi-5_4-2016q3/bin/../lib/gcc/arm-none-eabi/5.4.1/armv7e-m/fpu/crti.o
 .data          0x00000000        0x4 c:/some_user/sandbox/gcc-arm-none-eabi-5_4-2016q3/bin/../lib/gcc/arm-none-eabi/5.4.1/armv7e-m/fpu/crtbegin.o
 .text          0x00000000       0x74 c:/some_user/sandbox/gcc-arm-none-eabi-5_4-2016q3/bin/../lib/gcc/arm-none-eabi/5.4.1/../../../../arm-none-eabi/lib/armv7e-m/fpu/crt0.o
 .data          0x00000000        0x0 c:/some_user/sandbox/gcc-arm-none-eabi-5_4-2016q3/bin/../lib/gcc/arm-none-eabi/5.4.1/../../../../arm-none-eabi/lib/armv7e-m/fpu/crt0.o
 .bss           0x00000000        0x0 c:/some_user/sandbox/gcc-arm-none-eabi-5_4-2016q3/bin/../lib/gcc/arm-none-eabi/5.4.1/../../../../arm-none-eabi/lib/armv7e-m/fpu/crt0.o
 .ARM.extab     0x00000000        0x0 c:/some_user/sandbox/gcc-arm-none-eabi-5_4-2016q3/bin/../lib/gcc/arm-none-eabi/5.4.1/../../../../arm-none-eabi/lib/armv7e-m/fpu/crt0.o
 .ARM.exidx     0x00000000        0x8 c:/some_user/sandbox/gcc-arm-none-eabi-5_4-2016q3/bin/../lib/gcc/arm-none-eabi/5.4.1/../../../../arm-none-eabi/lib/armv7e-m/fpu/crt0.o
 .ARM.attributes
[...]
Memory Configuration

Name             Origin             Length             Attributes
FLASH            0x08000000         0x00040000         xr
RAM              0x20000000         0x0000a000         xrw
CCMRAM           0x10000000         0x00002000         rw
*default*        0x00000000         0xffffffff

Linker script and memory map

LOAD c:/some_user/sandbox/gcc-arm-none-eabi-5_4-2016q3/bin/../lib/gcc/arm-none-eabi/5.4.1/armv7e-m/fpu/crti.o
LOAD c:/some_user/sandbox/gcc-arm-none-eabi-5_4-2016q3/bin/../lib/gcc/arm-none-eabi/5.4.1/armv7e-m/fpu/crtbegin.o
LOAD c:/some_user/sandbox/gcc-arm-none-eabi-5_4-2016q3/bin/../lib/gcc/arm-none-eabi/5.4.1/../../../../arm-none-eabi/lib/armv7e-m/fpu/crt0.o
                0x2000a000                _estack = 0x2000a000
                0x00000200                _Min_Heap_Size = 0x200
                0x00000400                _Min_Stack_Size = 0x400

.isr_vector     0x08000000      0x188
                0x08000000                . = ALIGN (0x4)
 *(.isr_vector)
 .isr_vector    0x08000000      0x188 ../arch/stm32/f3/src/CMSIS/startup_stm32f303xc.o
                0x08000000                g_pfnVectors
                0x08000188                . = ALIGN (0x4)

.text           0x08000188     0x4918
                0x08000188                . = ALIGN (0x4)
 *(.text)
 .text          0x08000188       0x5c c:/some_user/sandbox/gcc-arm-none-eabi-5_4-2016q3/bin/../lib/gcc/arm-none-eabi/5.4.1/armv7e-m/fpu/crtbegin.o
 .text          0x080001e4       0x10 ../arch/stm32/f3/src/stm32f3xx_hal_msp.o
                0x080001e4                HAL_MspInit
                0x080001e8                HAL_MspDeInit
                0x080001ec                HAL_PPP_MspInit
                0x080001f0                HAL_PPP_MspDeInit
 .text          0x080001f4       0xc0 ../arch/stm32/f3/src/stm32f3xx_hal_timebase_tim.o
                0x080001f4                HAL_InitTick
                0x0800027c                HAL_SuspendTick
                0x08000290                HAL_ResumeTick
                0x080002a4                HAL_TIM_PeriodElapsedCallback
                0x080002a8                TIM6_DAC_IRQHandler
 .text          0x080002b4      0x158 ../arch/stm32/f3/src/stm32f3xx_hal.o
                0x080002bc                HAL_DeInit
                0x0800030c                HAL_Init
                0x08000330                HAL_IncTick
                0x08000340                HAL_GetTick
                0x0800034c                HAL_Delay
                0x08000388                HAL_GetHalVersion
                0x08000390                HAL_GetREVID
                0x0800039c                HAL_GetDEVID
                0x080003ac                HAL_DBGMCU_EnableDBGSleepMode
                0x080003bc                HAL_DBGMCU_DisableDBGSleepMode
                0x080003cc                HAL_DBGMCU_EnableDBGStopMode
                0x080003dc                HAL_DBGMCU_DisableDBGStopMode
                0x080003ec                HAL_DBGMCU_EnableDBGStandbyMode
                0x080003fc                HAL_DBGMCU_DisableDBGStandbyMode
 .text          0x0800040c     0x2160 ../arch/stm32/f3/src/stm32f3xx_hal_tim.o
                0x080004c0                HAL_TIM_Base_MspInit
                0x080004c4                HAL_TIM_Base_MspDeInit
                0x080004c8                HAL_TIM_Base_DeInit
                0x08000504                HAL_TIM_Base_Start
                0x08000524                HAL_TIM_Base_Stop
                0x08000554                HAL_TIM_Base_Start_IT
                0x0800056c                HAL_TIM_Base_Stop_IT
                0x08000598                HAL_TIM_Base_Start_DMA
                0x080005f4                HAL_TIM_Base_Stop_DMA
                0x08000624                HAL_TIM_OC_MspInit
                0x08000628                HAL_TIM_OC_MspDeInit
                0x0800062c                HAL_TIM_OC_DeInit
                0x08000668                HAL_TIM_OC_Stop
                0x080006f0                HAL_TIM_PWM_MspInit
                0x080006f4                HAL_TIM_PWM_MspDeInit
                0x080006f8                HAL_TIM_PWM_DeInit
                0x08000734                HAL_TIM_PWM_Start
                0x08000794                HAL_TIM_OC_Start
                0x08000798                HAL_TIM_PWM_Stop
                0x08000824                HAL_TIM_PWM_Start_IT
                0x080008cc                HAL_TIM_OC_Start_IT
                0x080008d0                HAL_TIM_PWM_Stop_IT
                0x080009a0                HAL_TIM_OC_Stop_IT
                0x080009a4                HAL_TIM_PWM_Start_DMA
                0x08000ad4                HAL_TIM_OC_Start_DMA
                0x08000ad8                HAL_TIM_PWM_Stop_DMA
                0x08000bac                HAL_TIM_OC_Stop_DMA
                0x08000bb0                HAL_TIM_IC_MspInit
                0x08000bb4                HAL_TIM_IC_MspDeInit
                0x08000bb8                HAL_TIM_IC_DeInit
                0x08000bf4                HAL_TIM_IC_Start
                0x08000c18                HAL_TIM_IC_Stop
                0x08000c4c                HAL_TIM_IC_Start_IT
                0x08000cb4                HAL_TIM_IC_Stop_IT
                0x08000d30                HAL_TIM_IC_Start_DMA
                0x08000e14                HAL_TIM_IC_Stop_DMA
                0x08000e9c                HAL_TIM_OnePulse_MspInit
                0x08000ea0                HAL_TIM_OnePulse_MspDeInit
                0x08000ea4                HAL_TIM_OnePulse_DeInit
                0x08000ee0                HAL_TIM_OnePulse_Start
                0x08000f40                HAL_TIM_OnePulse_Stop
                0x08000fc8                HAL_TIM_OnePulse_Start_IT
                0x08001038                HAL_TIM_OnePulse_Stop_IT
                0x080010d0                HAL_TIM_Encoder_MspInit
                0x080010d4                HAL_TIM_Encoder_MspDeInit
                0x080010d8                HAL_TIM_Encoder_DeInit
                0x08001114                HAL_TIM_Encoder_Start
                0x08001160                HAL_TIM_Encoder_Stop
                0x080011b4                HAL_TIM_Encoder_Start_IT
                0x08001234                HAL_TIM_Encoder_Stop_IT
                0x080012b4                HAL_TIM_Encoder_Start_DMA
                0x080013fc                HAL_TIM_Encoder_Stop_DMA
                0x0800147c                HAL_TIM_DMABurst_WriteStart
                0x08001560                HAL_TIM_DMABurst_ReadStart
                0x08001644                HAL_TIM_DMABurst_ReadStop
                0x080016bc                HAL_TIM_DMABurst_WriteStop
                0x080016c0                HAL_TIM_GenerateEvent
                0x080017b8                HAL_TIM_ConfigClockSource
                0x08001948                HAL_TIM_ConfigTI1Input
                0x08001958                HAL_TIM_SlaveConfigSynchronization
                0x08001998                HAL_TIM_SlaveConfigSynchronization_IT
                0x080019d8                HAL_TIM_ReadCapturedValue
                0x08001a4c                HAL_TIM_OC_DelayElapsedCallback
                0x08001a50                HAL_TIM_IC_CaptureCallback
                0x08001a54                TIM_DMACaptureCplt
                0x08001aa0                HAL_TIM_PWM_PulseFinishedCallback
                0x08001aa4                TIM_DMADelayPulseCplt
                0x08001af0                HAL_TIM_TriggerCallback
                0x08001af4                HAL_TIM_IRQHandler
                0x08001c58                HAL_TIM_ErrorCallback
                0x08001c5c                TIM_DMAError
                0x08001c6c                HAL_TIM_Base_GetState
                0x08001c74                HAL_TIM_OC_GetState
                0x08001c7c                HAL_TIM_PWM_GetState
                0x08001c84                HAL_TIM_IC_GetState
                0x08001c8c                HAL_TIM_OnePulse_GetState
                0x08001c94                HAL_TIM_Encoder_GetState
                0x08001c9c                TIM_Base_SetConfig
                0x08001d74                HAL_TIM_Base_Init
                0x08001dac                HAL_TIM_OC_Init
                0x08001de4                HAL_TIM_PWM_Init
                0x08001e1c                HAL_TIM_IC_Init
                0x08001e54                HAL_TIM_OnePulse_Init
                0x08001e9c                HAL_TIM_Encoder_Init
                0x08001f48                TIM_OC1_SetConfig
                0x08001fc8                TIM_OC2_SetConfig
                0x0800204c                TIM_OC3_SetConfig
                0x080020cc                TIM_OC4_SetConfig
                0x08002270                TIM_TI1_SetConfig
                0x080022d8                HAL_TIM_IC_ConfigChannel
                0x08002410                HAL_TIM_OnePulse_ConfigChannel
                0x08002534                TIM_ETR_SetConfig
                0x0800254c                TIM_CCxChannelCmd
 .text          0x0800256c      0x2b0 ../arch/stm32/f3/src/stm32f3xx_hal_cortex.o
                0x0800256c                HAL_NVIC_SetPriorityGrouping
                0x08002590                HAL_NVIC_SetPriority
                0x08002600                HAL_NVIC_EnableIRQ
                0x08002618                HAL_NVIC_DisableIRQ
                0x08002634                HAL_NVIC_SystemReset
                0x08002658                HAL_SYSTICK_Config
                0x0800268c                HAL_MPU_Disable
                0x080026a8                HAL_MPU_Enable
                0x080026c4                HAL_MPU_ConfigRegion
                0x08002718                HAL_NVIC_GetPriorityGrouping
                0x08002728                HAL_NVIC_GetPriority
                0x08002788                HAL_NVIC_SetPendingIRQ
                0x080027a4                HAL_NVIC_GetPendingIRQ
                0x080027c0                HAL_NVIC_ClearPendingIRQ
                0x080027dc                HAL_NVIC_GetActive
                0x080027f8                HAL_SYSTICK_CLKSourceConfig
                0x08002810                HAL_SYSTICK_Callback
                0x08002814                HAL_SYSTICK_IRQHandler
 .text          0x0800281c      0x490 ../arch/stm32/f3/src/stm32f3xx_hal_dma.o
                0x0800281c                HAL_DMA_Init
                0x080028ac                HAL_DMA_DeInit
                0x08002920                HAL_DMA_Start
                0x08002984                HAL_DMA_Start_IT
                0x08002a08                HAL_DMA_Abort
                0x08002a3c                HAL_DMA_Abort_IT
                0x08002a84                HAL_DMA_PollForTransfer
                0x08002b58                HAL_DMA_IRQHandler
                0x08002bf0                HAL_DMA_RegisterCallback
                0x08002c44                HAL_DMA_UnRegisterCallback
                0x08002ca0                HAL_DMA_GetState
                0x08002ca8                HAL_DMA_GetError
 .text          0x08002cac      0xc84 ../arch/stm32/f3/src/stm32f3xx_hal_tim_ex.o
                0x08002d8c                HAL_TIMEx_HallSensor_MspInit
                0x08002d90                HAL_TIMEx_HallSensor_Init
                0x08002e48                HAL_TIMEx_HallSensor_MspDeInit
                0x08002e4c                HAL_TIMEx_HallSensor_DeInit
                0x08002e88                HAL_TIMEx_HallSensor_Start
                0x08002ea4                HAL_TIMEx_HallSensor_Stop
                0x08002ed4                HAL_TIMEx_HallSensor_Start_IT
                0x08002ef8                HAL_TIMEx_HallSensor_Stop_IT
                0x08002f30                HAL_TIMEx_HallSensor_Start_DMA
                0x08002f9c                HAL_TIMEx_HallSensor_Stop_DMA
                0x08002fd4                HAL_TIMEx_PWMN_Start
                0x08003000                HAL_TIMEx_OCN_Start
                0x08003004                HAL_TIMEx_PWMN_Start_IT
                0x0800307c                HAL_TIMEx_OCN_Start_IT
                0x08003080                HAL_TIMEx_PWMN_Stop_IT
                0x08003128                HAL_TIMEx_OCN_Stop_IT
                0x0800312c                HAL_TIMEx_PWMN_Start_DMA
                0x0800322c                HAL_TIMEx_OCN_Start_DMA
                0x08003230                HAL_TIMEx_PWMN_Stop_DMA
                0x080032d4                HAL_TIMEx_OCN_Stop_DMA
                0x080032d8                HAL_TIMEx_OnePulseN_Start
                0x080032fc                HAL_TIMEx_OnePulseN_Stop
                0x08003350                HAL_TIMEx_PWMN_Stop
                0x08003354                HAL_TIMEx_OCN_Stop
                0x08003358                HAL_TIMEx_OnePulseN_Start_IT
                0x0800338c                HAL_TIMEx_OnePulseN_Stop_IT
                0x080033f0                HAL_TIMEx_ConfigCommutationEvent
                0x08003440                HAL_TIMEx_ConfigCommutationEvent_IT
                0x08003498                HAL_TIMEx_ConfigCommutationEvent_DMA
                0x08003500                HAL_TIM_OC_ConfigChannel
                0x08003578                HAL_TIM_PWM_ConfigChannel
                0x080036a0                HAL_TIMEx_MasterConfigSynchronization
                0x080036f4                HAL_TIMEx_ConfigBreakDeadTime
                0x08003780                HAL_TIMEx_RemapConfig
                0x080037ac                HAL_TIMEx_GroupChannel5
                0x080037e4                HAL_TIM_ConfigOCrefClear
                0x08003910                HAL_TIMEx_CommutationCallback
                0x08003914                TIMEx_DMACommutationCplt
                0x08003924                HAL_TIMEx_BreakCallback
                0x08003928                HAL_TIMEx_HallSensor_GetState
 .text          0x08003930      0x36c ../arch/stm32/f3/src/stm32f3xx_hal_gpio.o
                0x08003930                HAL_GPIO_Init
                0x08003b08                HAL_GPIO_DeInit
                0x08003c34                HAL_GPIO_ReadPin
                0x08003c40                HAL_GPIO_WritePin
                0x08003c4c                HAL_GPIO_TogglePin
                0x08003c54                HAL_GPIO_LockPin
                0x08003c80                HAL_GPIO_EXTI_Callback
                0x08003c84                HAL_GPIO_EXTI_IRQHandler
 .text          0x08003c9c      0x9e8 ../arch/stm32/f3/src/stm32f3xx_hal_rcc.o
                0x08003c9c                HAL_RCC_DeInit
                0x08003cec                HAL_RCC_OscConfig
                0x08004298                HAL_RCC_MCOConfig
                0x080042e4                HAL_RCC_EnableCSS
                0x08004300                HAL_RCC_DisableCSS
                0x0800431c                HAL_RCC_GetSysClockFreq
                0x08004388                HAL_RCC_ClockConfig
                0x08004514                HAL_RCC_GetHCLKFreq
                0x08004520                HAL_RCC_GetPCLK1Freq
                0x08004550                HAL_RCC_GetPCLK2Freq
                0x08004580                HAL_RCC_GetOscConfig
                0x0800461c                HAL_RCC_GetClockConfig
                0x08004660                HAL_RCC_CSSCallback
                0x08004664                HAL_RCC_NMI_IRQHandler
 .text          0x08004684       0xd0 ../arch/stm32/f3/src/CMSIS/system_stm32f3xx.o
                0x08004684                SystemInit
                0x080046f4                SystemCoreClockUpdate
 .text          0x08004754       0x10 user_source/foo.o
                0x08004754                foo
                0x08004758                TEST_FOO
 .text          0x08004764       0xd8 user_source/hal_interface/board_led.o
                0x08004764                board_led_init
                0x080047d4                board_led_on
                0x080047f8                board_led_off
                0x0800481c                board_led_toggle
 .text          0x0800483c       0x68 user_source/hal_interface/cpu.o
                0x0800483c                cpu_init
                0x0800488c                cpu_sw_delay
 *(.text*)
 .text.__libc_init_array
                0x080048a4       0x50 c:/some_user/sandbox/gcc-arm-none-eabi-5_4-2016q3/bin/../lib/gcc/arm-none-eabi/5.4.1/../../../../arm-none-eabi/lib/armv7e-m/fpu\libc.a(lib_a-init.o)
                0x080048a4                __libc_init_array
 .text.startup.register_fini
                0x080048f4       0x14 c:/some_user/sandbox/gcc-arm-none-eabi-5_4-2016q3/bin/../lib/gcc/arm-none-eabi/5.4.1/../../../../arm-none-eabi/lib/armv7e-m/fpu\libc.a(lib_a-__call_atexit.o)
 .text.atexit   0x08004908        0xc c:/some_user/sandbox/gcc-arm-none-eabi-5_4-2016q3/bin/../lib/gcc/arm-none-eabi/5.4.1/../../../../arm-none-eabi/lib/armv7e-m/fpu\libc.a(lib_a-atexit.o)
                0x08004908                atexit
 .text.__libc_fini_array
                0x08004914       0x28 c:/some_user/sandbox/gcc-arm-none-eabi-5_4-2016q3/bin/../lib/gcc/arm-none-eabi/5.4.1/../../../../arm-none-eabi/lib/armv7e-m/fpu\libc.a(lib_a-fini.o)
                0x08004914                __libc_fini_array
 .text.__register_exitproc
                0x0800493c       0xa4 c:/some_user/sandbox/gcc-arm-none-eabi-5_4-2016q3/bin/../lib/gcc/arm-none-eabi/5.4.1/../../../../arm-none-eabi/lib/armv7e-m/fpu\libc.a(lib_a-__atexit.o)
                0x0800493c                __register_exitproc
 .text.Reset_Handler
                0x080049e0       0x50 ../arch/stm32/f3/src/CMSIS/startup_stm32f303xc.o
                0x080049e0                Reset_Handler
 .text.Default_Handler
                0x08004a30        0x2 ../arch/stm32/f3/src/CMSIS/startup_stm32f303xc.o
                0x08004a30                RTC_Alarm_IRQHandler
                0x08004a30                TIM8_TRG_COM_IRQHandler
                0x08004a30                TIM8_CC_IRQHandler
                0x08004a30                DebugMon_Handler
                0x08004a30                TIM1_CC_IRQHandler
                0x08004a30                HardFault_Handler
                0x08004a30                USB_HP_IRQHandler
                0x08004a30                SysTick_Handler
                0x08004a30                PVD_IRQHandler
                0x08004a30                TAMP_STAMP_IRQHandler
                0x08004a30                PendSV_Handler
                0x08004a30                NMI_Handler
                0x08004a30                EXTI3_IRQHandler
                0x08004a30                USB_HP_CAN_TX_IRQHandler
                0x08004a30                EXTI0_IRQHandler
                0x08004a30                I2C2_EV_IRQHandler
                0x08004a30                FPU_IRQHandler
                0x08004a30                TIM1_UP_TIM16_IRQHandler
                0x08004a30                UsageFault_Handler
                0x08004a30                ADC1_2_IRQHandler
                0x08004a30                SPI1_IRQHandler
                0x08004a30                CAN_SCE_IRQHandler
                0x08004a30                TIM8_UP_IRQHandler
                0x08004a30                DMA2_Channel2_IRQHandler
                0x08004a30                DMA1_Channel4_IRQHandler
                0x08004a30                USART3_IRQHandler
                0x08004a30                DMA1_Channel7_IRQHandler
                0x08004a30                UART5_IRQHandler
                0x08004a30                ADC3_IRQHandler
                0x08004a30                TIM4_IRQHandler
                0x08004a30                CAN_RX1_IRQHandler
                0x08004a30                DMA2_Channel1_IRQHandler
                0x08004a30                I2C1_EV_IRQHandler
                0x08004a30                DMA1_Channel6_IRQHandler
                0x08004a30                UART4_IRQHandler
                0x08004a30                DMA2_Channel4_IRQHandler
                0x08004a30                TIM3_IRQHandler
                0x08004a30                RCC_IRQHandler
                0x08004a30                DMA1_Channel1_IRQHandler
                0x08004a30                Default_Handler
                0x08004a30                USBWakeUp_RMP_IRQHandler
                0x08004a30                EXTI15_10_IRQHandler
                0x08004a30                TIM7_IRQHandler
                0x08004a30                EXTI9_5_IRQHandler
                0x08004a30                RTC_WKUP_IRQHandler
                0x08004a30                SPI2_IRQHandler
                0x08004a30                USB_LP_CAN_RX0_IRQHandler
                0x08004a30                MemManage_Handler
                0x08004a30                SVC_Handler
                0x08004a30                DMA2_Channel5_IRQHandler
                0x08004a30                DMA1_Channel5_IRQHandler
                0x08004a30                USB_LP_IRQHandler
                0x08004a30                EXTI4_IRQHandler
                0x08004a30                TIM1_TRG_COM_TIM17_IRQHandler
                0x08004a30                DMA1_Channel3_IRQHandler
                0x08004a30                ADC4_IRQHandler
                0x08004a30                WWDG_IRQHandler
                0x08004a30                TIM2_IRQHandler
                0x08004a30                COMP7_IRQHandler
                0x08004a30                COMP1_2_3_IRQHandler
                0x08004a30                EXTI1_IRQHandler
                0x08004a30                USART2_IRQHandler
                0x08004a30                COMP4_5_6_IRQHandler
                0x08004a30                I2C2_ER_IRQHandler
                0x08004a30                DMA1_Channel2_IRQHandler
                0x08004a30                TIM8_BRK_IRQHandler
                0x08004a30                FLASH_IRQHandler
                0x08004a30                BusFault_Handler
                0x08004a30                USART1_IRQHandler
                0x08004a30                SPI3_IRQHandler
                0x08004a30                I2C1_ER_IRQHandler
                0x08004a30                USBWakeUp_IRQHandler
                0x08004a30                DMA2_Channel3_IRQHandler
                0x08004a30                EXTI2_TSC_IRQHandler
                0x08004a30                TIM1_BRK_TIM15_IRQHandler
 *fill*         0x08004a32        0x2 
 .text.startup  0x08004a34       0x54 mosfet.o
                0x08004a34                main
 *(.glue_7)
 .glue_7        0x08004a88        0x0 linker stubs
 *(.glue_7t)
 .glue_7t       0x08004a88        0x0 linker stubs
 *(.eh_frame)
 .eh_frame      0x08004a88        0x0 c:/some_user/sandbox/gcc-arm-none-eabi-5_4-2016q3/bin/../lib/gcc/arm-none-eabi/5.4.1/armv7e-m/fpu/crtbegin.o
 *(.init)
 .init          0x08004a88        0x4 c:/some_user/sandbox/gcc-arm-none-eabi-5_4-2016q3/bin/../lib/gcc/arm-none-eabi/5.4.1/armv7e-m/fpu/crti.o
                0x08004a88                _init
 .init          0x08004a8c        0x8 c:/some_user/sandbox/gcc-arm-none-eabi-5_4-2016q3/bin/../lib/gcc/arm-none-eabi/5.4.1/armv7e-m/fpu/crtn.o
 *(.fini)
 .fini          0x08004a94        0x4 c:/some_user/sandbox/gcc-arm-none-eabi-5_4-2016q3/bin/../lib/gcc/arm-none-eabi/5.4.1/armv7e-m/fpu/crti.o
                0x08004a94                _fini
 .fini          0x08004a98        0x8 c:/some_user/sandbox/gcc-arm-none-eabi-5_4-2016q3/bin/../lib/gcc/arm-none-eabi/5.4.1/armv7e-m/fpu/crtn.o
                0x08004aa0                . = ALIGN (0x4)
                0x08004aa0                _etext = .

.vfp11_veneer   0x08004aa0        0x0
 .vfp11_veneer  0x08004aa0        0x0 linker stubs

.v4_bx          0x08004aa0        0x0
 .v4_bx         0x08004aa0        0x0 linker stubs

.iplt           0x08004aa0        0x0
 .iplt          0x08004aa0        0x0 c:/some_user/sandbox/gcc-arm-none-eabi-5_4-2016q3/bin/../lib/gcc/arm-none-eabi/5.4.1/armv7e-m/fpu/crtbegin.o

.rodata         0x08004aa0       0x3c
                0x08004aa0                . = ALIGN (0x4)
 *(.rodata)
 .rodata        0x08004aa0       0x20 ../arch/stm32/f3/src/stm32f3xx_hal_rcc.o
                0x08004aa0                aPLLMULFactorTable
                0x08004ab0                aPredivFactorTable
 .rodata        0x08004ac0       0x18 ../arch/stm32/f3/src/CMSIS/system_stm32f3xx.o
                0x08004ac0                AHBPrescTable
                0x08004ad0                APBPrescTable
 *(.rodata*)
 .rodata._global_impure_ptr
                0x08004ad8        0x4 c:/some_user/sandbox/gcc-arm-none-eabi-5_4-2016q3/bin/../lib/gcc/arm-none-eabi/5.4.1/../../../../arm-none-eabi/lib/armv7e-m/fpu\libc.a(lib_a-impure.o)
                0x08004ad8                _global_impure_ptr
                0x08004adc                . = ALIGN (0x4)

.rel.dyn        0x08004adc        0x0
 .rel.iplt      0x08004adc        0x0 c:/some_user/sandbox/gcc-arm-none-eabi-5_4-2016q3/bin/../lib/gcc/arm-none-eabi/5.4.1/armv7e-m/fpu/crtbegin.o

.ARM.extab
 *(.ARM.extab* .gnu.linkonce.armextab.*)

.ARM            0x08004adc        0x0
                0x08004adc                __exidx_start = .
 *(.ARM.exidx*)
                0x08004adc                __exidx_end = .

.preinit_array  0x08004adc        0x0
                0x08004adc                PROVIDE (__preinit_array_start, .)
 *(.preinit_array*)
                0x08004adc                PROVIDE (__preinit_array_end, .)

.init_array     0x08004adc        0x8
                0x08004adc                PROVIDE (__init_array_start, .)
 *(SORT(.init_array.*))
 .init_array.00000
                0x08004adc        0x4 c:/some_user/sandbox/gcc-arm-none-eabi-5_4-2016q3/bin/../lib/gcc/arm-none-eabi/5.4.1/../../../../arm-none-eabi/lib/armv7e-m/fpu\libc.a(lib_a-__call_atexit.o)
 *(.init_array*)
 .init_array    0x08004ae0        0x4 c:/some_user/sandbox/gcc-arm-none-eabi-5_4-2016q3/bin/../lib/gcc/arm-none-eabi/5.4.1/armv7e-m/fpu/crtbegin.o
                0x08004ae4                PROVIDE (__init_array_end, .)

.fini_array     0x08004ae4        0x4
                0x08004ae4                PROVIDE (__fini_array_start, .)
 *(SORT(.fini_array.*))
 *(.fini_array*)
 .fini_array    0x08004ae4        0x4 c:/some_user/sandbox/gcc-arm-none-eabi-5_4-2016q3/bin/../lib/gcc/arm-none-eabi/5.4.1/armv7e-m/fpu/crtbegin.o
                0x08004ae8                PROVIDE (__fini_array_end, .)
                0x08004ae8                _sidata = LOADADDR (.data)

.data           0x20000000      0x430 load address 0x08004ae8
                0x20000000                . = ALIGN (0x4)
                0x20000000                _sdata = .
 *(.data)
 .data          0x20000000        0x4 ../arch/stm32/f3/src/CMSIS/system_stm32f3xx.o
                0x20000000                SystemCoreClock
 *(.data*)
 *fill*         0x20000004        0x4 
 .data.impure_data
                0x20000008      0x428 c:/some_user/sandbox/gcc-arm-none-eabi-5_4-2016q3/bin/../lib/gcc/arm-none-eabi/5.4.1/../../../../arm-none-eabi/lib/armv7e-m/fpu\libc.a(lib_a-impure.o)
                0x20000430                . = ALIGN (0x4)
                0x20000430                _edata = .
                0x08004f18                _siccmram = LOADADDR (.ccmram)

.jcr            0x20000430        0x0 load address 0x08004f18
 .jcr           0x20000430        0x0 c:/some_user/sandbox/gcc-arm-none-eabi-5_4-2016q3/bin/../lib/gcc/arm-none-eabi/5.4.1/armv7e-m/fpu/crtbegin.o

.igot.plt       0x20000430        0x0 load address 0x08004f18
 .igot.plt      0x20000430        0x0 c:/some_user/sandbox/gcc-arm-none-eabi-5_4-2016q3/bin/../lib/gcc/arm-none-eabi/5.4.1/armv7e-m/fpu/crtbegin.o

.ccmram         0x10000000        0x0 load address 0x08004f18
                0x10000000                . = ALIGN (0x4)
                0x10000000                _sccmram = .
 *(.ccmram)
 *(.ccmram*)
                0x10000000                . = ALIGN (0x4)
                0x10000000                _eccmram = .
                0x10000000                . = ALIGN (0x4)

.bss            0x20000430       0x88
                0x20000430                _sbss = .
                0x20000430                __bss_start__ = _sbss
 *(.bss)
 .bss           0x20000430       0x1c c:/some_user/sandbox/gcc-arm-none-eabi-5_4-2016q3/bin/../lib/gcc/arm-none-eabi/5.4.1/armv7e-m/fpu/crtbegin.o
 .bss           0x2000044c       0x28 user_source/hal_interface/board_led.o
 *(.bss*)
 *(COMMON)
 COMMON         0x20000474       0x40 ../arch/stm32/f3/src/stm32f3xx_hal_timebase_tim.o
                0x20000474                TimHandle
 COMMON         0x200004b4        0x4 ../arch/stm32/f3/src/stm32f3xx_hal.o
                0x200004b4                uwTick
                0x200004b8                . = ALIGN (0x4)
                0x200004b8                _ebss = .
                0x200004b8                __bss_end__ = _ebss

._user_heap_stack
                0x200004b8      0x600
                0x200004b8                . = ALIGN (0x4)
                [!provide]                PROVIDE (end, .)
                [!provide]                PROVIDE (_end, .)
                0x200006b8                . = (. + _Min_Heap_Size)
 *fill*         0x200004b8      0x200 
                0x20000ab8                . = (. + _Min_Stack_Size)
 *fill*         0x200006b8      0x400 
                0x20000ab8                . = ALIGN (0x4)

/DISCARD/
 libc.a(*)
 libm.a(*)
 libgcc.a(*)

.ARM.attributes
                0x00000000       0x30
 *(.ARM.attributes)
 .ARM.attributes
                0x00000000       0x22 c:/some_user/sandbox/gcc-arm-none-eabi-5_4-2016q3/bin/../lib/gcc/arm-none-eabi/5.4.1/armv7e-m/fpu/crti.o
 .ARM.attributes
                0x00000022       0x34 c:/some_user/sandbox/gcc-arm-none-eabi-5_4-2016q3/bin/../lib/gcc/arm-none-eabi/5.4.1/armv7e-m/fpu/crtbegin.o
 .ARM.attributes
                0x00000056       0x39 ../arch/stm32/f3/src/stm32f3xx_hal_msp.o
 .ARM.attributes
                0x0000008f       0x39 ../arch/stm32/f3/src/stm32f3xx_hal_timebase_tim.o
 .ARM.attributes
                0x000000c8       0x39 ../arch/stm32/f3/src/stm32f3xx_hal.o
 .ARM.attributes
                0x00000101       0x39 ../arch/stm32/f3/src/stm32f3xx_hal_tim.o
 .ARM.attributes
                0x0000013a       0x39 ../arch/stm32/f3/src/stm32f3xx_hal_cortex.o
 .ARM.attributes
                0x00000173       0x39 ../arch/stm32/f3/src/stm32f3xx_hal_dma.o
 .ARM.attributes
                0x000001ac       0x39 ../arch/stm32/f3/src/stm32f3xx_hal_tim_ex.o
 .ARM.attributes
                0x000001e5       0x39 ../arch/stm32/f3/src/stm32f3xx_hal_gpio.o
 .ARM.attributes
                0x0000021e       0x39 ../arch/stm32/f3/src/stm32f3xx_hal_rcc.o
 .ARM.attributes
                0x00000257       0x39 ../arch/stm32/f3/src/CMSIS/system_stm32f3xx.o
 .ARM.attributes
                0x00000290       0x21 ../arch/stm32/f3/src/CMSIS/startup_stm32f303xc.o
 .ARM.attributes
                0x000002b1       0x39 mosfet.o
 .ARM.attributes
                0x000002ea       0x39 user_source/foo.o
 .ARM.attributes
                0x00000323       0x39 user_source/hal_interface/board_led.o
 .ARM.attributes
                0x0000035c       0x39 user_source/hal_interface/cpu.o
 .ARM.attributes
                0x00000395       0x22 c:/some_user/sandbox/gcc-arm-none-eabi-5_4-2016q3/bin/../lib/gcc/arm-none-eabi/5.4.1/armv7e-m/fpu/crtn.o
LOAD ../arch/stm32/f3/src/stm32f3xx_ll_rcc.o
LOAD ../arch/stm32/f3/src/stm32f3xx_hal_pccard.o
LOAD ../arch/stm32/f3/src/stm32f3xx_ll_exti.o
LOAD ../arch/stm32/f3/src/stm32f3xx_hal_crc_ex.o
LOAD ../arch/stm32/f3/src/stm32f3xx_hal_rcc_ex.o
LOAD ../arch/stm32/f3/src/stm32f3xx_hal_usart.o
LOAD ../arch/stm32/f3/src/stm32f3xx_hal_i2c.o
LOAD ../arch/stm32/f3/src/stm32f3xx_ll_usart.o
LOAD ../arch/stm32/f3/src/stm32f3xx_ll_i2c.o
LOAD ../arch/stm32/f3/src/stm32f3xx_hal_dac.o
LOAD ../arch/stm32/f3/src/stm32f3xx_hal_opamp.o
LOAD ../arch/stm32/f3/src/stm32f3xx_ll_opamp.o
LOAD ../arch/stm32/f3/src/stm32f3xx_hal_adc.o
LOAD ../arch/stm32/f3/src/stm32f3xx_ll_dac.o
LOAD ../arch/stm32/f3/src/stm32f3xx_hal_i2s_ex.o
LOAD ../arch/stm32/f3/src/stm32f3xx_hal_pwr.o
LOAD ../arch/stm32/f3/src/stm32f3xx_ll_pwr.o
LOAD ../arch/stm32/f3/src/stm32f3xx_hal_dac_ex.o
LOAD ../arch/stm32/f3/src/stm32f3xx_hal_adc_ex.o
LOAD ../arch/stm32/f3/src/stm32f3xx_hal_pcd_ex.o
LOAD ../arch/stm32/f3/src/stm32f3xx_hal_cec.o
LOAD ../arch/stm32/f3/src/stm32f3xx_hal_pwr_ex.o
LOAD ../arch/stm32/f3/src/stm32f3xx_hal_pcd.o
LOAD ../arch/stm32/f3/src/stm32f3xx_ll_fmc.o
LOAD ../arch/stm32/f3/src/stm32f3xx_hal_comp.o
LOAD ../arch/stm32/f3/src/stm32f3xx_ll_comp.o
LOAD ../arch/stm32/f3/src/stm32f3xx_ll_spi.o
LOAD ../arch/stm32/f3/src/stm32f3xx_hal_can.o
LOAD ../arch/stm32/f3/src/stm32f3xx_hal_smartcard_ex.o
LOAD ../arch/stm32/f3/src/stm32f3xx_ll_crc.o
LOAD ../arch/stm32/f3/src/stm32f3xx_hal_iwdg.o
LOAD ../arch/stm32/f3/src/stm32f3xx_hal_nor.o
LOAD ../arch/stm32/f3/src/stm32f3xx_hal_sdadc.o
LOAD ../arch/stm32/f3/src/stm32f3xx_hal_spi_ex.o
LOAD ../arch/stm32/f3/src/stm32f3xx_ll_rtc.o
LOAD ../arch/stm32/f3/src/stm32f3xx_hal_wwdg.o
LOAD ../arch/stm32/f3/src/stm32f3xx_hal_opamp_ex.o
LOAD ../arch/stm32/f3/src/stm32f3xx_hal_smbus.o
LOAD ../arch/stm32/f3/src/stm32f3xx_hal_msp.o
LOAD ../arch/stm32/f3/src/stm32f3xx_hal_rtc_ex.o
LOAD ../arch/stm32/f3/src/stm32f3xx_hal_tsc.o
LOAD ../arch/stm32/f3/src/stm32f3xx_hal_timebase_tim.o
LOAD ../arch/stm32/f3/src/stm32f3xx_hal_uart.o
LOAD ../arch/stm32/f3/src/stm32f3xx_hal_sram.o
LOAD ../arch/stm32/f3/src/stm32f3xx_hal.o
LOAD ../arch/stm32/f3/src/stm32f3xx_hal_tim.o
LOAD ../arch/stm32/f3/src/stm32f3xx_ll_tim.o
LOAD ../arch/stm32/f3/src/stm32f3xx_hal_uart_ex.o
LOAD ../arch/stm32/f3/src/stm32f3xx_hal_cortex.o
LOAD ../arch/stm32/f3/src/stm32f3xx_hal_rtc.o
LOAD ../arch/stm32/f3/src/stm32f3xx_hal_flash.o
LOAD ../arch/stm32/f3/src/stm32f3xx_ll_utils.o
LOAD ../arch/stm32/f3/src/stm32f3xx_hal_dma.o
LOAD ../arch/stm32/f3/src/stm32f3xx_hal_tim_ex.o
LOAD ../arch/stm32/f3/src/stm32f3xx_ll_dma.o
LOAD ../arch/stm32/f3/src/stm32f3xx_hal_i2c_ex.o
LOAD ../arch/stm32/f3/src/stm32f3xx_hal_i2s.o
LOAD ../arch/stm32/f3/src/stm32f3xx_hal_spi.o
LOAD ../arch/stm32/f3/src/stm32f3xx_hal_hrtim.o
LOAD ../arch/stm32/f3/src/stm32f3xx_hal_flash_ex.o
LOAD ../arch/stm32/f3/src/stm32f3xx_hal_irda.o
LOAD ../arch/stm32/f3/src/stm32f3xx_ll_adc.o
LOAD ../arch/stm32/f3/src/stm32f3xx_hal_smartcard.o
LOAD ../arch/stm32/f3/src/stm32f3xx_hal_nand.o
LOAD ../arch/stm32/f3/src/stm32f3xx_hal_gpio.o
LOAD ../arch/stm32/f3/src/stm32f3xx_ll_hrtim.o
LOAD ../arch/stm32/f3/src/stm32f3xx_hal_crc.o
LOAD ../arch/stm32/f3/src/stm32f3xx_ll_gpio.o
LOAD ../arch/stm32/f3/src/stm32f3xx_hal_rcc.o
LOAD ../arch/stm32/f3/src/CMSIS/system_stm32f3xx.o
LOAD ../arch/stm32/f3/src/CMSIS/startup_stm32f303xc.o
LOAD mosfet.o
LOAD user_source/foo.o
LOAD user_source/hal_interface/board_led.o
LOAD user_source/hal_interface/cpu.o
LOAD c:/some_user/sandbox/gcc-arm-none-eabi-5_4-2016q3/bin/../lib/gcc/arm-none-eabi/5.4.1/../../../../arm-none-eabi/lib/armv7e-m/fpu\libm.a
LOAD c:/some_user/sandbox/gcc-arm-none-eabi-5_4-2016q3/bin/../lib/gcc/arm-none-eabi/5.4.1/../../../../arm-none-eabi/lib/armv7e-m/fpu\libc.a
START GROUP
LOAD c:/some_user/sandbox/gcc-arm-none-eabi-5_4-2016q3/bin/../lib/gcc/arm-none-eabi/5.4.1/armv7e-m/fpu\libgcc.a
LOAD c:/some_user/sandbox/gcc-arm-none-eabi-5_4-2016q3/bin/../lib/gcc/arm-none-eabi/5.4.1/../../../../arm-none-eabi/lib/armv7e-m/fpu\libc.a
END GROUP
START GROUP
LOAD c:/some_user/sandbox/gcc-arm-none-eabi-5_4-2016q3/bin/../lib/gcc/arm-none-eabi/5.4.1/armv7e-m/fpu\libgcc.a
LOAD c:/some_user/sandbox/gcc-arm-none-eabi-5_4-2016q3/bin/../lib/gcc/arm-none-eabi/5.4.1/../../../../arm-none-eabi/lib/armv7e-m/fpu\libc.a
LOAD c:/some_user/sandbox/gcc-arm-none-eabi-5_4-2016q3/bin/../lib/gcc/arm-none-eabi/5.4.1/../../../../arm-none-eabi/lib/armv7e-m/fpu\libnosys.a
END GROUP
LOAD c:/some_user/sandbox/gcc-arm-none-eabi-5_4-2016q3/bin/../lib/gcc/arm-none-eabi/5.4.1/armv7e-m/fpu/crtend.o
LOAD c:/some_user/sandbox/gcc-arm-none-eabi-5_4-2016q3/bin/../lib/gcc/arm-none-eabi/5.4.1/armv7e-m/fpu/crtn.o
OUTPUT(mosfet.elf elf32-littlearm)

.debug_info     0x00000000     0x980c
 .debug_info    0x00000000       0xbf ../arch/stm32/f3/src/stm32f3xx_hal_msp.o
 .debug_info    0x000000bf      0xa75 ../arch/stm32/f3/src/stm32f3xx_hal_timebase_tim.o
 .debug_info    0x00000b34      0x6ed ../arch/stm32/f3/src/stm32f3xx_hal.o
 .debug_info    0x00001221     0x3163 ../arch/stm32/f3/src/stm32f3xx_hal_tim.o
 .debug_info    0x00004384      0xe6d ../arch/stm32/f3/src/stm32f3xx_hal_cortex.o
 .debug_info    0x000051f1      0x7d5 ../arch/stm32/f3/src/stm32f3xx_hal_dma.o
 .debug_info    0x000059c6     0x14d4 ../arch/stm32/f3/src/stm32f3xx_hal_tim_ex.o
 .debug_info    0x00006e9a      0x673 ../arch/stm32/f3/src/stm32f3xx_hal_gpio.o
 .debug_info    0x0000750d     0x1341 ../arch/stm32/f3/src/stm32f3xx_hal_rcc.o
 .debug_info    0x0000884e      0x3f2 ../arch/stm32/f3/src/CMSIS/system_stm32f3xx.o
 .debug_info    0x00008c40       0xa7 ../arch/stm32/f3/src/CMSIS/startup_stm32f303xc.o
 .debug_info    0x00008ce7      0x2e2 mosfet.o
 .debug_info    0x00008fc9       0x96 user_source/foo.o
 .debug_info    0x0000905f      0x4b4 user_source/hal_interface/board_led.o
 .debug_info    0x00009513      0x2f9 user_source/hal_interface/cpu.o

.debug_abbrev   0x00000000     0x19aa
 .debug_abbrev  0x00000000       0x70 ../arch/stm32/f3/src/stm32f3xx_hal_msp.o
 .debug_abbrev  0x00000070      0x205 ../arch/stm32/f3/src/stm32f3xx_hal_timebase_tim.o
 .debug_abbrev  0x00000275      0x1d0 ../arch/stm32/f3/src/stm32f3xx_hal.o
 .debug_abbrev  0x00000445      0x333 ../arch/stm32/f3/src/stm32f3xx_hal_tim.o
 .debug_abbrev  0x00000778      0x304 ../arch/stm32/f3/src/stm32f3xx_hal_cortex.o
 .debug_abbrev  0x00000a7c      0x219 ../arch/stm32/f3/src/stm32f3xx_hal_dma.o
 .debug_abbrev  0x00000c95      0x2b6 ../arch/stm32/f3/src/stm32f3xx_hal_tim_ex.o
 .debug_abbrev  0x00000f4b      0x1d7 ../arch/stm32/f3/src/stm32f3xx_hal_gpio.o
 .debug_abbrev  0x00001122      0x2cc ../arch/stm32/f3/src/stm32f3xx_hal_rcc.o
 .debug_abbrev  0x000013ee      0x101 ../arch/stm32/f3/src/CMSIS/system_stm32f3xx.o
 .debug_abbrev  0x000014ef       0x12 ../arch/stm32/f3/src/CMSIS/startup_stm32f303xc.o
 .debug_abbrev  0x00001501      0x12e mosfet.o
 .debug_abbrev  0x0000162f       0x94 user_source/foo.o
 .debug_abbrev  0x000016c3      0x17d user_source/hal_interface/board_led.o
 .debug_abbrev  0x00001840      0x16a user_source/hal_interface/cpu.o

.debug_aranges  0x00000000      0x1e8
 .debug_aranges
                0x00000000       0x20 ../arch/stm32/f3/src/stm32f3xx_hal_msp.o
 .debug_aranges
                0x00000020       0x20 ../arch/stm32/f3/src/stm32f3xx_hal_timebase_tim.o
 .debug_aranges
                0x00000040       0x20 ../arch/stm32/f3/src/stm32f3xx_hal.o
 .debug_aranges
                0x00000060       0x20 ../arch/stm32/f3/src/stm32f3xx_hal_tim.o
 .debug_aranges
                0x00000080       0x20 ../arch/stm32/f3/src/stm32f3xx_hal_cortex.o
 .debug_aranges
                0x000000a0       0x20 ../arch/stm32/f3/src/stm32f3xx_hal_dma.o
 .debug_aranges
                0x000000c0       0x20 ../arch/stm32/f3/src/stm32f3xx_hal_tim_ex.o
 .debug_aranges
                0x000000e0       0x20 ../arch/stm32/f3/src/stm32f3xx_hal_gpio.o
 .debug_aranges
                0x00000100       0x20 ../arch/stm32/f3/src/stm32f3xx_hal_rcc.o
 .debug_aranges
                0x00000120       0x20 ../arch/stm32/f3/src/CMSIS/system_stm32f3xx.o
 .debug_aranges
                0x00000140       0x28 ../arch/stm32/f3/src/CMSIS/startup_stm32f303xc.o
 .debug_aranges
                0x00000168       0x20 mosfet.o
 .debug_aranges
                0x00000188       0x20 user_source/foo.o
 .debug_aranges
                0x000001a8       0x20 user_source/hal_interface/board_led.o
 .debug_aranges
                0x000001c8       0x20 user_source/hal_interface/cpu.o

.debug_line     0x00000000     0x3870
 .debug_line    0x00000000      0x13f ../arch/stm32/f3/src/stm32f3xx_hal_msp.o
 .debug_line    0x0000013f      0x232 ../arch/stm32/f3/src/stm32f3xx_hal_timebase_tim.o
 .debug_line    0x00000371      0x1fe ../arch/stm32/f3/src/stm32f3xx_hal.o
 .debug_line    0x0000056f     0x11be ../arch/stm32/f3/src/stm32f3xx_hal_tim.o
 .debug_line    0x0000172d      0x310 ../arch/stm32/f3/src/stm32f3xx_hal_cortex.o
 .debug_line    0x00001a3d      0x48d ../arch/stm32/f3/src/stm32f3xx_hal_dma.o
 .debug_line    0x00001eca      0x7ba ../arch/stm32/f3/src/stm32f3xx_hal_tim_ex.o
 .debug_line    0x00002684      0x2ff ../arch/stm32/f3/src/stm32f3xx_hal_gpio.o
 .debug_line    0x00002983      0x733 ../arch/stm32/f3/src/stm32f3xx_hal_rcc.o
 .debug_line    0x000030b6      0x18a ../arch/stm32/f3/src/CMSIS/system_stm32f3xx.o
 .debug_line    0x00003240       0x8f ../arch/stm32/f3/src/CMSIS/startup_stm32f303xc.o
 .debug_line    0x000032cf      0x1bf mosfet.o
 .debug_line    0x0000348e       0x44 user_source/foo.o
 .debug_line    0x000034d2      0x1dd user_source/hal_interface/board_led.o
 .debug_line    0x000036af      0x1c1 user_source/hal_interface/cpu.o

.debug_str      0x00000000     0x2951
 .debug_str     0x00000000      0x1b0 ../arch/stm32/f3/src/stm32f3xx_hal_msp.o
                                0x1f1 (size before relaxing)
 .debug_str     0x000001b0      0xa31 ../arch/stm32/f3/src/stm32f3xx_hal_timebase_tim.o
                                0xc2d (size before relaxing)
 .debug_str     0x00000be1      0x1f8 ../arch/stm32/f3/src/stm32f3xx_hal.o
                                0x8e4 (size before relaxing)
 .debug_str     0x00000dd9      0xaa2 ../arch/stm32/f3/src/stm32f3xx_hal_tim.o
                               0x10f9 (size before relaxing)
 .debug_str     0x0000187b      0x3dd ../arch/stm32/f3/src/stm32f3xx_hal_cortex.o
                                0xb71 (size before relaxing)
 .debug_str     0x00001c58      0x231 ../arch/stm32/f3/src/stm32f3xx_hal_dma.o
                                0x651 (size before relaxing)
 .debug_str     0x00001e89      0x4c1 ../arch/stm32/f3/src/stm32f3xx_hal_tim_ex.o
                                0xd17 (size before relaxing)
 .debug_str     0x0000234a      0x1cd ../arch/stm32/f3/src/stm32f3xx_hal_gpio.o
                                0x46a (size before relaxing)
 .debug_str     0x00002517      0x29d ../arch/stm32/f3/src/stm32f3xx_hal_rcc.o
                                0x687 (size before relaxing)
 .debug_str     0x000027b4       0x6e ../arch/stm32/f3/src/CMSIS/system_stm32f3xx.o
                                0x316 (size before relaxing)
 .debug_str     0x00002822       0x61 mosfet.o
                                0x29f (size before relaxing)
 .debug_str     0x00002883       0x2d user_source/foo.o
                                0x12f (size before relaxing)
 .debug_str     0x000028b0       0x60 user_source/hal_interface/board_led.o
                                0x378 (size before relaxing)
 .debug_str     0x00002910       0x41 user_source/hal_interface/cpu.o
                                0x386 (size before relaxing)

.comment        0x00000000       0x6e
 .comment       0x00000000       0x6e ../arch/stm32/f3/src/stm32f3xx_hal_msp.o
                                 0x6f (size before relaxing)
 .comment       0x0000006e       0x6f ../arch/stm32/f3/src/stm32f3xx_hal_timebase_tim.o
 .comment       0x0000006e       0x6f ../arch/stm32/f3/src/stm32f3xx_hal.o
 .comment       0x0000006e       0x6f ../arch/stm32/f3/src/stm32f3xx_hal_tim.o
 .comment       0x0000006e       0x6f ../arch/stm32/f3/src/stm32f3xx_hal_cortex.o
 .comment       0x0000006e       0x6f ../arch/stm32/f3/src/stm32f3xx_hal_dma.o
 .comment       0x0000006e       0x6f ../arch/stm32/f3/src/stm32f3xx_hal_tim_ex.o
 .comment       0x0000006e       0x6f ../arch/stm32/f3/src/stm32f3xx_hal_gpio.o
 .comment       0x0000006e       0x6f ../arch/stm32/f3/src/stm32f3xx_hal_rcc.o
 .comment       0x0000006e       0x6f ../arch/stm32/f3/src/CMSIS/system_stm32f3xx.o
 .comment       0x0000006e       0x6f mosfet.o
 .comment       0x0000006e       0x6f user_source/foo.o
 .comment       0x0000006e       0x6f user_source/hal_interface/board_led.o
 .comment       0x0000006e       0x6f user_source/hal_interface/cpu.o

.debug_frame    0x00000000     0x164c
 .debug_frame   0x00000000       0x50 ../arch/stm32/f3/src/stm32f3xx_hal_msp.o
 .debug_frame   0x00000050       0x74 ../arch/stm32/f3/src/stm32f3xx_hal_timebase_tim.o
 .debug_frame   0x000000c4      0x168 ../arch/stm32/f3/src/stm32f3xx_hal.o
 .debug_frame   0x0000022c      0x964 ../arch/stm32/f3/src/stm32f3xx_hal_tim.o
 .debug_frame   0x00000b90      0x188 ../arch/stm32/f3/src/stm32f3xx_hal_cortex.o
 .debug_frame   0x00000d18      0x18c ../arch/stm32/f3/src/stm32f3xx_hal_dma.o
 .debug_frame   0x00000ea4      0x410 ../arch/stm32/f3/src/stm32f3xx_hal_tim_ex.o
 .debug_frame   0x000012b4       0xf8 ../arch/stm32/f3/src/stm32f3xx_hal_gpio.o
 .debug_frame   0x000013ac      0x168 ../arch/stm32/f3/src/stm32f3xx_hal_rcc.o
 .debug_frame   0x00001514       0x3c ../arch/stm32/f3/src/CMSIS/system_stm32f3xx.o
 .debug_frame   0x00001550       0x28 mosfet.o
 .debug_frame   0x00001578       0x30 user_source/foo.o
 .debug_frame   0x000015a8       0x64 user_source/hal_interface/board_led.o
 .debug_frame   0x0000160c       0x40 user_source/hal_interface/cpu.o

.debug_loc      0x00000000     0x76c2
 .debug_loc     0x00000000       0xd1 ../arch/stm32/f3/src/stm32f3xx_hal_timebase_tim.o
 .debug_loc     0x000000d1       0x4b ../arch/stm32/f3/src/stm32f3xx_hal.o
 .debug_loc     0x0000011c     0x4284 ../arch/stm32/f3/src/stm32f3xx_hal_tim.o
 .debug_loc     0x000043a0      0x658 ../arch/stm32/f3/src/stm32f3xx_hal_cortex.o
 .debug_loc     0x000049f8      0x6f1 ../arch/stm32/f3/src/stm32f3xx_hal_dma.o
 .debug_loc     0x000050e9     0x1642 ../arch/stm32/f3/src/stm32f3xx_hal_tim_ex.o
 .debug_loc     0x0000672b      0x3cc ../arch/stm32/f3/src/stm32f3xx_hal_gpio.o
 .debug_loc     0x00006af7      0x905 ../arch/stm32/f3/src/stm32f3xx_hal_rcc.o
 .debug_loc     0x000073fc      0x11a ../arch/stm32/f3/src/CMSIS/system_stm32f3xx.o
 .debug_loc     0x00007516       0x44 mosfet.o
 .debug_loc     0x0000755a       0x4e user_source/foo.o
 .debug_loc     0x000075a8       0xae user_source/hal_interface/board_led.o
 .debug_loc     0x00007656       0x6c user_source/hal_interface/cpu.o

.debug_ranges   0x00000000      0x650
 .debug_ranges  0x00000000       0x18 ../arch/stm32/f3/src/stm32f3xx_hal_timebase_tim.o
 .debug_ranges  0x00000018      0x230 ../arch/stm32/f3/src/stm32f3xx_hal_tim.o
 .debug_ranges  0x00000248       0xe0 ../arch/stm32/f3/src/stm32f3xx_hal_cortex.o
 .debug_ranges  0x00000328       0xb0 ../arch/stm32/f3/src/stm32f3xx_hal_dma.o
 .debug_ranges  0x000003d8       0x18 ../arch/stm32/f3/src/stm32f3xx_hal_gpio.o
 .debug_ranges  0x000003f0      0x1f0 ../arch/stm32/f3/src/stm32f3xx_hal_rcc.o
 .debug_ranges  0x000005e0       0x20 ../arch/stm32/f3/src/CMSIS/startup_stm32f303xc.o
 .debug_ranges  0x00000600       0x10 mosfet.o
 .debug_ranges  0x00000610       0x40 user_source/hal_interface/board_led.o
