Archive member included to satisfy reference by file (symbol)

c:/some_user/sandbox/gcc-arm-none-eabi-5_4-2016q3/bin/../lib/gcc/arm-none-eabi/5.4.1/../../../../arm-none-eabi/lib/armv7e-m/fpu\libc.a(lib_a-exit.o)
                              c:/some_user/sandbox/gcc-arm-none-eabi-5_4-2016q3/bin/../lib/gcc/arm-none-eabi/5.4.1/../../../../arm-none-eabi/lib/armv7e-m/fpu/crt0.o (exit)
c:/some_user/sandbox/gcc-arm-none-eabi-5_4-2016q3/bin/../lib/gcc/arm-none-eabi/5.4.1/../../../../arm-none-eabi/lib/armv7e-m/fpu\libc.a(lib_a-impure.o)
                              c:/some_user/sandbox/gcc-arm-none-eabi-5_4-2016q3/bin/../lib/gcc/arm-none-eabi/5.4.1/../../../../arm-none-eabi/lib/armv7e-m/fpu\libc.a(lib_a-exit.o) (_global_impure_ptr)
c:/some_user/sandbox/gcc-arm-none-eabi-5_4-2016q3/bin/../lib/gcc/arm-none-eabi/5.4.1/../../../../arm-none-eabi/lib/armv7e-m/fpu\libc.a(lib_a-init.o)
                              c:/some_user/sandbox/gcc-arm-none-eabi-5_4-2016q3/bin/../lib/gcc/arm-none-eabi/5.4.1/../../../../arm-none-eabi/lib/armv7e-m/fpu/crt0.o (__libc_init_array)
c:/some_user/sandbox/gcc-arm-none-eabi-5_4-2016q3/bin/../lib/gcc/arm-none-eabi/5.4.1/../../../../arm-none-eabi/lib/armv7e-m/fpu\libc.a(lib_a-memset.o)
                              c:/some_user/sandbox/gcc-arm-none-eabi-5_4-2016q3/bin/../lib/gcc/arm-none-eabi/5.4.1/../../../../arm-none-eabi/lib/armv7e-m/fpu/crt0.o (memset)
c:/some_user/sandbox/gcc-arm-none-eabi-5_4-2016q3/bin/../lib/gcc/arm-none-eabi/5.4.1/../../../../arm-none-eabi/lib/armv7e-m/fpu\libc.a(lib_a-__call_atexit.o)
                              c:/some_user/sandbox/gcc-arm-none-eabi-5_4-2016q3/bin/../lib/gcc/arm-none-eabi/5.4.1/../../../../arm-none-eabi/lib/armv7e-m/fpu\libc.a(lib_a-exit.o) (__call_exitprocs)
c:/some_user/sandbox/gcc-arm-none-eabi-5_4-2016q3/bin/../lib/gcc/arm-none-eabi/5.4.1/../../../../arm-none-eabi/lib/armv7e-m/fpu\libc.a(lib_a-atexit.o)
                              c:/some_user/sandbox/gcc-arm-none-eabi-5_4-2016q3/bin/../lib/gcc/arm-none-eabi/5.4.1/../../../../arm-none-eabi/lib/armv7e-m/fpu\libc.a(lib_a-__call_atexit.o) (atexit)
c:/some_user/sandbox/gcc-arm-none-eabi-5_4-2016q3/bin/../lib/gcc/arm-none-eabi/5.4.1/../../../../arm-none-eabi/lib/armv7e-m/fpu\libc.a(lib_a-fini.o)
                              c:/some_user/sandbox/gcc-arm-none-eabi-5_4-2016q3/bin/../lib/gcc/arm-none-eabi/5.4.1/../../../../arm-none-eabi/lib/armv7e-m/fpu\libc.a(lib_a-__call_atexit.o) (__libc_fini_array)
c:/some_user/sandbox/gcc-arm-none-eabi-5_4-2016q3/bin/../lib/gcc/arm-none-eabi/5.4.1/../../../../arm-none-eabi/lib/armv7e-m/fpu\libc.a(lib_a-__atexit.o)
                              c:/some_user/sandbox/gcc-arm-none-eabi-5_4-2016q3/bin/../lib/gcc/arm-none-eabi/5.4.1/../../../../arm-none-eabi/lib/armv7e-m/fpu\libc.a(lib_a-atexit.o) (__register_exitproc)
c:/some_user/sandbox/gcc-arm-none-eabi-5_4-2016q3/bin/../lib/gcc/arm-none-eabi/5.4.1/../../../../arm-none-eabi/lib/armv7e-m/fpu\libm.a(lib_a-sf_round.o)
                              ethylene.o (roundf)
c:/some_user/sandbox/gcc-arm-none-eabi-5_4-2016q3/bin/../lib/gcc/arm-none-eabi/5.4.1/../../../../arm-none-eabi/lib/armv7e-m/fpu\libc.a(lib_a-printf.o)
                              ethylene.o (printf)
c:/some_user/sandbox/gcc-arm-none-eabi-5_4-2016q3/bin/../lib/gcc/arm-none-eabi/5.4.1/../../../../arm-none-eabi/lib/armv7e-m/fpu\libc.a(lib_a-puts.o)
                              ethylene.o (puts)
c:/some_user/sandbox/gcc-arm-none-eabi-5_4-2016q3/bin/../lib/gcc/arm-none-eabi/5.4.1/../../../../arm-none-eabi/lib/armv7e-m/fpu\libc.a(lib_a-reent.o)
                              user_source/hal_interface/newlib_stubs.o (errno)
c:/some_user/sandbox/gcc-arm-none-eabi-5_4-2016q3/bin/../lib/gcc/arm-none-eabi/5.4.1/../../../../arm-none-eabi/lib/armv7e-m/fpu\libc.a(lib_a-setvbuf.o)
                              ethylene.o (setvbuf)
c:/some_user/sandbox/gcc-arm-none-eabi-5_4-2016q3/bin/../lib/gcc/arm-none-eabi/5.4.1/../../../../arm-none-eabi/lib/armv7e-m/fpu\libc.a(lib_a-strlen.o)
                              c:/some_user/sandbox/gcc-arm-none-eabi-5_4-2016q3/bin/../lib/gcc/arm-none-eabi/5.4.1/../../../../arm-none-eabi/lib/armv7e-m/fpu\libc.a(lib_a-puts.o) (strlen)
c:/some_user/sandbox/gcc-arm-none-eabi-5_4-2016q3/bin/../lib/gcc/arm-none-eabi/5.4.1/../../../../arm-none-eabi/lib/armv7e-m/fpu\libc.a(lib_a-vfprintf.o)
                              c:/some_user/sandbox/gcc-arm-none-eabi-5_4-2016q3/bin/../lib/gcc/arm-none-eabi/5.4.1/../../../../arm-none-eabi/lib/armv7e-m/fpu\libc.a(lib_a-printf.o) (_vfprintf_r)
c:/some_user/sandbox/gcc-arm-none-eabi-5_4-2016q3/bin/../lib/gcc/arm-none-eabi/5.4.1/../../../../arm-none-eabi/lib/armv7e-m/fpu\libc.a(lib_a-wsetup.o)
                              c:/some_user/sandbox/gcc-arm-none-eabi-5_4-2016q3/bin/../lib/gcc/arm-none-eabi/5.4.1/../../../../arm-none-eabi/lib/armv7e-m/fpu\libc.a(lib_a-vfprintf.o) (__swsetup_r)
[...]
Memory Configuration

Name             Origin             Length             Attributes
FLASH            0x08000000         0x00040000         xr
RAM              0x20000000         0x0000a000         xrw
CCMRAM           0x10000000         0x00002000         rw
*default*        0x00000000         0xffffffff

Linker script and memory map

LOAD c:/some_user/sandbox/gcc-arm-none-eabi-5_4-2016q3/bin/../lib/gcc/arm-none-eabi/5.4.1/armv7e-m/fpu/crti.o
LOAD c:/some_user/sandbox/gcc-arm-none-eabi-5_4-2016q3/bin/../lib/gcc/arm-none-eabi/5.4.1/armv7e-m/fpu/crtbegin.o
LOAD c:/some_user/sandbox/gcc-arm-none-eabi-5_4-2016q3/bin/../lib/gcc/arm-none-eabi/5.4.1/../../../../arm-none-eabi/lib/armv7e-m/fpu/crt0.o
                0x2000a000                _estack = 0x2000a000
                0x00000200                _Min_Heap_Size = 0x200
                0x00000400                _Min_Stack_Size = 0x400

.isr_vector     0x08000000      0x188
                0x08000000                . = ALIGN (0x4)
 *(.isr_vector)
 .isr_vector    0x08000000      0x188 ../arch/stm32/f3/src/CMSIS/startup_stm32f303xc.o
                0x08000000                g_pfnVectors
                0x08000188                . = ALIGN (0x4)

.text           0x080001c0     0xe018
                0x080001c0                . = ALIGN (0x4)
 *(.text)
 .text          0x080001c0       0x5c c:/some_user/sandbox/gcc-arm-none-eabi-5_4-2016q3/bin/../lib/gcc/arm-none-eabi/5.4.1/armv7e-m/fpu/crtbegin.o
 .text          0x0800021c       0x5c ../arch/stm32/f3/src/stm32f3xx_hal_adc.o
                0x08000224                HAL_ADC_MspInit
                0x08000228                HAL_ADC_MspDeInit
                0x08000258                HAL_ADC_ConvCpltCallback
                0x0800025c                HAL_ADC_ConvHalfCpltCallback
                0x08000260                HAL_ADC_LevelOutOfWindowCallback
                0x08000264                HAL_ADC_ErrorCallback
                0x08000270                HAL_ADC_GetState
                0x08000274                HAL_ADC_GetError
 .text          0x08000278     0x2584 ../arch/stm32/f3/src/stm32f3xx_hal_adc_ex.o
                0x08000494                HAL_ADC_Init
                0x08000720                HAL_ADC_DeInit
                0x080008e0                HAL_ADC_Start
                0x08000a24                HAL_ADC_Stop
                0x08000a68                HAL_ADC_PollForConversion
                0x08000ba0                HAL_ADC_PollForEvent
                0x08000c54                HAL_ADC_Start_IT
                0x08000dc8                HAL_ADC_Stop_IT
                0x08000e14                HAL_ADC_Start_DMA
                0x08000f68                HAL_ADC_Stop_DMA
                0x08000fe8                HAL_ADC_GetValue
                0x08000ff0                HAL_ADCEx_Calibration_Start
                0x0800107c                HAL_ADCEx_Calibration_GetValue
                0x08001090                HAL_ADCEx_Calibration_SetValue
                0x080010f8                HAL_ADCEx_InjectedStart
                0x08001214                HAL_ADCEx_InjectedStop
                0x08001284                HAL_ADCEx_InjectedPollForConversion
                0x08001354                HAL_ADCEx_InjectedStart_IT
                0x0800149c                HAL_ADCEx_InjectedStop_IT
                0x08001514                HAL_ADCEx_MultiModeStart_DMA
                0x08001618                HAL_ADCEx_MultiModeStop_DMA
                0x08001710                HAL_ADCEx_MultiModeGetValue
                0x0800173c                HAL_ADCEx_InjectedGetValue
                0x08001768                HAL_ADCEx_RegularStop
                0x080017c0                HAL_ADCEx_RegularStop_IT
                0x08001820                HAL_ADCEx_RegularStop_DMA
                0x080018b4                HAL_ADCEx_RegularMultiModeStop_DMA
                0x080019bc                HAL_ADCEx_InjectedConvCpltCallback
                0x080019c0                HAL_ADCEx_InjectedQueueOverflowCallback
                0x080019c4                HAL_ADCEx_LevelOutOfWindow2Callback
                0x080019c8                HAL_ADCEx_LevelOutOfWindow3Callback
                0x080019cc                HAL_ADC_IRQHandler
                0x08001d54                HAL_ADC_ConfigChannel
                0x080020c8                HAL_ADCEx_InjectedConfigChannel
                0x08002558                HAL_ADC_AnalogWDGConfig
                0x080026d8                HAL_ADCEx_MultiModeConfigChannel
 .text          0x080027fc       0x10 ../arch/stm32/f3/src/stm32f3xx_hal_msp.o
                0x080027fc                HAL_MspInit
                0x08002800                HAL_MspDeInit
                0x08002804                HAL_PPP_MspInit
                0x08002808                HAL_PPP_MspDeInit
 .text          0x0800280c       0xc0 ../arch/stm32/f3/src/stm32f3xx_hal_timebase_tim.o
                0x0800280c                HAL_InitTick
                0x08002894                HAL_SuspendTick
                0x080028a8                HAL_ResumeTick
                0x080028bc                HAL_TIM_PeriodElapsedCallback
                0x080028c0                TIM6_DAC_IRQHandler
 .text          0x080028cc     0x12d8 ../arch/stm32/f3/src/stm32f3xx_hal_uart.o
                0x080028d0                HAL_UART_MspDeInit
                0x080028d4                HAL_UART_DeInit
                0x0800290c                HAL_UART_Transmit_IT
                0x08002954                HAL_UART_Receive_IT
                0x080029d4                HAL_UART_Transmit_DMA
                0x08002a50                HAL_UART_Receive_DMA
                0x08002ad4                HAL_UART_DMAPause
                0x08002b34                HAL_UART_DMAResume
                0x08002b9c                HAL_UART_DMAStop
                0x08002c14                HAL_UART_Abort
                0x08002c80                HAL_UART_AbortTransmit
                0x08002cb8                HAL_UART_AbortReceive
                0x08002cfc                HAL_UART_TxCpltCallback
                0x08002d2c                HAL_UART_TxHalfCpltCallback
                0x08002d3c                HAL_UART_RxCpltCallback
                0x08002d78                HAL_UART_RxHalfCpltCallback
                0x08002d88                HAL_UART_ErrorCallback
                0x08002e0c                HAL_UART_AbortCpltCallback
                0x08002e10                HAL_UART_Abort_IT
                0x08002f38                HAL_UART_AbortTransmitCpltCallback
                0x08002f3c                HAL_UART_AbortTransmit_IT
                0x08002fb8                HAL_UART_AbortReceiveCpltCallback
                0x08002fbc                HAL_UART_AbortReceive_IT
                0x08003050                HAL_MultiProcessor_EnterMuteMode
                0x0800305c                HAL_HalfDuplex_EnableTransmitter
                0x08003098                HAL_HalfDuplex_EnableReceiver
                0x080030d4                HAL_LIN_SendBreak
                0x08003108                HAL_UART_GetState
                0x08003114                HAL_UART_GetError
                0x08003118                UART_SetConfig
                0x08003388                UART_AdvFeatureConfig
                0x08003438                UART_WaitOnFlagUntilTimeout
                0x080034a0                HAL_UART_Transmit
                0x08003558                HAL_UART_Receive
                0x08003640                UART_CheckIdleState
                0x080036b0                HAL_UART_Init
                0x0800371c                HAL_HalfDuplex_Init
                0x08003794                HAL_LIN_Init
                0x08003824                HAL_MultiProcessor_Init
                0x080038b4                HAL_MultiProcessor_EnableMuteMode
                0x080038e4                HAL_MultiProcessor_DisableMuteMode
                0x08003914                UART_Transmit_IT
                0x0800397c                UART_EndTransmit_IT
                0x08003998                UART_Receive_IT
                0x08003a10                HAL_UART_IRQHandler
                0x08003b70                UART_Wakeup_AddressConfig
 .text          0x08003ba4      0x158 ../arch/stm32/f3/src/stm32f3xx_hal.o
                0x08003bac                HAL_DeInit
                0x08003bfc                HAL_Init
                0x08003c20                HAL_IncTick
                0x08003c30                HAL_GetTick
                0x08003c3c                HAL_Delay
                0x08003c78                HAL_GetHalVersion
                0x08003c80                HAL_GetREVID
                0x08003c8c                HAL_GetDEVID
                0x08003c9c                HAL_DBGMCU_EnableDBGSleepMode
                0x08003cac                HAL_DBGMCU_DisableDBGSleepMode
                0x08003cbc                HAL_DBGMCU_EnableDBGStopMode
                0x08003ccc                HAL_DBGMCU_DisableDBGStopMode
                0x08003cdc                HAL_DBGMCU_EnableDBGStandbyMode
                0x08003cec                HAL_DBGMCU_DisableDBGStandbyMode
 .text          0x08003cfc     0x2160 ../arch/stm32/f3/src/stm32f3xx_hal_tim.o
                0x08003db0                HAL_TIM_Base_MspInit
                0x08003db4                HAL_TIM_Base_MspDeInit
                0x08003db8                HAL_TIM_Base_DeInit
                0x08003df4                HAL_TIM_Base_Start
                0x08003e14                HAL_TIM_Base_Stop
                0x08003e44                HAL_TIM_Base_Start_IT
                0x08003e5c                HAL_TIM_Base_Stop_IT
                0x08003e88                HAL_TIM_Base_Start_DMA
                0x08003ee4                HAL_TIM_Base_Stop_DMA
                0x08003f14                HAL_TIM_OC_MspInit
                0x08003f18                HAL_TIM_OC_MspDeInit
                0x08003f1c                HAL_TIM_OC_DeInit
                0x08003f58                HAL_TIM_OC_Stop
                0x08003fe4                HAL_TIM_PWM_MspDeInit
                0x08003fe8                HAL_TIM_PWM_DeInit
                0x08004024                HAL_TIM_PWM_Start
                0x08004084                HAL_TIM_OC_Start
                0x08004088                HAL_TIM_PWM_Stop
                0x08004114                HAL_TIM_PWM_Start_IT
                0x080041bc                HAL_TIM_OC_Start_IT
                0x080041c0                HAL_TIM_PWM_Stop_IT
                0x08004290                HAL_TIM_OC_Stop_IT
                0x08004294                HAL_TIM_PWM_Start_DMA
                0x080043c4                HAL_TIM_OC_Start_DMA
                0x080043c8                HAL_TIM_PWM_Stop_DMA
                0x0800449c                HAL_TIM_OC_Stop_DMA
                0x080044a0                HAL_TIM_IC_MspInit
                0x080044a4                HAL_TIM_IC_MspDeInit
                0x080044a8                HAL_TIM_IC_DeInit
                0x080044e4                HAL_TIM_IC_Start
                0x08004508                HAL_TIM_IC_Stop
                0x0800453c                HAL_TIM_IC_Start_IT
                0x080045a4                HAL_TIM_IC_Stop_IT
                0x08004620                HAL_TIM_IC_Start_DMA
                0x08004704                HAL_TIM_IC_Stop_DMA
                0x0800478c                HAL_TIM_OnePulse_MspInit
                0x08004790                HAL_TIM_OnePulse_MspDeInit
                0x08004794                HAL_TIM_OnePulse_DeInit
                0x080047d0                HAL_TIM_OnePulse_Start
                0x08004830                HAL_TIM_OnePulse_Stop
                0x080048b8                HAL_TIM_OnePulse_Start_IT
                0x08004928                HAL_TIM_OnePulse_Stop_IT
                0x080049c0                HAL_TIM_Encoder_MspInit
                0x080049c4                HAL_TIM_Encoder_MspDeInit
                0x080049c8                HAL_TIM_Encoder_DeInit
                0x08004a04                HAL_TIM_Encoder_Start
                0x08004a50                HAL_TIM_Encoder_Stop
                0x08004aa4                HAL_TIM_Encoder_Start_IT
                0x08004b24                HAL_TIM_Encoder_Stop_IT
                0x08004ba4                HAL_TIM_Encoder_Start_DMA
                0x08004cec                HAL_TIM_Encoder_Stop_DMA
                0x08004d6c                HAL_TIM_DMABurst_WriteStart
                0x08004e50                HAL_TIM_DMABurst_ReadStart
                0x08004f34                HAL_TIM_DMABurst_ReadStop
                0x08004fac                HAL_TIM_DMABurst_WriteStop
                0x08004fb0                HAL_TIM_GenerateEvent
                0x080050a8                HAL_TIM_ConfigClockSource
                0x08005238                HAL_TIM_ConfigTI1Input
                0x08005248                HAL_TIM_SlaveConfigSynchronization
                0x08005288                HAL_TIM_SlaveConfigSynchronization_IT
                0x080052c8                HAL_TIM_ReadCapturedValue
                0x0800533c                HAL_TIM_OC_DelayElapsedCallback
                0x08005340                HAL_TIM_IC_CaptureCallback
                0x08005344                TIM_DMACaptureCplt
                0x08005390                HAL_TIM_PWM_PulseFinishedCallback
                0x08005394                TIM_DMADelayPulseCplt
                0x080053e0                HAL_TIM_TriggerCallback
                0x080053e4                HAL_TIM_IRQHandler
                0x08005548                HAL_TIM_ErrorCallback
                0x0800554c                TIM_DMAError
                0x0800555c                HAL_TIM_Base_GetState
                0x08005564                HAL_TIM_OC_GetState
                0x0800556c                HAL_TIM_PWM_GetState
                0x08005574                HAL_TIM_IC_GetState
                0x0800557c                HAL_TIM_OnePulse_GetState
                0x08005584                HAL_TIM_Encoder_GetState
                0x0800558c                TIM_Base_SetConfig
                0x08005664                HAL_TIM_Base_Init
                0x0800569c                HAL_TIM_OC_Init
                0x080056d4                HAL_TIM_PWM_Init
                0x0800570c                HAL_TIM_IC_Init
                0x08005744                HAL_TIM_OnePulse_Init
                0x0800578c                HAL_TIM_Encoder_Init
                0x08005838                TIM_OC1_SetConfig
                0x080058b8                TIM_OC2_SetConfig
                0x0800593c                TIM_OC3_SetConfig
                0x080059bc                TIM_OC4_SetConfig
                0x08005b60                TIM_TI1_SetConfig
                0x08005bc8                HAL_TIM_IC_ConfigChannel
                0x08005d00                HAL_TIM_OnePulse_ConfigChannel
                0x08005e24                TIM_ETR_SetConfig
                0x08005e3c                TIM_CCxChannelCmd
 .text          0x08005e5c      0x1b0 ../arch/stm32/f3/src/stm32f3xx_hal_uart_ex.o
                0x08005e5c                HAL_RS485Ex_Init
                0x08005eec                HAL_UARTEx_WakeupCallback
                0x08005ef0                HAL_UARTEx_StopModeWakeUpSourceConfig
                0x08005f70                HAL_UARTEx_EnableStopMode
                0x08005fa4                HAL_UARTEx_DisableStopMode
                0x08005fd8                HAL_MultiProcessorEx_AddressLength_Set
 .text          0x0800600c      0x2b0 ../arch/stm32/f3/src/stm32f3xx_hal_cortex.o
                0x0800600c                HAL_NVIC_SetPriorityGrouping
                0x08006030                HAL_NVIC_SetPriority
                0x080060a0                HAL_NVIC_EnableIRQ
                0x080060b8                HAL_NVIC_DisableIRQ
                0x080060d4                HAL_NVIC_SystemReset
                0x080060f8                HAL_SYSTICK_Config
                0x0800612c                HAL_MPU_Disable
                0x08006148                HAL_MPU_Enable
                0x08006164                HAL_MPU_ConfigRegion
                0x080061b8                HAL_NVIC_GetPriorityGrouping
                0x080061c8                HAL_NVIC_GetPriority
                0x08006228                HAL_NVIC_SetPendingIRQ
                0x08006244                HAL_NVIC_GetPendingIRQ
                0x08006260                HAL_NVIC_ClearPendingIRQ
                0x0800627c                HAL_NVIC_GetActive
                0x08006298                HAL_SYSTICK_CLKSourceConfig
                0x080062b0                HAL_SYSTICK_Callback
                0x080062b4                HAL_SYSTICK_IRQHandler
 .text          0x080062bc      0x490 ../arch/stm32/f3/src/stm32f3xx_hal_dma.o
                0x080062bc                HAL_DMA_Init
                0x0800634c                HAL_DMA_DeInit
                0x080063c0                HAL_DMA_Start
                0x08006424                HAL_DMA_Start_IT
                0x080064a8                HAL_DMA_Abort
                0x080064dc                HAL_DMA_Abort_IT
                0x08006524                HAL_DMA_PollForTransfer
                0x080065f8                HAL_DMA_IRQHandler
                0x08006690                HAL_DMA_RegisterCallback
                0x080066e4                HAL_DMA_UnRegisterCallback
                0x08006740                HAL_DMA_GetState
                0x08006748                HAL_DMA_GetError
 .text          0x0800674c      0xc84 ../arch/stm32/f3/src/stm32f3xx_hal_tim_ex.o
                0x0800682c                HAL_TIMEx_HallSensor_MspInit
                0x08006830                HAL_TIMEx_HallSensor_Init
                0x080068e8                HAL_TIMEx_HallSensor_MspDeInit
                0x080068ec                HAL_TIMEx_HallSensor_DeInit
                0x08006928                HAL_TIMEx_HallSensor_Start
                0x08006944                HAL_TIMEx_HallSensor_Stop
                0x08006974                HAL_TIMEx_HallSensor_Start_IT
                0x08006998                HAL_TIMEx_HallSensor_Stop_IT
                0x080069d0                HAL_TIMEx_HallSensor_Start_DMA
                0x08006a3c                HAL_TIMEx_HallSensor_Stop_DMA
                0x08006a74                HAL_TIMEx_PWMN_Start
                0x08006aa0                HAL_TIMEx_OCN_Start
                0x08006aa4                HAL_TIMEx_PWMN_Start_IT
                0x08006b1c                HAL_TIMEx_OCN_Start_IT
                0x08006b20                HAL_TIMEx_PWMN_Stop_IT
                0x08006bc8                HAL_TIMEx_OCN_Stop_IT
                0x08006bcc                HAL_TIMEx_PWMN_Start_DMA
                0x08006ccc                HAL_TIMEx_OCN_Start_DMA
                0x08006cd0                HAL_TIMEx_PWMN_Stop_DMA
                0x08006d74                HAL_TIMEx_OCN_Stop_DMA
                0x08006d78                HAL_TIMEx_OnePulseN_Start
                0x08006d9c                HAL_TIMEx_OnePulseN_Stop
                0x08006df0                HAL_TIMEx_PWMN_Stop
                0x08006df4                HAL_TIMEx_OCN_Stop
                0x08006df8                HAL_TIMEx_OnePulseN_Start_IT
                0x08006e2c                HAL_TIMEx_OnePulseN_Stop_IT
                0x08006e90                HAL_TIMEx_ConfigCommutationEvent
                0x08006ee0                HAL_TIMEx_ConfigCommutationEvent_IT
                0x08006f38                HAL_TIMEx_ConfigCommutationEvent_DMA
                0x08006fa0                HAL_TIM_OC_ConfigChannel
                0x08007018                HAL_TIM_PWM_ConfigChannel
                0x08007140                HAL_TIMEx_MasterConfigSynchronization
                0x08007194                HAL_TIMEx_ConfigBreakDeadTime
                0x08007220                HAL_TIMEx_RemapConfig
                0x0800724c                HAL_TIMEx_GroupChannel5
                0x08007284                HAL_TIM_ConfigOCrefClear
                0x080073b0                HAL_TIMEx_CommutationCallback
                0x080073b4                TIMEx_DMACommutationCplt
                0x080073c4                HAL_TIMEx_BreakCallback
                0x080073c8                HAL_TIMEx_HallSensor_GetState
 .text          0x080073d0      0x36c ../arch/stm32/f3/src/stm32f3xx_hal_gpio.o
                0x080073d0                HAL_GPIO_Init
                0x080075a8                HAL_GPIO_DeInit
                0x080076d4                HAL_GPIO_ReadPin
                0x080076e0                HAL_GPIO_WritePin
                0x080076ec                HAL_GPIO_TogglePin
                0x080076f4                HAL_GPIO_LockPin
                0x08007720                HAL_GPIO_EXTI_Callback
                0x08007724                HAL_GPIO_EXTI_IRQHandler
 .text          0x0800773c      0x9e8 ../arch/stm32/f3/src/stm32f3xx_hal_rcc.o
                0x0800773c                HAL_RCC_DeInit
                0x0800778c                HAL_RCC_OscConfig
                0x08007d38                HAL_RCC_MCOConfig
                0x08007d84                HAL_RCC_EnableCSS
                0x08007da0                HAL_RCC_DisableCSS
                0x08007dbc                HAL_RCC_GetSysClockFreq
                0x08007e28                HAL_RCC_ClockConfig
                0x08007fb4                HAL_RCC_GetHCLKFreq
                0x08007fc0                HAL_RCC_GetPCLK1Freq
                0x08007ff0                HAL_RCC_GetPCLK2Freq
                0x08008020                HAL_RCC_GetOscConfig
                0x080080bc                HAL_RCC_GetClockConfig
                0x08008100                HAL_RCC_CSSCallback
                0x08008104                HAL_RCC_NMI_IRQHandler
 .text          0x08008124       0xd0 ../arch/stm32/f3/src/CMSIS/system_stm32f3xx.o
                0x08008124                SystemInit
                0x08008194                SystemCoreClockUpdate
 .text          0x080081f4       0x10 user_source/foo.o
                0x080081f4                foo
                0x080081f8                TEST_FOO
 .text          0x08008204       0x58 user_source/uart.o
                0x08008204                uart_debug_init
                0x0800820c                uart_init
                0x08008214                uart_get_byte_blocking
                0x08008218                uart_send_byte_blocking
                0x0800821c                uart_get_data_blocking
                0x0800823c                uart_send_data_blocking
 .text          0x0800825c       0x74 user_source/hal_interface/uart_hal.o
                0x0800825c                uart_hal_init
                0x0800829c                uart_hal_send_byte_blocking
                0x080082b4                uart_hal_get_byte_blocking
 .text          0x080082d0       0x68 user_source/hal_interface/cpu.o
                0x080082d0                cpu_init
                0x08008320                cpu_sw_delay
 .text          0x08008338      0x190 user_source/hal_interface/newlib_stubs.o
                0x08008338                _exit
                0x08008354                _close
                0x0800835c                _execve
                0x0800836c                _fork
                0x0800837c                _fstat
                0x08008388                _getpid
                0x0800838c                _isatty
                0x080083a4                _kill
                0x080083b4                _link
                0x080083c4                _lseek
                0x080083c8                _read
                0x080083fc                _stat
                0x08008408                _times
                0x08008410                _unlink
                0x08008420                _wait
                0x08008430                _write
                0x08008480                _sbrk
 .text          0x080084c8       0xd4 user_source/hal_interface/cube_hal_msp.o
                0x080084c8                HAL_UART_MspInit
                0x08008544                HAL_TIM_PWM_MspInit
 *fill*         0x0800859c       0x24 
 .text          0x080085c0       0xdc c:/some_user/sandbox/gcc-arm-none-eabi-5_4-2016q3/bin/../lib/gcc/arm-none-eabi/5.4.1/../../../../arm-none-eabi/lib/armv7e-m/fpu\libc.a(lib_a-strlen.o)
                0x080085c0                strlen
 *fill*         0x0800869c        0x4 
 .text          0x080086a0       0xa0 c:/some_user/sandbox/gcc-arm-none-eabi-5_4-2016q3/bin/../lib/gcc/arm-none-eabi/5.4.1/../../../../arm-none-eabi/lib/armv7e-m/fpu\libc.a(lib_a-memchr.o)
                0x080086a0                memchr
 .text          0x08008740      0x134 c:/some_user/sandbox/gcc-arm-none-eabi-5_4-2016q3/bin/../lib/gcc/arm-none-eabi/5.4.1/../../../../arm-none-eabi/lib/armv7e-m/fpu\libc.a(lib_a-memcpy.o)
                0x08008740                memcpy
 .text          0x08008874      0x370 c:/some_user/sandbox/gcc-arm-none-eabi-5_4-2016q3/bin/../lib/gcc/arm-none-eabi/5.4.1/armv7e-m/fpu\libgcc.a(_arm_addsubdf3.o)
                0x08008874                __aeabi_drsub
                0x0800887c                __aeabi_dsub
                0x0800887c                __subdf3
                0x08008880                __aeabi_dadd
                0x08008880                __adddf3
                0x08008af8                __floatunsidf
                0x08008af8                __aeabi_ui2d
                0x08008b18                __floatsidf
                0x08008b18                __aeabi_i2d
                0x08008b3c                __aeabi_f2d
                0x08008b3c                __extendsfdf2
                0x08008b78                __floatundidf
                0x08008b78                __aeabi_ul2d
                0x08008b88                __floatdidf
                0x08008b88                __aeabi_l2d
 .text          0x08008be4      0x424 c:/some_user/sandbox/gcc-arm-none-eabi-5_4-2016q3/bin/../lib/gcc/arm-none-eabi/5.4.1/armv7e-m/fpu\libgcc.a(_arm_muldivdf3.o)
                0x08008be4                __aeabi_dmul
                0x08008be4                __muldf3
                0x08008e38                __divdf3
                0x08008e38                __aeabi_ddiv
 .text          0x08009008      0x110 c:/some_user/sandbox/gcc-arm-none-eabi-5_4-2016q3/bin/../lib/gcc/arm-none-eabi/5.4.1/armv7e-m/fpu\libgcc.a(_arm_cmpdf2.o)
                0x08009008                __gtdf2
                0x08009008                __gedf2
                0x08009010                __ltdf2
                0x08009010                __ledf2
                0x08009018                __nedf2
                0x08009018                __eqdf2
                0x08009018                __cmpdf2
                0x08009094                __aeabi_cdrcmple
                0x080090a4                __aeabi_cdcmpeq
                0x080090a4                __aeabi_cdcmple
                0x080090b4                __aeabi_dcmpeq
                0x080090c8                __aeabi_dcmplt
                0x080090dc                __aeabi_dcmple
                0x080090f0                __aeabi_dcmpge
                0x08009104                __aeabi_dcmpgt
 .text          0x08009118       0x2c c:/some_user/sandbox/gcc-arm-none-eabi-5_4-2016q3/bin/../lib/gcc/arm-none-eabi/5.4.1/armv7e-m/fpu\libgcc.a(_arm_unorddf2.o)
                0x08009118                __unorddf2
                0x08009118                __aeabi_dcmpun
 .text          0x08009144       0x50 c:/some_user/sandbox/gcc-arm-none-eabi-5_4-2016q3/bin/../lib/gcc/arm-none-eabi/5.4.1/armv7e-m/fpu\libgcc.a(_arm_fixdfsi.o)
                0x08009144                __aeabi_d2iz
                0x08009144                __fixdfsi
 .text          0x08009194       0x30 c:/some_user/sandbox/gcc-arm-none-eabi-5_4-2016q3/bin/../lib/gcc/arm-none-eabi/5.4.1/armv7e-m/fpu\libgcc.a(_aeabi_uldivmod.o)
                0x08009194                __aeabi_uldivmod
 .text          0x080091c4      0x2e4 c:/some_user/sandbox/gcc-arm-none-eabi-5_4-2016q3/bin/../lib/gcc/arm-none-eabi/5.4.1/armv7e-m/fpu\libgcc.a(_udivmoddi4.o)
                0x080091c4                __udivmoddi4
 .text          0x080094a8        0x4 c:/some_user/sandbox/gcc-arm-none-eabi-5_4-2016q3/bin/../lib/gcc/arm-none-eabi/5.4.1/armv7e-m/fpu\libgcc.a(_dvmd_tls.o)
                0x080094a8                __aeabi_idiv0
                0x080094a8                __aeabi_ldiv0
 *(.text*)
 .text.__libc_init_array
                0x080094ac       0x50 c:/some_user/sandbox/gcc-arm-none-eabi-5_4-2016q3/bin/../lib/gcc/arm-none-eabi/5.4.1/../../../../arm-none-eabi/lib/armv7e-m/fpu\libc.a(lib_a-init.o)
                0x080094ac                __libc_init_array
 .text.memset   0x080094fc       0x9c c:/some_user/sandbox/gcc-arm-none-eabi-5_4-2016q3/bin/../lib/gcc/arm-none-eabi/5.4.1/../../../../arm-none-eabi/lib/armv7e-m/fpu\libc.a(lib_a-memset.o)
                0x080094fc                memset
 .text.startup.register_fini
                0x08009598       0x14 c:/some_user/sandbox/gcc-arm-none-eabi-5_4-2016q3/bin/../lib/gcc/arm-none-eabi/5.4.1/../../../../arm-none-eabi/lib/armv7e-m/fpu\libc.a(lib_a-__call_atexit.o)
 .text.atexit   0x080095ac        0xc c:/some_user/sandbox/gcc-arm-none-eabi-5_4-2016q3/bin/../lib/gcc/arm-none-eabi/5.4.1/../../../../arm-none-eabi/lib/armv7e-m/fpu\libc.a(lib_a-atexit.o)
                0x080095ac                atexit
 .text.__libc_fini_array
                0x080095b8       0x28 c:/some_user/sandbox/gcc-arm-none-eabi-5_4-2016q3/bin/../lib/gcc/arm-none-eabi/5.4.1/../../../../arm-none-eabi/lib/armv7e-m/fpu\libc.a(lib_a-fini.o)
                0x080095b8                __libc_fini_array
 .text.__register_exitproc
                0x080095e0       0xa4 c:/some_user/sandbox/gcc-arm-none-eabi-5_4-2016q3/bin/../lib/gcc/arm-none-eabi/5.4.1/../../../../arm-none-eabi/lib/armv7e-m/fpu\libc.a(lib_a-__atexit.o)
                0x080095e0                __register_exitproc
 .text.Reset_Handler
                0x08009684       0x50 ../arch/stm32/f3/src/CMSIS/startup_stm32f303xc.o
                0x08009684                Reset_Handler
 .text.Default_Handler
                0x080096d4        0x2 ../arch/stm32/f3/src/CMSIS/startup_stm32f303xc.o
                0x080096d4                RTC_Alarm_IRQHandler
                0x080096d4                TIM8_TRG_COM_IRQHandler
                0x080096d4                TIM8_CC_IRQHandler
                0x080096d4                DebugMon_Handler
                0x080096d4                TIM1_CC_IRQHandler
                0x080096d4                HardFault_Handler
                0x080096d4                USB_HP_IRQHandler
                0x080096d4                SysTick_Handler
                0x080096d4                PVD_IRQHandler
                0x080096d4                TAMP_STAMP_IRQHandler
                0x080096d4                PendSV_Handler
                0x080096d4                NMI_Handler
                0x080096d4                EXTI3_IRQHandler
                0x080096d4                USB_HP_CAN_TX_IRQHandler
                0x080096d4                EXTI0_IRQHandler
                0x080096d4                I2C2_EV_IRQHandler
                0x080096d4                FPU_IRQHandler
                0x080096d4                TIM1_UP_TIM16_IRQHandler
                0x080096d4                UsageFault_Handler
                0x080096d4                ADC1_2_IRQHandler
                0x080096d4                SPI1_IRQHandler
                0x080096d4                CAN_SCE_IRQHandler
                0x080096d4                TIM8_UP_IRQHandler
                0x080096d4                DMA2_Channel2_IRQHandler
                0x080096d4                DMA1_Channel4_IRQHandler
                0x080096d4                USART3_IRQHandler
                0x080096d4                DMA1_Channel7_IRQHandler
                0x080096d4                UART5_IRQHandler
                0x080096d4                ADC3_IRQHandler
                0x080096d4                TIM4_IRQHandler
                0x080096d4                CAN_RX1_IRQHandler
                0x080096d4                DMA2_Channel1_IRQHandler
                0x080096d4                I2C1_EV_IRQHandler
                0x080096d4                DMA1_Channel6_IRQHandler
                0x080096d4                UART4_IRQHandler
                0x080096d4                DMA2_Channel4_IRQHandler
                0x080096d4                TIM3_IRQHandler
                0x080096d4                RCC_IRQHandler
                0x080096d4                DMA1_Channel1_IRQHandler
                0x080096d4                Default_Handler
                0x080096d4                USBWakeUp_RMP_IRQHandler
                0x080096d4                EXTI15_10_IRQHandler
                0x080096d4                TIM7_IRQHandler
                0x080096d4                EXTI9_5_IRQHandler
                0x080096d4                RTC_WKUP_IRQHandler
                0x080096d4                SPI2_IRQHandler
                0x080096d4                USB_LP_CAN_RX0_IRQHandler
                0x080096d4                MemManage_Handler
                0x080096d4                SVC_Handler
                0x080096d4                DMA2_Channel5_IRQHandler
                0x080096d4                DMA1_Channel5_IRQHandler
                0x080096d4                USB_LP_IRQHandler
                0x080096d4                EXTI4_IRQHandler
                0x080096d4                TIM1_TRG_COM_TIM17_IRQHandler
                0x080096d4                DMA1_Channel3_IRQHandler
                0x080096d4                ADC4_IRQHandler
                0x080096d4                WWDG_IRQHandler
                0x080096d4                TIM2_IRQHandler
                0x080096d4                COMP7_IRQHandler
                0x080096d4                COMP1_2_3_IRQHandler
                0x080096d4                EXTI1_IRQHandler
                0x080096d4                USART2_IRQHandler
                0x080096d4                COMP4_5_6_IRQHandler
                0x080096d4                I2C2_ER_IRQHandler
                0x080096d4                DMA1_Channel2_IRQHandler
                0x080096d4                TIM8_BRK_IRQHandler
                0x080096d4                FLASH_IRQHandler
                0x080096d4                BusFault_Handler
                0x080096d4                USART1_IRQHandler
                0x080096d4                SPI3_IRQHandler
                0x080096d4                I2C1_ER_IRQHandler
                0x080096d4                USBWakeUp_IRQHandler
                0x080096d4                DMA2_Channel3_IRQHandler
                0x080096d4                EXTI2_TSC_IRQHandler
                0x080096d4                TIM1_BRK_TIM15_IRQHandler
 *fill*         0x080096d6        0x2 
 .text.startup  0x080096d8      0x208 ethylene.o
                0x080096d8                main
 .text.roundf   0x080098e0       0x60 c:/some_user/sandbox/gcc-arm-none-eabi-5_4-2016q3/bin/../lib/gcc/arm-none-eabi/5.4.1/../../../../arm-none-eabi/lib/armv7e-m/fpu\libm.a(lib_a-sf_round.o)
                0x080098e0                roundf
 .text.printf   0x08009940       0x28 c:/some_user/sandbox/gcc-arm-none-eabi-5_4-2016q3/bin/../lib/gcc/arm-none-eabi/5.4.1/../../../../arm-none-eabi/lib/armv7e-m/fpu\libc.a(lib_a-printf.o)
                0x08009940                printf
 .text._puts_r  0x08009968       0x68 c:/some_user/sandbox/gcc-arm-none-eabi-5_4-2016q3/bin/../lib/gcc/arm-none-eabi/5.4.1/../../../../arm-none-eabi/lib/armv7e-m/fpu\libc.a(lib_a-puts.o)
                0x08009968                _puts_r
 .text.puts     0x080099d0       0x10 c:/some_user/sandbox/gcc-arm-none-eabi-5_4-2016q3/bin/../lib/gcc/arm-none-eabi/5.4.1/../../../../arm-none-eabi/lib/armv7e-m/fpu\libc.a(lib_a-puts.o)
                0x080099d0                puts
 .text.setvbuf  0x080099e0      0x150 c:/some_user/sandbox/gcc-arm-none-eabi-5_4-2016q3/bin/../lib/gcc/arm-none-eabi/5.4.1/../../../../arm-none-eabi/lib/armv7e-m/fpu\libc.a(lib_a-setvbuf.o)
                0x080099e0                setvbuf
 .text._vfprintf_r
                0x08009b30     0x1728 c:/some_user/sandbox/gcc-arm-none-eabi-5_4-2016q3/bin/../lib/gcc/arm-none-eabi/5.4.1/../../../../arm-none-eabi/lib/armv7e-m/fpu\libc.a(lib_a-vfprintf.o)
                0x08009b30                _vfprintf_r
 .text.__sbprintf
                0x0800b258       0x6c c:/some_user/sandbox/gcc-arm-none-eabi-5_4-2016q3/bin/../lib/gcc/arm-none-eabi/5.4.1/../../../../arm-none-eabi/lib/armv7e-m/fpu\libc.a(lib_a-vfprintf.o)
 .text.__swsetup_r
                0x0800b2c4       0xc8 c:/some_user/sandbox/gcc-arm-none-eabi-5_4-2016q3/bin/../lib/gcc/arm-none-eabi/5.4.1/../../../../arm-none-eabi/lib/armv7e-m/fpu\libc.a(lib_a-wsetup.o)
                0x0800b2c4                __swsetup_r
 .text.quorem   0x0800b38c      0x128 c:/some_user/sandbox/gcc-arm-none-eabi-5_4-2016q3/bin/../lib/gcc/arm-none-eabi/5.4.1/../../../../arm-none-eabi/lib/armv7e-m/fpu\libc.a(lib_a-dtoa.o)
 *fill*         0x0800b4b4        0x4 
 .text._dtoa_r  0x0800b4b8      0xe34 c:/some_user/sandbox/gcc-arm-none-eabi-5_4-2016q3/bin/../lib/gcc/arm-none-eabi/5.4.1/../../../../arm-none-eabi/lib/armv7e-m/fpu\libc.a(lib_a-dtoa.o)
                0x0800b4b8                _dtoa_r
 .text.__sflush_r
                0x0800c2ec      0x148 c:/some_user/sandbox/gcc-arm-none-eabi-5_4-2016q3/bin/../lib/gcc/arm-none-eabi/5.4.1/../../../../arm-none-eabi/lib/armv7e-m/fpu\libc.a(lib_a-fflush.o)
                0x0800c2ec                __sflush_r
 .text._fflush_r
                0x0800c434       0x2c c:/some_user/sandbox/gcc-arm-none-eabi-5_4-2016q3/bin/../lib/gcc/arm-none-eabi/5.4.1/../../../../arm-none-eabi/lib/armv7e-m/fpu\libc.a(lib_a-fflush.o)
                0x0800c434                _fflush_r
 .text._cleanup_r
                0x0800c460        0xc c:/some_user/sandbox/gcc-arm-none-eabi-5_4-2016q3/bin/../lib/gcc/arm-none-eabi/5.4.1/../../../../arm-none-eabi/lib/armv7e-m/fpu\libc.a(lib_a-findfp.o)
                0x0800c460                _cleanup_r
 .text.__sinit.part.1
                0x0800c46c       0xf0 c:/some_user/sandbox/gcc-arm-none-eabi-5_4-2016q3/bin/../lib/gcc/arm-none-eabi/5.4.1/../../../../arm-none-eabi/lib/armv7e-m/fpu\libc.a(lib_a-findfp.o)
 .text.__sinit  0x0800c55c        0xc c:/some_user/sandbox/gcc-arm-none-eabi-5_4-2016q3/bin/../lib/gcc/arm-none-eabi/5.4.1/../../../../arm-none-eabi/lib/armv7e-m/fpu\libc.a(lib_a-findfp.o)
                0x0800c55c                __sinit
 .text.__sfp_lock_acquire
                0x0800c568        0x4 c:/some_user/sandbox/gcc-arm-none-eabi-5_4-2016q3/bin/../lib/gcc/arm-none-eabi/5.4.1/../../../../arm-none-eabi/lib/armv7e-m/fpu\libc.a(lib_a-findfp.o)
                0x0800c568                __sfp_lock_acquire
 .text.__sfp_lock_release
                0x0800c56c        0x4 c:/some_user/sandbox/gcc-arm-none-eabi-5_4-2016q3/bin/../lib/gcc/arm-none-eabi/5.4.1/../../../../arm-none-eabi/lib/armv7e-m/fpu\libc.a(lib_a-findfp.o)
                0x0800c56c                __sfp_lock_release
 .text._malloc_trim_r
                0x0800c570       0x9c c:/some_user/sandbox/gcc-arm-none-eabi-5_4-2016q3/bin/../lib/gcc/arm-none-eabi/5.4.1/../../../../arm-none-eabi/lib/armv7e-m/fpu\libc.a(lib_a-freer.o)
                0x0800c570                _malloc_trim_r
 .text._free_r  0x0800c60c      0x1d0 c:/some_user/sandbox/gcc-arm-none-eabi-5_4-2016q3/bin/../lib/gcc/arm-none-eabi/5.4.1/../../../../arm-none-eabi/lib/armv7e-m/fpu\libc.a(lib_a-freer.o)
                0x0800c60c                _free_r
 .text.__sfvwrite_r
                0x0800c7dc      0x304 c:/some_user/sandbox/gcc-arm-none-eabi-5_4-2016q3/bin/../lib/gcc/arm-none-eabi/5.4.1/../../../../arm-none-eabi/lib/armv7e-m/fpu\libc.a(lib_a-fvwrite.o)
                0x0800c7dc                __sfvwrite_r
 .text._fwalk_reent
                0x0800cae0       0x54 c:/some_user/sandbox/gcc-arm-none-eabi-5_4-2016q3/bin/../lib/gcc/arm-none-eabi/5.4.1/../../../../arm-none-eabi/lib/armv7e-m/fpu\libc.a(lib_a-fwalk.o)
                0x0800cae0                _fwalk_reent
 .text._localeconv_r
                0x0800cb34       0x1c c:/some_user/sandbox/gcc-arm-none-eabi-5_4-2016q3/bin/../lib/gcc/arm-none-eabi/5.4.1/../../../../arm-none-eabi/lib/armv7e-m/fpu\libc.a(lib_a-localeconv.o)
                0x0800cb34                _localeconv_r
 .text.__swhatbuf_r
                0x0800cb50       0x60 c:/some_user/sandbox/gcc-arm-none-eabi-5_4-2016q3/bin/../lib/gcc/arm-none-eabi/5.4.1/../../../../arm-none-eabi/lib/armv7e-m/fpu\libc.a(lib_a-makebuf.o)
                0x0800cb50                __swhatbuf_r
 .text.__smakebuf_r
                0x0800cbb0       0x88 c:/some_user/sandbox/gcc-arm-none-eabi-5_4-2016q3/bin/../lib/gcc/arm-none-eabi/5.4.1/../../../../arm-none-eabi/lib/armv7e-m/fpu\libc.a(lib_a-makebuf.o)
                0x0800cbb0                __smakebuf_r
 .text.malloc   0x0800cc38       0x10 c:/some_user/sandbox/gcc-arm-none-eabi-5_4-2016q3/bin/../lib/gcc/arm-none-eabi/5.4.1/../../../../arm-none-eabi/lib/armv7e-m/fpu\libc.a(lib_a-malloc.o)
                0x0800cc38                malloc
 .text._malloc_r
                0x0800cc48      0x570 c:/some_user/sandbox/gcc-arm-none-eabi-5_4-2016q3/bin/../lib/gcc/arm-none-eabi/5.4.1/../../../../arm-none-eabi/lib/armv7e-m/fpu\libc.a(lib_a-mallocr.o)
                0x0800cc48                _malloc_r
 .text.memmove  0x0800d1b8       0xc8 c:/some_user/sandbox/gcc-arm-none-eabi-5_4-2016q3/bin/../lib/gcc/arm-none-eabi/5.4.1/../../../../arm-none-eabi/lib/armv7e-m/fpu\libc.a(lib_a-memmove.o)
                0x0800d1b8                memmove
 .text.__malloc_lock
                0x0800d280        0x4 c:/some_user/sandbox/gcc-arm-none-eabi-5_4-2016q3/bin/../lib/gcc/arm-none-eabi/5.4.1/../../../../arm-none-eabi/lib/armv7e-m/fpu\libc.a(lib_a-mlock.o)
                0x0800d280                __malloc_lock
 .text.__malloc_unlock
                0x0800d284        0x4 c:/some_user/sandbox/gcc-arm-none-eabi-5_4-2016q3/bin/../lib/gcc/arm-none-eabi/5.4.1/../../../../arm-none-eabi/lib/armv7e-m/fpu\libc.a(lib_a-mlock.o)
                0x0800d284                __malloc_unlock
 .text._Balloc  0x0800d288       0x4c c:/some_user/sandbox/gcc-arm-none-eabi-5_4-2016q3/bin/../lib/gcc/arm-none-eabi/5.4.1/../../../../arm-none-eabi/lib/armv7e-m/fpu\libc.a(lib_a-mprec.o)
                0x0800d288                _Balloc
 .text._Bfree   0x0800d2d4       0x14 c:/some_user/sandbox/gcc-arm-none-eabi-5_4-2016q3/bin/../lib/gcc/arm-none-eabi/5.4.1/../../../../arm-none-eabi/lib/armv7e-m/fpu\libc.a(lib_a-mprec.o)
                0x0800d2d4                _Bfree
 .text.__multadd
                0x0800d2e8       0x80 c:/some_user/sandbox/gcc-arm-none-eabi-5_4-2016q3/bin/../lib/gcc/arm-none-eabi/5.4.1/../../../../arm-none-eabi/lib/armv7e-m/fpu\libc.a(lib_a-mprec.o)
                0x0800d2e8                __multadd
 .text.__hi0bits
                0x0800d368       0x40 c:/some_user/sandbox/gcc-arm-none-eabi-5_4-2016q3/bin/../lib/gcc/arm-none-eabi/5.4.1/../../../../arm-none-eabi/lib/armv7e-m/fpu\libc.a(lib_a-mprec.o)
                0x0800d368                __hi0bits
 .text.__lo0bits
                0x0800d3a8       0x5c c:/some_user/sandbox/gcc-arm-none-eabi-5_4-2016q3/bin/../lib/gcc/arm-none-eabi/5.4.1/../../../../arm-none-eabi/lib/armv7e-m/fpu\libc.a(lib_a-mprec.o)
                0x0800d3a8                __lo0bits
 .text.__i2b    0x0800d404       0x14 c:/some_user/sandbox/gcc-arm-none-eabi-5_4-2016q3/bin/../lib/gcc/arm-none-eabi/5.4.1/../../../../arm-none-eabi/lib/armv7e-m/fpu\libc.a(lib_a-mprec.o)
                0x0800d404                __i2b
 .text.__multiply
                0x0800d418      0x130 c:/some_user/sandbox/gcc-arm-none-eabi-5_4-2016q3/bin/../lib/gcc/arm-none-eabi/5.4.1/../../../../arm-none-eabi/lib/armv7e-m/fpu\libc.a(lib_a-mprec.o)
                0x0800d418                __multiply
 .text.__pow5mult
                0x0800d548       0xa0 c:/some_user/sandbox/gcc-arm-none-eabi-5_4-2016q3/bin/../lib/gcc/arm-none-eabi/5.4.1/../../../../arm-none-eabi/lib/armv7e-m/fpu\libc.a(lib_a-mprec.o)
                0x0800d548                __pow5mult
 .text.__lshift
                0x0800d5e8       0xb0 c:/some_user/sandbox/gcc-arm-none-eabi-5_4-2016q3/bin/../lib/gcc/arm-none-eabi/5.4.1/../../../../arm-none-eabi/lib/armv7e-m/fpu\libc.a(lib_a-mprec.o)
                0x0800d5e8                __lshift
 .text.__mcmp   0x0800d698       0x44 c:/some_user/sandbox/gcc-arm-none-eabi-5_4-2016q3/bin/../lib/gcc/arm-none-eabi/5.4.1/../../../../arm-none-eabi/lib/armv7e-m/fpu\libc.a(lib_a-mprec.o)
                0x0800d698                __mcmp
 .text.__mdiff  0x0800d6dc      0x114 c:/some_user/sandbox/gcc-arm-none-eabi-5_4-2016q3/bin/../lib/gcc/arm-none-eabi/5.4.1/../../../../arm-none-eabi/lib/armv7e-m/fpu\libc.a(lib_a-mprec.o)
                0x0800d6dc                __mdiff
 .text.__d2b    0x0800d7f0       0xbc c:/some_user/sandbox/gcc-arm-none-eabi-5_4-2016q3/bin/../lib/gcc/arm-none-eabi/5.4.1/../../../../arm-none-eabi/lib/armv7e-m/fpu\libc.a(lib_a-mprec.o)
                0x0800d7f0                __d2b
 .text._realloc_r
                0x0800d8ac      0x3e0 c:/some_user/sandbox/gcc-arm-none-eabi-5_4-2016q3/bin/../lib/gcc/arm-none-eabi/5.4.1/../../../../arm-none-eabi/lib/armv7e-m/fpu\libc.a(lib_a-reallocr.o)
                0x0800d8ac                _realloc_r
 .text._sbrk_r  0x0800dc8c       0x24 c:/some_user/sandbox/gcc-arm-none-eabi-5_4-2016q3/bin/../lib/gcc/arm-none-eabi/5.4.1/../../../../arm-none-eabi/lib/armv7e-m/fpu\libc.a(lib_a-sbrkr.o)
                0x0800dc8c                _sbrk_r
 .text.__sread  0x0800dcb0       0x24 c:/some_user/sandbox/gcc-arm-none-eabi-5_4-2016q3/bin/../lib/gcc/arm-none-eabi/5.4.1/../../../../arm-none-eabi/lib/armv7e-m/fpu\libc.a(lib_a-stdio.o)
                0x0800dcb0                __sread
 .text.__swrite
                0x0800dcd4       0x3c c:/some_user/sandbox/gcc-arm-none-eabi-5_4-2016q3/bin/../lib/gcc/arm-none-eabi/5.4.1/../../../../arm-none-eabi/lib/armv7e-m/fpu\libc.a(lib_a-stdio.o)
                0x0800dcd4                __swrite
 .text.__sseek  0x0800dd10       0x20 c:/some_user/sandbox/gcc-arm-none-eabi-5_4-2016q3/bin/../lib/gcc/arm-none-eabi/5.4.1/../../../../arm-none-eabi/lib/armv7e-m/fpu\libc.a(lib_a-stdio.o)
                0x0800dd10                __sseek
 .text.__sclose
                0x0800dd30        0x8 c:/some_user/sandbox/gcc-arm-none-eabi-5_4-2016q3/bin/../lib/gcc/arm-none-eabi/5.4.1/../../../../arm-none-eabi/lib/armv7e-m/fpu\libc.a(lib_a-stdio.o)
                0x0800dd30                __sclose
 .text.__sprint_r.part.0
                0x0800dd38       0x78 c:/some_user/sandbox/gcc-arm-none-eabi-5_4-2016q3/bin/../lib/gcc/arm-none-eabi/5.4.1/../../../../arm-none-eabi/lib/armv7e-m/fpu\libc.a(lib_a-vfiprintf.o)
 .text.__sprint_r
                0x0800ddb0       0x14 c:/some_user/sandbox/gcc-arm-none-eabi-5_4-2016q3/bin/../lib/gcc/arm-none-eabi/5.4.1/../../../../arm-none-eabi/lib/armv7e-m/fpu\libc.a(lib_a-vfiprintf.o)
                0x0800ddb0                __sprint_r
 .text._write_r
                0x0800ddc4       0x2c c:/some_user/sandbox/gcc-arm-none-eabi-5_4-2016q3/bin/../lib/gcc/arm-none-eabi/5.4.1/../../../../arm-none-eabi/lib/armv7e-m/fpu\libc.a(lib_a-writer.o)
                0x0800ddc4                _write_r
 .text._calloc_r
                0x0800ddf0       0x60 c:/some_user/sandbox/gcc-arm-none-eabi-5_4-2016q3/bin/../lib/gcc/arm-none-eabi/5.4.1/../../../../arm-none-eabi/lib/armv7e-m/fpu\libc.a(lib_a-callocr.o)
                0x0800ddf0                _calloc_r
 .text._close_r
                0x0800de50       0x24 c:/some_user/sandbox/gcc-arm-none-eabi-5_4-2016q3/bin/../lib/gcc/arm-none-eabi/5.4.1/../../../../arm-none-eabi/lib/armv7e-m/fpu\libc.a(lib_a-closer.o)
                0x0800de50                _close_r
 .text._fclose_r
                0x0800de74       0x84 c:/some_user/sandbox/gcc-arm-none-eabi-5_4-2016q3/bin/../lib/gcc/arm-none-eabi/5.4.1/../../../../arm-none-eabi/lib/armv7e-m/fpu\libc.a(lib_a-fclose.o)
                0x0800de74                _fclose_r
 .text.__fputwc
                0x0800def8       0x98 c:/some_user/sandbox/gcc-arm-none-eabi-5_4-2016q3/bin/../lib/gcc/arm-none-eabi/5.4.1/../../../../arm-none-eabi/lib/armv7e-m/fpu\libc.a(lib_a-fputwc.o)
                0x0800def8                __fputwc
 .text._fputwc_r
                0x0800df90       0x28 c:/some_user/sandbox/gcc-arm-none-eabi-5_4-2016q3/bin/../lib/gcc/arm-none-eabi/5.4.1/../../../../arm-none-eabi/lib/armv7e-m/fpu\libc.a(lib_a-fputwc.o)
                0x0800df90                _fputwc_r
 .text._fstat_r
                0x0800dfb8       0x28 c:/some_user/sandbox/gcc-arm-none-eabi-5_4-2016q3/bin/../lib/gcc/arm-none-eabi/5.4.1/../../../../arm-none-eabi/lib/armv7e-m/fpu\libc.a(lib_a-fstatr.o)
                0x0800dfb8                _fstat_r
 .text._isatty_r
                0x0800dfe0       0x24 c:/some_user/sandbox/gcc-arm-none-eabi-5_4-2016q3/bin/../lib/gcc/arm-none-eabi/5.4.1/../../../../arm-none-eabi/lib/armv7e-m/fpu\libc.a(lib_a-isattyr.o)
                0x0800dfe0                _isatty_r
 .text.__locale_mb_cur_max
                0x0800e004       0x1c c:/some_user/sandbox/gcc-arm-none-eabi-5_4-2016q3/bin/../lib/gcc/arm-none-eabi/5.4.1/../../../../arm-none-eabi/lib/armv7e-m/fpu\libc.a(lib_a-locale.o)
                0x0800e004                __locale_mb_cur_max
 .text._lseek_r
                0x0800e020       0x2c c:/some_user/sandbox/gcc-arm-none-eabi-5_4-2016q3/bin/../lib/gcc/arm-none-eabi/5.4.1/../../../../arm-none-eabi/lib/armv7e-m/fpu\libc.a(lib_a-lseekr.o)
                0x0800e020                _lseek_r
 .text.__ascii_mbtowc
                0x0800e04c       0x2c c:/some_user/sandbox/gcc-arm-none-eabi-5_4-2016q3/bin/../lib/gcc/arm-none-eabi/5.4.1/../../../../arm-none-eabi/lib/armv7e-m/fpu\libc.a(lib_a-mbtowc_r.o)
                0x0800e04c                __ascii_mbtowc
 .text._read_r  0x0800e078       0x2c c:/some_user/sandbox/gcc-arm-none-eabi-5_4-2016q3/bin/../lib/gcc/arm-none-eabi/5.4.1/../../../../arm-none-eabi/lib/armv7e-m/fpu\libc.a(lib_a-readr.o)
                0x0800e078                _read_r
 .text.__swbuf_r
                0x0800e0a4       0xac c:/some_user/sandbox/gcc-arm-none-eabi-5_4-2016q3/bin/../lib/gcc/arm-none-eabi/5.4.1/../../../../arm-none-eabi/lib/armv7e-m/fpu\libc.a(lib_a-wbuf.o)
                0x0800e0a4                __swbuf_r
 .text._wcrtomb_r
                0x0800e150       0x54 c:/some_user/sandbox/gcc-arm-none-eabi-5_4-2016q3/bin/../lib/gcc/arm-none-eabi/5.4.1/../../../../arm-none-eabi/lib/armv7e-m/fpu\libc.a(lib_a-wcrtomb.o)
                0x0800e150                _wcrtomb_r
 .text.__ascii_wctomb
                0x0800e1a4       0x1c c:/some_user/sandbox/gcc-arm-none-eabi-5_4-2016q3/bin/../lib/gcc/arm-none-eabi/5.4.1/../../../../arm-none-eabi/lib/armv7e-m/fpu\libc.a(lib_a-wctomb_r.o)
                0x0800e1a4                __ascii_wctomb
 *(.glue_7)
 .glue_7        0x0800e1c0        0x0 linker stubs
 *(.glue_7t)
 .glue_7t       0x0800e1c0        0x0 linker stubs
 *(.eh_frame)
 .eh_frame      0x0800e1c0        0x0 c:/some_user/sandbox/gcc-arm-none-eabi-5_4-2016q3/bin/../lib/gcc/arm-none-eabi/5.4.1/armv7e-m/fpu/crtbegin.o
 *(.init)
 .init          0x0800e1c0        0x4 c:/some_user/sandbox/gcc-arm-none-eabi-5_4-2016q3/bin/../lib/gcc/arm-none-eabi/5.4.1/armv7e-m/fpu/crti.o
                0x0800e1c0                _init
 .init          0x0800e1c4        0x8 c:/some_user/sandbox/gcc-arm-none-eabi-5_4-2016q3/bin/../lib/gcc/arm-none-eabi/5.4.1/armv7e-m/fpu/crtn.o
 *(.fini)
 .fini          0x0800e1cc        0x4 c:/some_user/sandbox/gcc-arm-none-eabi-5_4-2016q3/bin/../lib/gcc/arm-none-eabi/5.4.1/armv7e-m/fpu/crti.o
                0x0800e1cc                _fini
 .fini          0x0800e1d0        0x8 c:/some_user/sandbox/gcc-arm-none-eabi-5_4-2016q3/bin/../lib/gcc/arm-none-eabi/5.4.1/armv7e-m/fpu/crtn.o
                0x0800e1d8                . = ALIGN (0x4)
                0x0800e1d8                _etext = .

.vfp11_veneer   0x0800e1d8        0x0
 .vfp11_veneer  0x0800e1d8        0x0 linker stubs

.v4_bx          0x0800e1d8        0x0
 .v4_bx         0x0800e1d8        0x0 linker stubs

.iplt           0x0800e1d8        0x0
 .iplt          0x0800e1d8        0x0 c:/some_user/sandbox/gcc-arm-none-eabi-5_4-2016q3/bin/../lib/gcc/arm-none-eabi/5.4.1/armv7e-m/fpu/crtbegin.o

.rodata         0x0800e1d8      0x308
                0x0800e1d8                . = ALIGN (0x4)
 *(.rodata)
 .rodata        0x0800e1d8        0x4 ../arch/stm32/f3/src/stm32f3xx_hal_uart.o
 .rodata        0x0800e1dc       0x20 ../arch/stm32/f3/src/stm32f3xx_hal_rcc.o
                0x0800e1dc                aPLLMULFactorTable
                0x0800e1ec                aPredivFactorTable
 .rodata        0x0800e1fc       0x18 ../arch/stm32/f3/src/CMSIS/system_stm32f3xx.o
                0x0800e1fc                AHBPrescTable
                0x0800e20c                APBPrescTable
 *(.rodata*)
 .rodata._global_impure_ptr
                0x0800e214        0x4 c:/some_user/sandbox/gcc-arm-none-eabi-5_4-2016q3/bin/../lib/gcc/arm-none-eabi/5.4.1/../../../../arm-none-eabi/lib/armv7e-m/fpu\libc.a(lib_a-impure.o)
                0x0800e214                _global_impure_ptr
 .rodata.str1.4
                0x0800e218       0x19 ethylene.o
 *fill*         0x0800e231        0x3 
 .rodata.str1.4
                0x0800e234       0x22 user_source/hal_interface/newlib_stubs.o
 .rodata.str1.4
                0x0800e256       0x22 c:/some_user/sandbox/gcc-arm-none-eabi-5_4-2016q3/bin/../lib/gcc/arm-none-eabi/5.4.1/../../../../arm-none-eabi/lib/armv7e-m/fpu\libc.a(lib_a-puts.o)
                                  0x2 (size before relaxing)
 *fill*         0x0800e256        0x2 
 .rodata.zeroes.7273
                0x0800e258       0x10 c:/some_user/sandbox/gcc-arm-none-eabi-5_4-2016q3/bin/../lib/gcc/arm-none-eabi/5.4.1/../../../../arm-none-eabi/lib/armv7e-m/fpu\libc.a(lib_a-vfprintf.o)
 .rodata.str1.4
                0x0800e268       0x42 c:/some_user/sandbox/gcc-arm-none-eabi-5_4-2016q3/bin/../lib/gcc/arm-none-eabi/5.4.1/../../../../arm-none-eabi/lib/armv7e-m/fpu\libc.a(lib_a-vfprintf.o)
 *fill*         0x0800e2aa        0x2 
 .rodata.blanks.7272
                0x0800e2ac       0x10 c:/some_user/sandbox/gcc-arm-none-eabi-5_4-2016q3/bin/../lib/gcc/arm-none-eabi/5.4.1/../../../../arm-none-eabi/lib/armv7e-m/fpu\libc.a(lib_a-vfprintf.o)
 .rodata.str1.4
                0x0800e2bc       0x10 c:/some_user/sandbox/gcc-arm-none-eabi-5_4-2016q3/bin/../lib/gcc/arm-none-eabi/5.4.1/../../../../arm-none-eabi/lib/armv7e-m/fpu\libc.a(lib_a-dtoa.o)
                                 0x12 (size before relaxing)
 *fill*         0x0800e2cc        0x4 
 .rodata.__mprec_tens
                0x0800e2d0       0xc8 c:/some_user/sandbox/gcc-arm-none-eabi-5_4-2016q3/bin/../lib/gcc/arm-none-eabi/5.4.1/../../../../arm-none-eabi/lib/armv7e-m/fpu\libc.a(lib_a-mprec.o)
                0x0800e2d0                __mprec_tens
 .rodata.__mprec_bigtens
                0x0800e398       0x28 c:/some_user/sandbox/gcc-arm-none-eabi-5_4-2016q3/bin/../lib/gcc/arm-none-eabi/5.4.1/../../../../arm-none-eabi/lib/armv7e-m/fpu\libc.a(lib_a-mprec.o)
                0x0800e398                __mprec_bigtens
 .rodata.p05.6087
                0x0800e3c0        0xc c:/some_user/sandbox/gcc-arm-none-eabi-5_4-2016q3/bin/../lib/gcc/arm-none-eabi/5.4.1/../../../../arm-none-eabi/lib/armv7e-m/fpu\libc.a(lib_a-mprec.o)
 .rodata.str1.4
                0x0800e3cc       0x10 c:/some_user/sandbox/gcc-arm-none-eabi-5_4-2016q3/bin/../lib/gcc/arm-none-eabi/5.4.1/../../../../arm-none-eabi/lib/armv7e-m/fpu\libc.a(lib_a-locale.o)
                                 0x12 (size before relaxing)
 .rodata._ctype_
                0x0800e3dc      0x101 c:/some_user/sandbox/gcc-arm-none-eabi-5_4-2016q3/bin/../lib/gcc/arm-none-eabi/5.4.1/../../../../arm-none-eabi/lib/armv7e-m/fpu\libc.a(lib_a-ctype_.o)
                0x0800e3dc                _ctype_
                0x0800e4e0                . = ALIGN (0x4)
 *fill*         0x0800e4dd        0x3 

.ARM.extab
 *(.ARM.extab* .gnu.linkonce.armextab.*)

.ARM            0x0800e4e0        0x8
                0x0800e4e0                __exidx_start = .
 *(.ARM.exidx*)
 .ARM.exidx     0x0800e4e0        0x8 c:/some_user/sandbox/gcc-arm-none-eabi-5_4-2016q3/bin/../lib/gcc/arm-none-eabi/5.4.1/armv7e-m/fpu\libgcc.a(_udivmoddi4.o)
                0x0800e4e8                __exidx_end = .

.rel.dyn        0x0800e4e8        0x0
 .rel.iplt      0x0800e4e8        0x0 c:/some_user/sandbox/gcc-arm-none-eabi-5_4-2016q3/bin/../lib/gcc/arm-none-eabi/5.4.1/armv7e-m/fpu/crtbegin.o

.preinit_array  0x0800e4e8        0x0
                0x0800e4e8                PROVIDE (__preinit_array_start, .)
 *(.preinit_array*)
                0x0800e4e8                PROVIDE (__preinit_array_end, .)

.init_array     0x0800e4e8        0x8
                0x0800e4e8                PROVIDE (__init_array_start, .)
 *(SORT(.init_array.*))
 .init_array.00000
                0x0800e4e8        0x4 c:/some_user/sandbox/gcc-arm-none-eabi-5_4-2016q3/bin/../lib/gcc/arm-none-eabi/5.4.1/../../../../arm-none-eabi/lib/armv7e-m/fpu\libc.a(lib_a-__call_atexit.o)
 *(.init_array*)
 .init_array    0x0800e4ec        0x4 c:/some_user/sandbox/gcc-arm-none-eabi-5_4-2016q3/bin/../lib/gcc/arm-none-eabi/5.4.1/armv7e-m/fpu/crtbegin.o
                0x0800e4f0                PROVIDE (__init_array_end, .)

.fini_array     0x0800e4f0        0x4
                0x0800e4f0                PROVIDE (__fini_array_start, .)
 *(SORT(.fini_array.*))
 *(.fini_array*)
 .fini_array    0x0800e4f0        0x4 c:/some_user/sandbox/gcc-arm-none-eabi-5_4-2016q3/bin/../lib/gcc/arm-none-eabi/5.4.1/armv7e-m/fpu/crtbegin.o
                0x0800e4f4                PROVIDE (__fini_array_end, .)
                0x0800e4f4                _sidata = LOADADDR (.data)

.data           0x20000000      0x9b0 load address 0x0800e4f4
                0x20000000                . = ALIGN (0x4)
                0x20000000                _sdata = .
 *(.data)
 .data          0x20000000        0x4 ../arch/stm32/f3/src/CMSIS/system_stm32f3xx.o
                0x20000000                SystemCoreClock
 *(.data*)
 *fill*         0x20000004        0x4 
 .data.impure_data
                0x20000008      0x428 c:/some_user/sandbox/gcc-arm-none-eabi-5_4-2016q3/bin/../lib/gcc/arm-none-eabi/5.4.1/../../../../arm-none-eabi/lib/armv7e-m/fpu\libc.a(lib_a-impure.o)
 .data._impure_ptr
                0x20000430        0x4 c:/some_user/sandbox/gcc-arm-none-eabi-5_4-2016q3/bin/../lib/gcc/arm-none-eabi/5.4.1/../../../../arm-none-eabi/lib/armv7e-m/fpu\libc.a(lib_a-impure.o)
                0x20000430                _impure_ptr
 .data.__malloc_av_
                0x20000434      0x408 c:/some_user/sandbox/gcc-arm-none-eabi-5_4-2016q3/bin/../lib/gcc/arm-none-eabi/5.4.1/../../../../arm-none-eabi/lib/armv7e-m/fpu\libc.a(lib_a-mallocr.o)
                0x20000434                __malloc_av_
 .data.__malloc_trim_threshold
                0x2000083c        0x4 c:/some_user/sandbox/gcc-arm-none-eabi-5_4-2016q3/bin/../lib/gcc/arm-none-eabi/5.4.1/../../../../arm-none-eabi/lib/armv7e-m/fpu\libc.a(lib_a-mallocr.o)
                0x2000083c                __malloc_trim_threshold
 .data.__malloc_sbrk_base
                0x20000840        0x4 c:/some_user/sandbox/gcc-arm-none-eabi-5_4-2016q3/bin/../lib/gcc/arm-none-eabi/5.4.1/../../../../arm-none-eabi/lib/armv7e-m/fpu\libc.a(lib_a-mallocr.o)
                0x20000840                __malloc_sbrk_base
 .data.__global_locale
                0x20000844      0x16c c:/some_user/sandbox/gcc-arm-none-eabi-5_4-2016q3/bin/../lib/gcc/arm-none-eabi/5.4.1/../../../../arm-none-eabi/lib/armv7e-m/fpu\libc.a(lib_a-locale.o)
                0x20000844                __global_locale
                0x200009b0                . = ALIGN (0x4)
                0x200009b0                _edata = .
                0x0800eea4                _siccmram = LOADADDR (.ccmram)

.jcr            0x200009b0        0x0 load address 0x0800eea4
 .jcr           0x200009b0        0x0 c:/some_user/sandbox/gcc-arm-none-eabi-5_4-2016q3/bin/../lib/gcc/arm-none-eabi/5.4.1/armv7e-m/fpu/crtbegin.o

.igot.plt       0x200009b0        0x0 load address 0x0800eea4
 .igot.plt      0x200009b0        0x0 c:/some_user/sandbox/gcc-arm-none-eabi-5_4-2016q3/bin/../lib/gcc/arm-none-eabi/5.4.1/armv7e-m/fpu/crtbegin.o

.ccmram         0x10000000        0x0 load address 0x0800eea4
                0x10000000                . = ALIGN (0x4)
                0x10000000                _sccmram = .
 *(.ccmram)
 *(.ccmram*)
                0x10000000                . = ALIGN (0x4)
                0x10000000                _eccmram = .
                0x10000000                . = ALIGN (0x4)

.bss            0x200009b0      0x1dc
                0x200009b0                _sbss = .
                0x200009b0                __bss_start__ = _sbss
 *(.bss)
 .bss           0x200009b0       0x1c c:/some_user/sandbox/gcc-arm-none-eabi-5_4-2016q3/bin/../lib/gcc/arm-none-eabi/5.4.1/armv7e-m/fpu/crtbegin.o
 .bss           0x200009cc       0xcc ethylene.o
 .bss           0x20000a98        0x8 user_source/hal_interface/newlib_stubs.o
                0x20000a9c                __env
 *(.bss*)
 .bss.__malloc_max_total_mem
                0x20000aa0        0x4 c:/some_user/sandbox/gcc-arm-none-eabi-5_4-2016q3/bin/../lib/gcc/arm-none-eabi/5.4.1/../../../../arm-none-eabi/lib/armv7e-m/fpu\libc.a(lib_a-mallocr.o)
                0x20000aa0                __malloc_max_total_mem
 .bss.__malloc_max_sbrked_mem
                0x20000aa4        0x4 c:/some_user/sandbox/gcc-arm-none-eabi-5_4-2016q3/bin/../lib/gcc/arm-none-eabi/5.4.1/../../../../arm-none-eabi/lib/armv7e-m/fpu\libc.a(lib_a-mallocr.o)
                0x20000aa4                __malloc_max_sbrked_mem
 .bss.__malloc_top_pad
                0x20000aa8        0x4 c:/some_user/sandbox/gcc-arm-none-eabi-5_4-2016q3/bin/../lib/gcc/arm-none-eabi/5.4.1/../../../../arm-none-eabi/lib/armv7e-m/fpu\libc.a(lib_a-mallocr.o)
                0x20000aa8                __malloc_top_pad
 .bss.__malloc_current_mallinfo
                0x20000aac       0x28 c:/some_user/sandbox/gcc-arm-none-eabi-5_4-2016q3/bin/../lib/gcc/arm-none-eabi/5.4.1/../../../../arm-none-eabi/lib/armv7e-m/fpu\libc.a(lib_a-mallocr.o)
                0x20000aac                __malloc_current_mallinfo
 *(COMMON)
 COMMON         0x20000ad4       0x40 ../arch/stm32/f3/src/stm32f3xx_hal_timebase_tim.o
                0x20000ad4                TimHandle
 COMMON         0x20000b14        0x4 ../arch/stm32/f3/src/stm32f3xx_hal.o
                0x20000b14                uwTick
 COMMON         0x20000b18       0x70 user_source/hal_interface/uart_hal.o
                0x20000b18                UartHandle
 COMMON         0x20000b88        0x4 c:/some_user/sandbox/gcc-arm-none-eabi-5_4-2016q3/bin/../lib/gcc/arm-none-eabi/5.4.1/../../../../arm-none-eabi/lib/armv7e-m/fpu\libc.a(lib_a-reent.o)
                0x20000b88                errno
                0x20000b8c                . = ALIGN (0x4)
                0x20000b8c                _ebss = .
                0x20000b8c                __bss_end__ = _ebss

._user_heap_stack
                0x20000b8c      0x600
                0x20000b8c                . = ALIGN (0x4)
                [!provide]                PROVIDE (end, .)
                [!provide]                PROVIDE (_end, .)
                0x20000d8c                . = (. + _Min_Heap_Size)
 *fill*         0x20000b8c      0x200 
                0x2000118c                . = (. + _Min_Stack_Size)
 *fill*         0x20000d8c      0x400 
                0x2000118c                . = ALIGN (0x4)

/DISCARD/
 libc.a(*)
 libm.a(*)
 libgcc.a(*)

.ARM.attributes
                0x00000000       0x30
 *(.ARM.attributes)
 .ARM.attributes
                0x00000000       0x22 c:/some_user/sandbox/gcc-arm-none-eabi-5_4-2016q3/bin/../lib/gcc/arm-none-eabi/5.4.1/armv7e-m/fpu/crti.o
 .ARM.attributes
                0x00000022       0x34 c:/some_user/sandbox/gcc-arm-none-eabi-5_4-2016q3/bin/../lib/gcc/arm-none-eabi/5.4.1/armv7e-m/fpu/crtbegin.o
 .ARM.attributes
                0x00000056       0x39 ../arch/stm32/f3/src/stm32f3xx_hal_adc.o
 .ARM.attributes
                0x0000008f       0x39 ../arch/stm32/f3/src/stm32f3xx_hal_adc_ex.o
 .ARM.attributes
                0x000000c8       0x39 ../arch/stm32/f3/src/stm32f3xx_hal_msp.o
 .ARM.attributes
                0x00000101       0x39 ../arch/stm32/f3/src/stm32f3xx_hal_timebase_tim.o
 .ARM.attributes
                0x0000013a       0x39 ../arch/stm32/f3/src/stm32f3xx_hal_uart.o
 .ARM.attributes
                0x00000173       0x39 ../arch/stm32/f3/src/stm32f3xx_hal.o
 .ARM.attributes
                0x000001ac       0x39 ../arch/stm32/f3/src/stm32f3xx_hal_tim.o
 .ARM.attributes
                0x000001e5       0x39 ../arch/stm32/f3/src/stm32f3xx_hal_uart_ex.o
 .ARM.attributes
                0x0000021e       0x39 ../arch/stm32/f3/src/stm32f3xx_hal_cortex.o
 .ARM.attributes
                0x00000257       0x39 ../arch/stm32/f3/src/stm32f3xx_hal_dma.o
 .ARM.attributes
                0x00000290       0x39 ../arch/stm32/f3/src/stm32f3xx_hal_tim_ex.o
 .ARM.attributes
                0x000002c9       0x39 ../arch/stm32/f3/src/stm32f3xx_hal_gpio.o
 .ARM.attributes
                0x00000302       0x39 ../arch/stm32/f3/src/stm32f3xx_hal_rcc.o
 .ARM.attributes
                0x0000033b       0x39 ../arch/stm32/f3/src/CMSIS/system_stm32f3xx.o
 .ARM.attributes
                0x00000374       0x21 ../arch/stm32/f3/src/CMSIS/startup_stm32f303xc.o
 .ARM.attributes
                0x00000395       0x39 ethylene.o
 .ARM.attributes
                0x000003ce       0x39 user_source/foo.o
 .ARM.attributes
                0x00000407       0x39 user_source/uart.o
 .ARM.attributes
                0x00000440       0x39 user_source/hal_interface/uart_hal.o
 .ARM.attributes
                0x00000479       0x39 user_source/hal_interface/cpu.o
 .ARM.attributes
                0x000004b2       0x39 user_source/hal_interface/newlib_stubs.o
 .ARM.attributes
                0x000004eb       0x39 user_source/hal_interface/cube_hal_msp.o
 .ARM.attributes
                0x00000524       0x34 c:/some_user/sandbox/gcc-arm-none-eabi-5_4-2016q3/bin/../lib/gcc/arm-none-eabi/5.4.1/../../../../arm-none-eabi/lib/armv7e-m/fpu\libm.a(lib_a-sf_round.o)
 .ARM.attributes
                0x00000558       0x34 c:/some_user/sandbox/gcc-arm-none-eabi-5_4-2016q3/bin/../lib/gcc/arm-none-eabi/5.4.1/../../../../arm-none-eabi/lib/armv7e-m/fpu\libc.a(lib_a-printf.o)
 .ARM.attributes
                0x0000058c       0x34 c:/some_user/sandbox/gcc-arm-none-eabi-5_4-2016q3/bin/../lib/gcc/arm-none-eabi/5.4.1/../../../../arm-none-eabi/lib/armv7e-m/fpu\libc.a(lib_a-puts.o)
 .ARM.attributes
                0x000005c0       0x34 c:/some_user/sandbox/gcc-arm-none-eabi-5_4-2016q3/bin/../lib/gcc/arm-none-eabi/5.4.1/../../../../arm-none-eabi/lib/armv7e-m/fpu\libc.a(lib_a-reent.o)
 .ARM.attributes
                0x000005f4       0x34 c:/some_user/sandbox/gcc-arm-none-eabi-5_4-2016q3/bin/../lib/gcc/arm-none-eabi/5.4.1/../../../../arm-none-eabi/lib/armv7e-m/fpu\libc.a(lib_a-setvbuf.o)
 .ARM.attributes
                0x00000628       0x20 c:/some_user/sandbox/gcc-arm-none-eabi-5_4-2016q3/bin/../lib/gcc/arm-none-eabi/5.4.1/../../../../arm-none-eabi/lib/armv7e-m/fpu\libc.a(lib_a-strlen.o)
 .ARM.attributes
                0x00000648       0x34 c:/some_user/sandbox/gcc-arm-none-eabi-5_4-2016q3/bin/../lib/gcc/arm-none-eabi/5.4.1/../../../../arm-none-eabi/lib/armv7e-m/fpu\libc.a(lib_a-vfprintf.o)
 .ARM.attributes
                0x0000067c       0x34 c:/some_user/sandbox/gcc-arm-none-eabi-5_4-2016q3/bin/../lib/gcc/arm-none-eabi/5.4.1/../../../../arm-none-eabi/lib/armv7e-m/fpu\libc.a(lib_a-wsetup.o)
 .ARM.attributes
                0x000006b0       0x34 c:/some_user/sandbox/gcc-arm-none-eabi-5_4-2016q3/bin/../lib/gcc/arm-none-eabi/5.4.1/../../../../arm-none-eabi/lib/armv7e-m/fpu\libc.a(lib_a-dtoa.o)
 .ARM.attributes
                0x000006e4       0x34 c:/some_user/sandbox/gcc-arm-none-eabi-5_4-2016q3/bin/../lib/gcc/arm-none-eabi/5.4.1/../../../../arm-none-eabi/lib/armv7e-m/fpu\libc.a(lib_a-fflush.o)
 .ARM.attributes
                0x00000718       0x34 c:/some_user/sandbox/gcc-arm-none-eabi-5_4-2016q3/bin/../lib/gcc/arm-none-eabi/5.4.1/../../../../arm-none-eabi/lib/armv7e-m/fpu\libc.a(lib_a-findfp.o)
 .ARM.attributes
                0x0000074c       0x34 c:/some_user/sandbox/gcc-arm-none-eabi-5_4-2016q3/bin/../lib/gcc/arm-none-eabi/5.4.1/../../../../arm-none-eabi/lib/armv7e-m/fpu\libc.a(lib_a-freer.o)
 .ARM.attributes
                0x00000780       0x34 c:/some_user/sandbox/gcc-arm-none-eabi-5_4-2016q3/bin/../lib/gcc/arm-none-eabi/5.4.1/../../../../arm-none-eabi/lib/armv7e-m/fpu\libc.a(lib_a-fvwrite.o)
 .ARM.attributes
                0x000007b4       0x34 c:/some_user/sandbox/gcc-arm-none-eabi-5_4-2016q3/bin/../lib/gcc/arm-none-eabi/5.4.1/../../../../arm-none-eabi/lib/armv7e-m/fpu\libc.a(lib_a-fwalk.o)
 .ARM.attributes
                0x000007e8       0x34 c:/some_user/sandbox/gcc-arm-none-eabi-5_4-2016q3/bin/../lib/gcc/arm-none-eabi/5.4.1/../../../../arm-none-eabi/lib/armv7e-m/fpu\libc.a(lib_a-localeconv.o)
 .ARM.attributes
                0x0000081c       0x34 c:/some_user/sandbox/gcc-arm-none-eabi-5_4-2016q3/bin/../lib/gcc/arm-none-eabi/5.4.1/../../../../arm-none-eabi/lib/armv7e-m/fpu\libc.a(lib_a-makebuf.o)
 .ARM.attributes
                0x00000850       0x34 c:/some_user/sandbox/gcc-arm-none-eabi-5_4-2016q3/bin/../lib/gcc/arm-none-eabi/5.4.1/../../../../arm-none-eabi/lib/armv7e-m/fpu\libc.a(lib_a-malloc.o)
 .ARM.attributes
                0x00000884       0x34 c:/some_user/sandbox/gcc-arm-none-eabi-5_4-2016q3/bin/../lib/gcc/arm-none-eabi/5.4.1/../../../../arm-none-eabi/lib/armv7e-m/fpu\libc.a(lib_a-mallocr.o)
 .ARM.attributes
                0x000008b8       0x20 c:/some_user/sandbox/gcc-arm-none-eabi-5_4-2016q3/bin/../lib/gcc/arm-none-eabi/5.4.1/../../../../arm-none-eabi/lib/armv7e-m/fpu\libc.a(lib_a-memchr.o)
 .ARM.attributes
                0x000008d8       0x20 c:/some_user/sandbox/gcc-arm-none-eabi-5_4-2016q3/bin/../lib/gcc/arm-none-eabi/5.4.1/../../../../arm-none-eabi/lib/armv7e-m/fpu\libc.a(lib_a-memcpy.o)
 .ARM.attributes
                0x000008f8       0x34 c:/some_user/sandbox/gcc-arm-none-eabi-5_4-2016q3/bin/../lib/gcc/arm-none-eabi/5.4.1/../../../../arm-none-eabi/lib/armv7e-m/fpu\libc.a(lib_a-memmove.o)
 .ARM.attributes
                0x0000092c       0x34 c:/some_user/sandbox/gcc-arm-none-eabi-5_4-2016q3/bin/../lib/gcc/arm-none-eabi/5.4.1/../../../../arm-none-eabi/lib/armv7e-m/fpu\libc.a(lib_a-mlock.o)
 .ARM.attributes
                0x00000960       0x34 c:/some_user/sandbox/gcc-arm-none-eabi-5_4-2016q3/bin/../lib/gcc/arm-none-eabi/5.4.1/../../../../arm-none-eabi/lib/armv7e-m/fpu\libc.a(lib_a-mprec.o)
 .ARM.attributes
                0x00000994       0x34 c:/some_user/sandbox/gcc-arm-none-eabi-5_4-2016q3/bin/../lib/gcc/arm-none-eabi/5.4.1/../../../../arm-none-eabi/lib/armv7e-m/fpu\libc.a(lib_a-reallocr.o)
 .ARM.attributes
                0x000009c8       0x34 c:/some_user/sandbox/gcc-arm-none-eabi-5_4-2016q3/bin/../lib/gcc/arm-none-eabi/5.4.1/../../../../arm-none-eabi/lib/armv7e-m/fpu\libc.a(lib_a-sbrkr.o)
 .ARM.attributes
                0x000009fc       0x34 c:/some_user/sandbox/gcc-arm-none-eabi-5_4-2016q3/bin/../lib/gcc/arm-none-eabi/5.4.1/../../../../arm-none-eabi/lib/armv7e-m/fpu\libc.a(lib_a-stdio.o)
 .ARM.attributes
                0x00000a30       0x34 c:/some_user/sandbox/gcc-arm-none-eabi-5_4-2016q3/bin/../lib/gcc/arm-none-eabi/5.4.1/../../../../arm-none-eabi/lib/armv7e-m/fpu\libc.a(lib_a-vfiprintf.o)
 .ARM.attributes
                0x00000a64       0x34 c:/some_user/sandbox/gcc-arm-none-eabi-5_4-2016q3/bin/../lib/gcc/arm-none-eabi/5.4.1/../../../../arm-none-eabi/lib/armv7e-m/fpu\libc.a(lib_a-writer.o)
 .ARM.attributes
                0x00000a98       0x34 c:/some_user/sandbox/gcc-arm-none-eabi-5_4-2016q3/bin/../lib/gcc/arm-none-eabi/5.4.1/../../../../arm-none-eabi/lib/armv7e-m/fpu\libc.a(lib_a-callocr.o)
 .ARM.attributes
                0x00000acc       0x34 c:/some_user/sandbox/gcc-arm-none-eabi-5_4-2016q3/bin/../lib/gcc/arm-none-eabi/5.4.1/../../../../arm-none-eabi/lib/armv7e-m/fpu\libc.a(lib_a-closer.o)
 .ARM.attributes
                0x00000b00       0x34 c:/some_user/sandbox/gcc-arm-none-eabi-5_4-2016q3/bin/../lib/gcc/arm-none-eabi/5.4.1/../../../../arm-none-eabi/lib/armv7e-m/fpu\libc.a(lib_a-fclose.o)
 .ARM.attributes
                0x00000b34       0x34 c:/some_user/sandbox/gcc-arm-none-eabi-5_4-2016q3/bin/../lib/gcc/arm-none-eabi/5.4.1/../../../../arm-none-eabi/lib/armv7e-m/fpu\libc.a(lib_a-fputwc.o)
 .ARM.attributes
                0x00000b68       0x34 c:/some_user/sandbox/gcc-arm-none-eabi-5_4-2016q3/bin/../lib/gcc/arm-none-eabi/5.4.1/../../../../arm-none-eabi/lib/armv7e-m/fpu\libc.a(lib_a-fstatr.o)
 .ARM.attributes
                0x00000b9c       0x34 c:/some_user/sandbox/gcc-arm-none-eabi-5_4-2016q3/bin/../lib/gcc/arm-none-eabi/5.4.1/../../../../arm-none-eabi/lib/armv7e-m/fpu\libc.a(lib_a-isattyr.o)
 .ARM.attributes
                0x00000bd0       0x34 c:/some_user/sandbox/gcc-arm-none-eabi-5_4-2016q3/bin/../lib/gcc/arm-none-eabi/5.4.1/../../../../arm-none-eabi/lib/armv7e-m/fpu\libc.a(lib_a-locale.o)
 .ARM.attributes
                0x00000c04       0x34 c:/some_user/sandbox/gcc-arm-none-eabi-5_4-2016q3/bin/../lib/gcc/arm-none-eabi/5.4.1/../../../../arm-none-eabi/lib/armv7e-m/fpu\libc.a(lib_a-lseekr.o)
 .ARM.attributes
                0x00000c38       0x34 c:/some_user/sandbox/gcc-arm-none-eabi-5_4-2016q3/bin/../lib/gcc/arm-none-eabi/5.4.1/../../../../arm-none-eabi/lib/armv7e-m/fpu\libc.a(lib_a-mbtowc_r.o)
 .ARM.attributes
                0x00000c6c       0x34 c:/some_user/sandbox/gcc-arm-none-eabi-5_4-2016q3/bin/../lib/gcc/arm-none-eabi/5.4.1/../../../../arm-none-eabi/lib/armv7e-m/fpu\libc.a(lib_a-readr.o)
 .ARM.attributes
                0x00000ca0       0x34 c:/some_user/sandbox/gcc-arm-none-eabi-5_4-2016q3/bin/../lib/gcc/arm-none-eabi/5.4.1/../../../../arm-none-eabi/lib/armv7e-m/fpu\libc.a(lib_a-wbuf.o)
 .ARM.attributes
                0x00000cd4       0x34 c:/some_user/sandbox/gcc-arm-none-eabi-5_4-2016q3/bin/../lib/gcc/arm-none-eabi/5.4.1/../../../../arm-none-eabi/lib/armv7e-m/fpu\libc.a(lib_a-wcrtomb.o)
 .ARM.attributes
                0x00000d08       0x34 c:/some_user/sandbox/gcc-arm-none-eabi-5_4-2016q3/bin/../lib/gcc/arm-none-eabi/5.4.1/../../../../arm-none-eabi/lib/armv7e-m/fpu\libc.a(lib_a-wctomb_r.o)
 .ARM.attributes
                0x00000d3c       0x34 c:/some_user/sandbox/gcc-arm-none-eabi-5_4-2016q3/bin/../lib/gcc/arm-none-eabi/5.4.1/../../../../arm-none-eabi/lib/armv7e-m/fpu\libc.a(lib_a-ctype_.o)
 .ARM.attributes
                0x00000d70       0x22 c:/some_user/sandbox/gcc-arm-none-eabi-5_4-2016q3/bin/../lib/gcc/arm-none-eabi/5.4.1/armv7e-m/fpu\libgcc.a(_arm_addsubdf3.o)
 .ARM.attributes
                0x00000d92       0x22 c:/some_user/sandbox/gcc-arm-none-eabi-5_4-2016q3/bin/../lib/gcc/arm-none-eabi/5.4.1/armv7e-m/fpu\libgcc.a(_arm_muldivdf3.o)
 .ARM.attributes
                0x00000db4       0x22 c:/some_user/sandbox/gcc-arm-none-eabi-5_4-2016q3/bin/../lib/gcc/arm-none-eabi/5.4.1/armv7e-m/fpu\libgcc.a(_arm_cmpdf2.o)
 .ARM.attributes
                0x00000dd6       0x22 c:/some_user/sandbox/gcc-arm-none-eabi-5_4-2016q3/bin/../lib/gcc/arm-none-eabi/5.4.1/armv7e-m/fpu\libgcc.a(_arm_unorddf2.o)
 .ARM.attributes
                0x00000df8       0x22 c:/some_user/sandbox/gcc-arm-none-eabi-5_4-2016q3/bin/../lib/gcc/arm-none-eabi/5.4.1/armv7e-m/fpu\libgcc.a(_arm_fixdfsi.o)
 .ARM.attributes
                0x00000e1a       0x22 c:/some_user/sandbox/gcc-arm-none-eabi-5_4-2016q3/bin/../lib/gcc/arm-none-eabi/5.4.1/armv7e-m/fpu\libgcc.a(_aeabi_uldivmod.o)
 .ARM.attributes
                0x00000e3c       0x34 c:/some_user/sandbox/gcc-arm-none-eabi-5_4-2016q3/bin/../lib/gcc/arm-none-eabi/5.4.1/armv7e-m/fpu\libgcc.a(_udivmoddi4.o)
 .ARM.attributes
                0x00000e70       0x22 c:/some_user/sandbox/gcc-arm-none-eabi-5_4-2016q3/bin/../lib/gcc/arm-none-eabi/5.4.1/armv7e-m/fpu\libgcc.a(_dvmd_tls.o)
 .ARM.attributes
                0x00000e92       0x22 c:/some_user/sandbox/gcc-arm-none-eabi-5_4-2016q3/bin/../lib/gcc/arm-none-eabi/5.4.1/armv7e-m/fpu/crtn.o
LOAD ../arch/stm32/f3/src/stm32f3xx_ll_rcc.o
LOAD ../arch/stm32/f3/src/stm32f3xx_hal_pccard.o
LOAD ../arch/stm32/f3/src/stm32f3xx_ll_exti.o
LOAD ../arch/stm32/f3/src/stm32f3xx_hal_crc_ex.o
LOAD ../arch/stm32/f3/src/stm32f3xx_hal_rcc_ex.o
LOAD ../arch/stm32/f3/src/stm32f3xx_hal_usart.o
LOAD ../arch/stm32/f3/src/stm32f3xx_hal_i2c.o
LOAD ../arch/stm32/f3/src/stm32f3xx_ll_usart.o
LOAD ../arch/stm32/f3/src/stm32f3xx_ll_i2c.o
LOAD ../arch/stm32/f3/src/stm32f3xx_hal_dac.o
LOAD ../arch/stm32/f3/src/stm32f3xx_hal_opamp.o
LOAD ../arch/stm32/f3/src/stm32f3xx_ll_opamp.o
LOAD ../arch/stm32/f3/src/stm32f3xx_hal_adc.o
LOAD ../arch/stm32/f3/src/stm32f3xx_ll_dac.o
LOAD ../arch/stm32/f3/src/stm32f3xx_hal_i2s_ex.o
LOAD ../arch/stm32/f3/src/stm32f3xx_hal_pwr.o
LOAD ../arch/stm32/f3/src/stm32f3xx_ll_pwr.o
LOAD ../arch/stm32/f3/src/stm32f3xx_hal_dac_ex.o
LOAD ../arch/stm32/f3/src/stm32f3xx_hal_adc_ex.o
LOAD ../arch/stm32/f3/src/stm32f3xx_hal_pcd_ex.o
LOAD ../arch/stm32/f3/src/stm32f3xx_hal_cec.o
LOAD ../arch/stm32/f3/src/stm32f3xx_hal_pwr_ex.o
LOAD ../arch/stm32/f3/src/stm32f3xx_hal_pcd.o
LOAD ../arch/stm32/f3/src/stm32f3xx_ll_fmc.o
LOAD ../arch/stm32/f3/src/stm32f3xx_hal_comp.o
LOAD ../arch/stm32/f3/src/stm32f3xx_ll_comp.o
LOAD ../arch/stm32/f3/src/stm32f3xx_ll_spi.o
LOAD ../arch/stm32/f3/src/stm32f3xx_hal_can.o
LOAD ../arch/stm32/f3/src/stm32f3xx_hal_smartcard_ex.o
LOAD ../arch/stm32/f3/src/stm32f3xx_ll_crc.o
LOAD ../arch/stm32/f3/src/stm32f3xx_hal_iwdg.o
LOAD ../arch/stm32/f3/src/stm32f3xx_hal_nor.o
LOAD ../arch/stm32/f3/src/stm32f3xx_hal_sdadc.o
LOAD ../arch/stm32/f3/src/stm32f3xx_hal_spi_ex.o
LOAD ../arch/stm32/f3/src/stm32f3xx_ll_rtc.o
LOAD ../arch/stm32/f3/src/stm32f3xx_hal_wwdg.o
LOAD ../arch/stm32/f3/src/stm32f3xx_hal_opamp_ex.o
LOAD ../arch/stm32/f3/src/stm32f3xx_hal_smbus.o
LOAD ../arch/stm32/f3/src/stm32f3xx_hal_msp.o
LOAD ../arch/stm32/f3/src/stm32f3xx_hal_rtc_ex.o
LOAD ../arch/stm32/f3/src/stm32f3xx_hal_tsc.o
LOAD ../arch/stm32/f3/src/stm32f3xx_hal_timebase_tim.o
LOAD ../arch/stm32/f3/src/stm32f3xx_hal_uart.o
LOAD ../arch/stm32/f3/src/stm32f3xx_hal_sram.o
LOAD ../arch/stm32/f3/src/stm32f3xx_hal.o
LOAD ../arch/stm32/f3/src/stm32f3xx_hal_tim.o
LOAD ../arch/stm32/f3/src/stm32f3xx_ll_tim.o
LOAD ../arch/stm32/f3/src/stm32f3xx_hal_uart_ex.o
LOAD ../arch/stm32/f3/src/stm32f3xx_hal_cortex.o
LOAD ../arch/stm32/f3/src/stm32f3xx_hal_rtc.o
LOAD ../arch/stm32/f3/src/stm32f3xx_hal_flash.o
LOAD ../arch/stm32/f3/src/stm32f3xx_ll_utils.o
LOAD ../arch/stm32/f3/src/stm32f3xx_hal_dma.o
LOAD ../arch/stm32/f3/src/stm32f3xx_hal_tim_ex.o
LOAD ../arch/stm32/f3/src/stm32f3xx_ll_dma.o
LOAD ../arch/stm32/f3/src/stm32f3xx_hal_i2c_ex.o
LOAD ../arch/stm32/f3/src/stm32f3xx_hal_i2s.o
LOAD ../arch/stm32/f3/src/stm32f3xx_hal_spi.o
LOAD ../arch/stm32/f3/src/stm32f3xx_hal_hrtim.o
LOAD ../arch/stm32/f3/src/stm32f3xx_hal_flash_ex.o
LOAD ../arch/stm32/f3/src/stm32f3xx_hal_irda.o
LOAD ../arch/stm32/f3/src/stm32f3xx_ll_adc.o
LOAD ../arch/stm32/f3/src/stm32f3xx_hal_smartcard.o
LOAD ../arch/stm32/f3/src/stm32f3xx_hal_nand.o
LOAD ../arch/stm32/f3/src/stm32f3xx_hal_gpio.o
LOAD ../arch/stm32/f3/src/stm32f3xx_ll_hrtim.o
LOAD ../arch/stm32/f3/src/stm32f3xx_hal_crc.o
LOAD ../arch/stm32/f3/src/stm32f3xx_ll_gpio.o
LOAD ../arch/stm32/f3/src/stm32f3xx_hal_rcc.o
LOAD ../arch/stm32/f3/src/CMSIS/system_stm32f3xx.o
LOAD ../arch/stm32/f3/src/CMSIS/startup_stm32f303xc.o
LOAD ethylene.o
LOAD user_source/foo.o
LOAD user_source/uart.o
LOAD user_source/hal_interface/board_led.o
LOAD user_source/hal_interface/uart_hal.o
LOAD user_source/hal_interface/cpu.o
LOAD user_source/hal_interface/newlib_stubs.o
LOAD user_source/hal_interface/cube_hal_msp.o
LOAD c:/some_user/sandbox/gcc-arm-none-eabi-5_4-2016q3/bin/../lib/gcc/arm-none-eabi/5.4.1/../../../../arm-none-eabi/lib/armv7e-m/fpu\libm.a
LOAD c:/some_user/sandbox/gcc-arm-none-eabi-5_4-2016q3/bin/../lib/gcc/arm-none-eabi/5.4.1/../../../../arm-none-eabi/lib/armv7e-m/fpu\libc.a
START GROUP
LOAD c:/some_user/sandbox/gcc-arm-none-eabi-5_4-2016q3/bin/../lib/gcc/arm-none-eabi/5.4.1/armv7e-m/fpu\libgcc.a
LOAD c:/some_user/sandbox/gcc-arm-none-eabi-5_4-2016q3/bin/../lib/gcc/arm-none-eabi/5.4.1/../../../../arm-none-eabi/lib/armv7e-m/fpu\libc.a
END GROUP
START GROUP
LOAD c:/some_user/sandbox/gcc-arm-none-eabi-5_4-2016q3/bin/../lib/gcc/arm-none-eabi/5.4.1/armv7e-m/fpu\libgcc.a
LOAD c:/some_user/sandbox/gcc-arm-none-eabi-5_4-2016q3/bin/../lib/gcc/arm-none-eabi/5.4.1/../../../../arm-none-eabi/lib/armv7e-m/fpu\libc.a
LOAD c:/some_user/sandbox/gcc-arm-none-eabi-5_4-2016q3/bin/../lib/gcc/arm-none-eabi/5.4.1/../../../../arm-none-eabi/lib/armv7e-m/fpu\libnosys.a
END GROUP
LOAD c:/some_user/sandbox/gcc-arm-none-eabi-5_4-2016q3/bin/../lib/gcc/arm-none-eabi/5.4.1/armv7e-m/fpu/crtend.o
LOAD c:/some_user/sandbox/gcc-arm-none-eabi-5_4-2016q3/bin/../lib/gcc/arm-none-eabi/5.4.1/armv7e-m/fpu/crtn.o
OUTPUT(ethylene.elf elf32-littlearm)

.debug_info     0x00000000    0x106cb
 .debug_info    0x00000000      0x8b4 ../arch/stm32/f3/src/stm32f3xx_hal_adc.o
 .debug_info    0x000008b4     0x19ee ../arch/stm32/f3/src/stm32f3xx_hal_adc_ex.o
 .debug_info    0x000022a2       0xbf ../arch/stm32/f3/src/stm32f3xx_hal_msp.o
 .debug_info    0x00002361      0xa75 ../arch/stm32/f3/src/stm32f3xx_hal_timebase_tim.o
 .debug_info    0x00002dd6     0x18ee ../arch/stm32/f3/src/stm32f3xx_hal_uart.o
 .debug_info    0x000046c4      0x6ed ../arch/stm32/f3/src/stm32f3xx_hal.o
 .debug_info    0x00004db1     0x3163 ../arch/stm32/f3/src/stm32f3xx_hal_tim.o
 .debug_info    0x00007f14      0x8db ../arch/stm32/f3/src/stm32f3xx_hal_uart_ex.o
 .debug_info    0x000087ef      0xe6d ../arch/stm32/f3/src/stm32f3xx_hal_cortex.o
 .debug_info    0x0000965c      0x7d5 ../arch/stm32/f3/src/stm32f3xx_hal_dma.o
 .debug_info    0x00009e31     0x14d4 ../arch/stm32/f3/src/stm32f3xx_hal_tim_ex.o
 .debug_info    0x0000b305      0x673 ../arch/stm32/f3/src/stm32f3xx_hal_gpio.o
 .debug_info    0x0000b978     0x1341 ../arch/stm32/f3/src/stm32f3xx_hal_rcc.o
 .debug_info    0x0000ccb9      0x3f2 ../arch/stm32/f3/src/CMSIS/system_stm32f3xx.o
 .debug_info    0x0000d0ab       0xa7 ../arch/stm32/f3/src/CMSIS/startup_stm32f303xc.o
 .debug_info    0x0000d152     0x1419 ethylene.o
 .debug_info    0x0000e56b       0x96 user_source/foo.o
 .debug_info    0x0000e601      0x2b1 user_source/uart.o
 .debug_info    0x0000e8b2      0x731 user_source/hal_interface/uart_hal.o
 .debug_info    0x0000efe3      0x2f9 user_source/hal_interface/cpu.o
 .debug_info    0x0000f2dc      0x880 user_source/hal_interface/newlib_stubs.o
 .debug_info    0x0000fb5c      0xb6f user_source/hal_interface/cube_hal_msp.o

.debug_abbrev   0x00000000     0x2a30
 .debug_abbrev  0x00000000      0x19e ../arch/stm32/f3/src/stm32f3xx_hal_adc.o
 .debug_abbrev  0x0000019e      0x2cc ../arch/stm32/f3/src/stm32f3xx_hal_adc_ex.o
 .debug_abbrev  0x0000046a       0x70 ../arch/stm32/f3/src/stm32f3xx_hal_msp.o
 .debug_abbrev  0x000004da      0x205 ../arch/stm32/f3/src/stm32f3xx_hal_timebase_tim.o
 .debug_abbrev  0x000006df      0x314 ../arch/stm32/f3/src/stm32f3xx_hal_uart.o
 .debug_abbrev  0x000009f3      0x1d0 ../arch/stm32/f3/src/stm32f3xx_hal.o
 .debug_abbrev  0x00000bc3      0x333 ../arch/stm32/f3/src/stm32f3xx_hal_tim.o
 .debug_abbrev  0x00000ef6      0x1ee ../arch/stm32/f3/src/stm32f3xx_hal_uart_ex.o
 .debug_abbrev  0x000010e4      0x304 ../arch/stm32/f3/src/stm32f3xx_hal_cortex.o
 .debug_abbrev  0x000013e8      0x219 ../arch/stm32/f3/src/stm32f3xx_hal_dma.o
 .debug_abbrev  0x00001601      0x2b6 ../arch/stm32/f3/src/stm32f3xx_hal_tim_ex.o
 .debug_abbrev  0x000018b7      0x1d7 ../arch/stm32/f3/src/stm32f3xx_hal_gpio.o
 .debug_abbrev  0x00001a8e      0x2cc ../arch/stm32/f3/src/stm32f3xx_hal_rcc.o
 .debug_abbrev  0x00001d5a      0x101 ../arch/stm32/f3/src/CMSIS/system_stm32f3xx.o
 .debug_abbrev  0x00001e5b       0x12 ../arch/stm32/f3/src/CMSIS/startup_stm32f303xc.o
 .debug_abbrev  0x00001e6d      0x287 ethylene.o
 .debug_abbrev  0x000020f4       0x94 user_source/foo.o
 .debug_abbrev  0x00002188      0x16a user_source/uart.o
 .debug_abbrev  0x000022f2      0x1ab user_source/hal_interface/uart_hal.o
 .debug_abbrev  0x0000249d      0x16a user_source/hal_interface/cpu.o
 .debug_abbrev  0x00002607      0x28e user_source/hal_interface/newlib_stubs.o
 .debug_abbrev  0x00002895      0x19b user_source/hal_interface/cube_hal_msp.o

.debug_loc      0x00000000     0xb906
 .debug_loc     0x00000000      0x108 ../arch/stm32/f3/src/stm32f3xx_hal_adc.o
 .debug_loc     0x00000108     0x1f2a ../arch/stm32/f3/src/stm32f3xx_hal_adc_ex.o
 .debug_loc     0x00002032       0xd1 ../arch/stm32/f3/src/stm32f3xx_hal_timebase_tim.o
 .debug_loc     0x00002103     0x1748 ../arch/stm32/f3/src/stm32f3xx_hal_uart.o
 .debug_loc     0x0000384b       0x4b ../arch/stm32/f3/src/stm32f3xx_hal.o
 .debug_loc     0x00003896     0x4284 ../arch/stm32/f3/src/stm32f3xx_hal_tim.o
 .debug_loc     0x00007b1a      0x32b ../arch/stm32/f3/src/stm32f3xx_hal_uart_ex.o
 .debug_loc     0x00007e45      0x658 ../arch/stm32/f3/src/stm32f3xx_hal_cortex.o
 .debug_loc     0x0000849d      0x6f1 ../arch/stm32/f3/src/stm32f3xx_hal_dma.o
 .debug_loc     0x00008b8e     0x1642 ../arch/stm32/f3/src/stm32f3xx_hal_tim_ex.o
 .debug_loc     0x0000a1d0      0x3cc ../arch/stm32/f3/src/stm32f3xx_hal_gpio.o
 .debug_loc     0x0000a59c      0x905 ../arch/stm32/f3/src/stm32f3xx_hal_rcc.o
 .debug_loc     0x0000aea1      0x11a ../arch/stm32/f3/src/CMSIS/system_stm32f3xx.o
 .debug_loc     0x0000afbb       0xe7 ethylene.o
 .debug_loc     0x0000b0a2       0x4e user_source/foo.o
 .debug_loc     0x0000b0f0      0x205 user_source/uart.o
 .debug_loc     0x0000b2f5       0x7c user_source/hal_interface/uart_hal.o
 .debug_loc     0x0000b371       0x6c user_source/hal_interface/cpu.o
 .debug_loc     0x0000b3dd      0x4e7 user_source/hal_interface/newlib_stubs.o
 .debug_loc     0x0000b8c4       0x42 user_source/hal_interface/cube_hal_msp.o

.debug_aranges  0x00000000      0x2c8
 .debug_aranges
                0x00000000       0x20 ../arch/stm32/f3/src/stm32f3xx_hal_adc.o
 .debug_aranges
                0x00000020       0x20 ../arch/stm32/f3/src/stm32f3xx_hal_adc_ex.o
 .debug_aranges
                0x00000040       0x20 ../arch/stm32/f3/src/stm32f3xx_hal_msp.o
 .debug_aranges
                0x00000060       0x20 ../arch/stm32/f3/src/stm32f3xx_hal_timebase_tim.o
 .debug_aranges
                0x00000080       0x20 ../arch/stm32/f3/src/stm32f3xx_hal_uart.o
 .debug_aranges
                0x000000a0       0x20 ../arch/stm32/f3/src/stm32f3xx_hal.o
 .debug_aranges
                0x000000c0       0x20 ../arch/stm32/f3/src/stm32f3xx_hal_tim.o
 .debug_aranges
                0x000000e0       0x20 ../arch/stm32/f3/src/stm32f3xx_hal_uart_ex.o
 .debug_aranges
                0x00000100       0x20 ../arch/stm32/f3/src/stm32f3xx_hal_cortex.o
 .debug_aranges
                0x00000120       0x20 ../arch/stm32/f3/src/stm32f3xx_hal_dma.o
 .debug_aranges
                0x00000140       0x20 ../arch/stm32/f3/src/stm32f3xx_hal_tim_ex.o
 .debug_aranges
                0x00000160       0x20 ../arch/stm32/f3/src/stm32f3xx_hal_gpio.o
 .debug_aranges
                0x00000180       0x20 ../arch/stm32/f3/src/stm32f3xx_hal_rcc.o
 .debug_aranges
                0x000001a0       0x20 ../arch/stm32/f3/src/CMSIS/system_stm32f3xx.o
 .debug_aranges
                0x000001c0       0x28 ../arch/stm32/f3/src/CMSIS/startup_stm32f303xc.o
 .debug_aranges
                0x000001e8       0x20 ethylene.o
 .debug_aranges
                0x00000208       0x20 user_source/foo.o
 .debug_aranges
                0x00000228       0x20 user_source/uart.o
 .debug_aranges
                0x00000248       0x20 user_source/hal_interface/uart_hal.o
 .debug_aranges
                0x00000268       0x20 user_source/hal_interface/cpu.o
 .debug_aranges
                0x00000288       0x20 user_source/hal_interface/newlib_stubs.o
 .debug_aranges
                0x000002a8       0x20 user_source/hal_interface/cube_hal_msp.o

.debug_line     0x00000000     0x6459
 .debug_line    0x00000000      0x1f2 ../arch/stm32/f3/src/stm32f3xx_hal_adc.o
 .debug_line    0x000001f2     0x1321 ../arch/stm32/f3/src/stm32f3xx_hal_adc_ex.o
 .debug_line    0x00001513      0x13f ../arch/stm32/f3/src/stm32f3xx_hal_msp.o
 .debug_line    0x00001652      0x232 ../arch/stm32/f3/src/stm32f3xx_hal_timebase_tim.o
 .debug_line    0x00001884      0xc1c ../arch/stm32/f3/src/stm32f3xx_hal_uart.o
 .debug_line    0x000024a0      0x1fe ../arch/stm32/f3/src/stm32f3xx_hal.o
 .debug_line    0x0000269e     0x11be ../arch/stm32/f3/src/stm32f3xx_hal_tim.o
 .debug_line    0x0000385c      0x2e3 ../arch/stm32/f3/src/stm32f3xx_hal_uart_ex.o
 .debug_line    0x00003b3f      0x310 ../arch/stm32/f3/src/stm32f3xx_hal_cortex.o
 .debug_line    0x00003e4f      0x48d ../arch/stm32/f3/src/stm32f3xx_hal_dma.o
 .debug_line    0x000042dc      0x7ba ../arch/stm32/f3/src/stm32f3xx_hal_tim_ex.o
 .debug_line    0x00004a96      0x2ff ../arch/stm32/f3/src/stm32f3xx_hal_gpio.o
 .debug_line    0x00004d95      0x733 ../arch/stm32/f3/src/stm32f3xx_hal_rcc.o
 .debug_line    0x000054c8      0x18a ../arch/stm32/f3/src/CMSIS/system_stm32f3xx.o
 .debug_line    0x00005652       0x8f ../arch/stm32/f3/src/CMSIS/startup_stm32f303xc.o
 .debug_line    0x000056e1      0x37b ethylene.o
 .debug_line    0x00005a5c       0x44 user_source/foo.o
 .debug_line    0x00005aa0      0x172 user_source/uart.o
 .debug_line    0x00005c12      0x20b user_source/hal_interface/uart_hal.o
 .debug_line    0x00005e1d      0x1c1 user_source/hal_interface/cpu.o
 .debug_line    0x00005fde      0x263 user_source/hal_interface/newlib_stubs.o
 .debug_line    0x00006241      0x218 user_source/hal_interface/cube_hal_msp.o

.debug_str      0x00000000     0x4380
 .debug_str     0x00000000      0x6b4 ../arch/stm32/f3/src/stm32f3xx_hal_adc.o
                                0x78d (size before relaxing)
 .debug_str     0x000006b4      0x71c ../arch/stm32/f3/src/stm32f3xx_hal_adc_ex.o
                                0xea5 (size before relaxing)
 .debug_str     0x00000dd0       0x3b ../arch/stm32/f3/src/stm32f3xx_hal_msp.o
                                0x1f1 (size before relaxing)
 .debug_str     0x00000e0b      0x838 ../arch/stm32/f3/src/stm32f3xx_hal_timebase_tim.o
                                0xc2d (size before relaxing)
 .debug_str     0x00001643      0x890 ../arch/stm32/f3/src/stm32f3xx_hal_uart.o
                                0xd8f (size before relaxing)
 .debug_str     0x00001ed3      0x1c9 ../arch/stm32/f3/src/stm32f3xx_hal.o
                                0x8e4 (size before relaxing)
 .debug_str     0x0000209c      0xa55 ../arch/stm32/f3/src/stm32f3xx_hal_tim.o
                               0x10f9 (size before relaxing)
 .debug_str     0x00002af1       0xef ../arch/stm32/f3/src/stm32f3xx_hal_uart_ex.o
                                0x874 (size before relaxing)
 .debug_str     0x00002be0      0x395 ../arch/stm32/f3/src/stm32f3xx_hal_cortex.o
                                0xb71 (size before relaxing)
 .debug_str     0x00002f75      0x209 ../arch/stm32/f3/src/stm32f3xx_hal_dma.o
                                0x651 (size before relaxing)
 .debug_str     0x0000317e      0x4c1 ../arch/stm32/f3/src/stm32f3xx_hal_tim_ex.o
                                0xd17 (size before relaxing)
 .debug_str     0x0000363f      0x1c3 ../arch/stm32/f3/src/stm32f3xx_hal_gpio.o
                                0x46a (size before relaxing)
 .debug_str     0x00003802      0x24f ../arch/stm32/f3/src/stm32f3xx_hal_rcc.o
                                0x687 (size before relaxing)
 .debug_str     0x00003a51       0x6e ../arch/stm32/f3/src/CMSIS/system_stm32f3xx.o
                                0x316 (size before relaxing)
 .debug_str     0x00003abf      0x4b2 ethylene.o
                                0xc52 (size before relaxing)
 .debug_str     0x00003f71       0x2d user_source/foo.o
                                0x131 (size before relaxing)
 .debug_str     0x00003f9e       0xd5 user_source/uart.o
                                0x2b9 (size before relaxing)
 .debug_str     0x00004073       0x8c user_source/hal_interface/uart_hal.o
                                0x730 (size before relaxing)
 .debug_str     0x000040ff       0x41 user_source/hal_interface/cpu.o
                                0x388 (size before relaxing)
 .debug_str     0x00004140      0x1fa user_source/hal_interface/newlib_stubs.o
                                0x494 (size before relaxing)
 .debug_str     0x0000433a       0x46 user_source/hal_interface/cube_hal_msp.o
                                0x962 (size before relaxing)

.comment        0x00000000       0x6e
 .comment       0x00000000       0x6e ../arch/stm32/f3/src/stm32f3xx_hal_adc.o
                                 0x6f (size before relaxing)
 .comment       0x0000006e       0x6f ../arch/stm32/f3/src/stm32f3xx_hal_adc_ex.o
 .comment       0x0000006e       0x6f ../arch/stm32/f3/src/stm32f3xx_hal_msp.o
 .comment       0x0000006e       0x6f ../arch/stm32/f3/src/stm32f3xx_hal_timebase_tim.o
 .comment       0x0000006e       0x6f ../arch/stm32/f3/src/stm32f3xx_hal_uart.o
 .comment       0x0000006e       0x6f ../arch/stm32/f3/src/stm32f3xx_hal.o
 .comment       0x0000006e       0x6f ../arch/stm32/f3/src/stm32f3xx_hal_tim.o
 .comment       0x0000006e       0x6f ../arch/stm32/f3/src/stm32f3xx_hal_uart_ex.o
 .comment       0x0000006e       0x6f ../arch/stm32/f3/src/stm32f3xx_hal_cortex.o
 .comment       0x0000006e       0x6f ../arch/stm32/f3/src/stm32f3xx_hal_dma.o
 .comment       0x0000006e       0x6f ../arch/stm32/f3/src/stm32f3xx_hal_tim_ex.o
 .comment       0x0000006e       0x6f ../arch/stm32/f3/src/stm32f3xx_hal_gpio.o
 .comment       0x0000006e       0x6f ../arch/stm32/f3/src/stm32f3xx_hal_rcc.o
 .comment       0x0000006e       0x6f ../arch/stm32/f3/src/CMSIS/system_stm32f3xx.o
 .comment       0x0000006e       0x6f ethylene.o
 .comment       0x0000006e       0x6f user_source/foo.o