Archive member included to satisfy reference by file (symbol)

c:/some_user/sandbox/gcc-arm-none-eabi-5_4-2016q3/bin/../lib/gcc/arm-none-eabi/5.4.1/../../../../arm-none-eabi/lib/armv7e-m/fpu\libc.a(lib_a-exit.o)
                              c:/some_user/sandbox/gcc-arm-none-eabi-5_4-2016q3/bin/../lib/gcc/arm-none-eabi/5.4.1/../../../../arm-none-eabi/lib/armv7e-m/fpu/crt0.o (exit)
c:/some_user/sandbox/gcc-arm-none-eabi-5_4-2016q3/bin/../lib/gcc/arm-none-eabi/5.4.1/../../../../arm-none-eabi/lib/armv7e-m/fpu\libc.a(lib_a-impure.o)
                              c:/some_user/sandbox/gcc-arm-none-eabi-5_4-2016q3/bin/../lib/gcc/arm-none-eabi/5.4.1/../../../../arm-none-eabi/lib/armv7e-m/fpu\libc.a(lib_a-exit.o) (_global_impure_ptr)
c:/some_user/sandbox/gcc-arm-none-eabi-5_4-2016q3/bin/../lib/gcc/arm-none-eabi/5.4.1/../../../../arm-none-eabi/lib/armv7e-m/fpu\libc.a(lib_a-init.o)
                              c:/some_user/sandbox/gcc-arm-none-eabi-5_4-2016q3/bin/../lib/gcc/arm-none-eabi/5.4.1/../../../../arm-none-eabi/lib/armv7e-m/fpu/crt0.o (__libc_init_array)
c:/some_user/sandbox/gcc-arm-none-eabi-5_4-2016q3/bin/../lib/gcc/arm-none-eabi/5.4.1/../../../../arm-none-eabi/lib/armv7e-m/fpu\libc.a(lib_a-memset.o)
                              c:/some_user/sandbox/gcc-arm-none-eabi-5_4-2016q3/bin/../lib/gcc/arm-none-eabi/5.4.1/../../../../arm-none-eabi/lib/armv7e-m/fpu/crt0.o (memset)
c:/some_user/sandbox/gcc-arm-none-eabi-5_4-2016q3/bin/../lib/gcc/arm-none-eabi/5.4.1/../../../../arm-none-eabi/lib/armv7e-m/fpu\libc.a(lib_a-__call_atexit.o)
                              c:/some_user/sandbox/gcc-arm-none-eabi-5_4-2016q3/bin/../lib/gcc/arm-none-eabi/5.4.1/../../../../arm-none-eabi/lib/armv7e-m/fpu\libc.a(lib_a-exit.o) (__call_exitprocs)
c:/some_user/sandbox/gcc-arm-none-eabi-5_4-2016q3/bin/../lib/gcc/arm-none-eabi/5.4.1/../../../../arm-none-eabi/lib/armv7e-m/fpu\libc.a(lib_a-atexit.o)
                              c:/some_user/sandbox/gcc-arm-none-eabi-5_4-2016q3/bin/../lib/gcc/arm-none-eabi/5.4.1/../../../../arm-none-eabi/lib/armv7e-m/fpu\libc.a(lib_a-__call_atexit.o) (atexit)
c:/some_user/sandbox/gcc-arm-none-eabi-5_4-2016q3/bin/../lib/gcc/arm-none-eabi/5.4.1/../../../../arm-none-eabi/lib/armv7e-m/fpu\libc.a(lib_a-fini.o)
                              c:/some_user/sandbox/gcc-arm-none-eabi-5_4-2016q3/bin/../lib/gcc/arm-none-eabi/5.4.1/../../../../arm-none-eabi/lib/armv7e-m/fpu\libc.a(lib_a-__call_atexit.o) (__libc_fini_array)
c:/some_user/sandbox/gcc-arm-none-eabi-5_4-2016q3/bin/../lib/gcc/arm-none-eabi/5.4.1/../../../../arm-none-eabi/lib/armv7e-m/fpu\libc.a(lib_a-__atexit.o)
                              c:/some_user/sandbox/gcc-arm-none-eabi-5_4-2016q3/bin/../lib/gcc/arm-none-eabi/5.4.1/../../../../arm-none-eabi/lib/armv7e-m/fpu\libc.a(lib_a-atexit.o) (__register_exitproc)
c:/some_user/sandbox/gcc-arm-none-eabi-5_4-2016q3/bin/../lib/gcc/arm-none-eabi/5.4.1/../../../../arm-none-eabi/lib/armv7e-m/fpu\libc.a(lib_a-printf.o)
                              master.o (printf)
c:/some_user/sandbox/gcc-arm-none-eabi-5_4-2016q3/bin/../lib/gcc/arm-none-eabi/5.4.1/../../../../arm-none-eabi/lib/armv7e-m/fpu\libc.a(lib_a-puts.o)
                              master.o (puts)
c:/some_user/sandbox/gcc-arm-none-eabi-5_4-2016q3/bin/../lib/gcc/arm-none-eabi/5.4.1/../../../../arm-none-eabi/lib/armv7e-m/fpu\libc.a(lib_a-reent.o)
                              user_source/hal_interface/newlib_stubs.o (errno)
c:/some_user/sandbox/gcc-arm-none-eabi-5_4-2016q3/bin/../lib/gcc/arm-none-eabi/5.4.1/../../../../arm-none-eabi/lib/armv7e-m/fpu\libc.a(lib_a-setvbuf.o)
                              master.o (setvbuf)
c:/some_user/sandbox/gcc-arm-none-eabi-5_4-2016q3/bin/../lib/gcc/arm-none-eabi/5.4.1/../../../../arm-none-eabi/lib/armv7e-m/fpu\libc.a(lib_a-strlen.o)
                              c:/some_user/sandbox/gcc-arm-none-eabi-5_4-2016q3/bin/../lib/gcc/arm-none-eabi/5.4.1/../../../../arm-none-eabi/lib/armv7e-m/fpu\libc.a(lib_a-puts.o) (strlen)
c:/some_user/sandbox/gcc-arm-none-eabi-5_4-2016q3/bin/../lib/gcc/arm-none-eabi/5.4.1/../../../../arm-none-eabi/lib/armv7e-m/fpu\libc.a(lib_a-vfprintf.o)
                              c:/some_user/sandbox/gcc-arm-none-eabi-5_4-2016q3/bin/../lib/gcc/arm-none-eabi/5.4.1/../../../../arm-none-eabi/lib/armv7e-m/fpu\libc.a(lib_a-printf.o) (_vfprintf_r)
c:/some_user/sandbox/gcc-arm-none-eabi-5_4-2016q3/bin/../lib/gcc/arm-none-eabi/5.4.1/../../../../arm-none-eabi/lib/armv7e-m/fpu\libc.a(lib_a-wsetup.o)
                              c:/some_user/sandbox/gcc-arm-none-eabi-5_4-2016q3/bin/../lib/gcc/arm-none-eabi/5.4.1/../../../../arm-none-eabi/lib/armv7e-m/fpu\libc.a(lib_a-vfprintf.o) (__swsetup_r)
c:/some_user/sandbox/gcc-arm-none-eabi-5_4-2016q3/bin/../lib/gcc/arm-none-eabi/5.4.1/../../../../arm-none-eabi/lib/armv7e-m/fpu\libc.a(lib_a-dtoa.o)
[...]
Memory Configuration

Name             Origin             Length             Attributes
FLASH            0x08000000         0x00040000         xr
RAM              0x20000000         0x0000a000         xrw
CCMRAM           0x10000000         0x00002000         rw
*default*        0x00000000         0xffffffff

Linker script and memory map

LOAD c:/some_user/sandbox/gcc-arm-none-eabi-5_4-2016q3/bin/../lib/gcc/arm-none-eabi/5.4.1/armv7e-m/fpu/crti.o
LOAD c:/some_user/sandbox/gcc-arm-none-eabi-5_4-2016q3/bin/../lib/gcc/arm-none-eabi/5.4.1/armv7e-m/fpu/crtbegin.o
LOAD c:/some_user/sandbox/gcc-arm-none-eabi-5_4-2016q3/bin/../lib/gcc/arm-none-eabi/5.4.1/../../../../arm-none-eabi/lib/armv7e-m/fpu/crt0.o
                0x2000a000                _estack = 0x2000a000
                0x00000200                _Min_Heap_Size = 0x200
                0x00000400                _Min_Stack_Size = 0x400

.isr_vector     0x08000000      0x188
                0x08000000                . = ALIGN (0x4)
 *(.isr_vector)
 .isr_vector    0x08000000      0x188 ../arch/stm32/f3/src/CMSIS/startup_stm32f303xc.o
                0x08000000                g_pfnVectors
                0x08000188                . = ALIGN (0x4)

.text           0x080001c0     0xc118
                0x080001c0                . = ALIGN (0x4)
 *(.text)
 .text          0x080001c0       0x5c c:/some_user/sandbox/gcc-arm-none-eabi-5_4-2016q3/bin/../lib/gcc/arm-none-eabi/5.4.1/armv7e-m/fpu/crtbegin.o
 .text          0x0800021c       0x10 ../arch/stm32/f3/src/stm32f3xx_hal_msp.o
                0x0800021c                HAL_MspInit
                0x08000220                HAL_MspDeInit
                0x08000224                HAL_PPP_MspInit
                0x08000228                HAL_PPP_MspDeInit
 .text          0x0800022c       0xc0 ../arch/stm32/f3/src/stm32f3xx_hal_timebase_tim.o
                0x0800022c                HAL_InitTick
                0x080002b4                HAL_SuspendTick
                0x080002c8                HAL_ResumeTick
                0x080002dc                HAL_TIM_PeriodElapsedCallback
                0x080002e0                TIM6_DAC_IRQHandler
 .text          0x080002ec     0x12d8 ../arch/stm32/f3/src/stm32f3xx_hal_uart.o
                0x080002f0                HAL_UART_MspDeInit
                0x080002f4                HAL_UART_DeInit
                0x0800032c                HAL_UART_Transmit_IT
                0x08000374                HAL_UART_Receive_IT
                0x080003f4                HAL_UART_Transmit_DMA
                0x08000470                HAL_UART_Receive_DMA
                0x080004f4                HAL_UART_DMAPause
                0x08000554                HAL_UART_DMAResume
                0x080005bc                HAL_UART_DMAStop
                0x08000634                HAL_UART_Abort
                0x080006a0                HAL_UART_AbortTransmit
                0x080006d8                HAL_UART_AbortReceive
                0x0800071c                HAL_UART_TxCpltCallback
                0x0800074c                HAL_UART_TxHalfCpltCallback
                0x0800075c                HAL_UART_RxCpltCallback
                0x08000798                HAL_UART_RxHalfCpltCallback
                0x080007a8                HAL_UART_ErrorCallback
                0x0800082c                HAL_UART_AbortCpltCallback
                0x08000830                HAL_UART_Abort_IT
                0x08000958                HAL_UART_AbortTransmitCpltCallback
                0x0800095c                HAL_UART_AbortTransmit_IT
                0x080009d8                HAL_UART_AbortReceiveCpltCallback
                0x080009dc                HAL_UART_AbortReceive_IT
                0x08000a70                HAL_MultiProcessor_EnterMuteMode
                0x08000a7c                HAL_HalfDuplex_EnableTransmitter
                0x08000ab8                HAL_HalfDuplex_EnableReceiver
                0x08000af4                HAL_LIN_SendBreak
                0x08000b28                HAL_UART_GetState
                0x08000b34                HAL_UART_GetError
                0x08000b38                UART_SetConfig
                0x08000da8                UART_AdvFeatureConfig
                0x08000e58                UART_WaitOnFlagUntilTimeout
                0x08000ec0                HAL_UART_Transmit
                0x08000f78                HAL_UART_Receive
                0x08001060                UART_CheckIdleState
                0x080010d0                HAL_UART_Init
                0x0800113c                HAL_HalfDuplex_Init
                0x080011b4                HAL_LIN_Init
                0x08001244                HAL_MultiProcessor_Init
                0x080012d4                HAL_MultiProcessor_EnableMuteMode
                0x08001304                HAL_MultiProcessor_DisableMuteMode
                0x08001334                UART_Transmit_IT
                0x0800139c                UART_EndTransmit_IT
                0x080013b8                UART_Receive_IT
                0x08001430                HAL_UART_IRQHandler
                0x08001590                UART_Wakeup_AddressConfig
 .text          0x080015c4      0x158 ../arch/stm32/f3/src/stm32f3xx_hal.o
                0x080015cc                HAL_DeInit
                0x0800161c                HAL_Init
                0x08001640                HAL_IncTick
                0x08001650                HAL_GetTick
                0x0800165c                HAL_Delay
                0x08001698                HAL_GetHalVersion
                0x080016a0                HAL_GetREVID
                0x080016ac                HAL_GetDEVID
                0x080016bc                HAL_DBGMCU_EnableDBGSleepMode
                0x080016cc                HAL_DBGMCU_DisableDBGSleepMode
                0x080016dc                HAL_DBGMCU_EnableDBGStopMode
                0x080016ec                HAL_DBGMCU_DisableDBGStopMode
                0x080016fc                HAL_DBGMCU_EnableDBGStandbyMode
                0x0800170c                HAL_DBGMCU_DisableDBGStandbyMode
 .text          0x0800171c     0x2160 ../arch/stm32/f3/src/stm32f3xx_hal_tim.o
                0x080017d0                HAL_TIM_Base_MspInit
                0x080017d4                HAL_TIM_Base_MspDeInit
                0x080017d8                HAL_TIM_Base_DeInit
                0x08001814                HAL_TIM_Base_Start
                0x08001834                HAL_TIM_Base_Stop
                0x08001864                HAL_TIM_Base_Start_IT
                0x0800187c                HAL_TIM_Base_Stop_IT
                0x080018a8                HAL_TIM_Base_Start_DMA
                0x08001904                HAL_TIM_Base_Stop_DMA
                0x08001934                HAL_TIM_OC_MspInit
                0x08001938                HAL_TIM_OC_MspDeInit
                0x0800193c                HAL_TIM_OC_DeInit
                0x08001978                HAL_TIM_OC_Stop
                0x08001a04                HAL_TIM_PWM_MspDeInit
                0x08001a08                HAL_TIM_PWM_DeInit
                0x08001a44                HAL_TIM_PWM_Start
                0x08001aa4                HAL_TIM_OC_Start
                0x08001aa8                HAL_TIM_PWM_Stop
                0x08001b34                HAL_TIM_PWM_Start_IT
                0x08001bdc                HAL_TIM_OC_Start_IT
                0x08001be0                HAL_TIM_PWM_Stop_IT
                0x08001cb0                HAL_TIM_OC_Stop_IT
                0x08001cb4                HAL_TIM_PWM_Start_DMA
                0x08001de4                HAL_TIM_OC_Start_DMA
                0x08001de8                HAL_TIM_PWM_Stop_DMA
                0x08001ebc                HAL_TIM_OC_Stop_DMA
                0x08001ec0                HAL_TIM_IC_MspInit
                0x08001ec4                HAL_TIM_IC_MspDeInit
                0x08001ec8                HAL_TIM_IC_DeInit
                0x08001f04                HAL_TIM_IC_Start
                0x08001f28                HAL_TIM_IC_Stop
                0x08001f5c                HAL_TIM_IC_Start_IT
                0x08001fc4                HAL_TIM_IC_Stop_IT
                0x08002040                HAL_TIM_IC_Start_DMA
                0x08002124                HAL_TIM_IC_Stop_DMA
                0x080021ac                HAL_TIM_OnePulse_MspInit
                0x080021b0                HAL_TIM_OnePulse_MspDeInit
                0x080021b4                HAL_TIM_OnePulse_DeInit
                0x080021f0                HAL_TIM_OnePulse_Start
                0x08002250                HAL_TIM_OnePulse_Stop
                0x080022d8                HAL_TIM_OnePulse_Start_IT
                0x08002348                HAL_TIM_OnePulse_Stop_IT
                0x080023e0                HAL_TIM_Encoder_MspInit
                0x080023e4                HAL_TIM_Encoder_MspDeInit
                0x080023e8                HAL_TIM_Encoder_DeInit
                0x08002424                HAL_TIM_Encoder_Start
                0x08002470                HAL_TIM_Encoder_Stop
                0x080024c4                HAL_TIM_Encoder_Start_IT
                0x08002544                HAL_TIM_Encoder_Stop_IT
                0x080025c4                HAL_TIM_Encoder_Start_DMA
                0x0800270c                HAL_TIM_Encoder_Stop_DMA
                0x0800278c                HAL_TIM_DMABurst_WriteStart
                0x08002870                HAL_TIM_DMABurst_ReadStart
                0x08002954                HAL_TIM_DMABurst_ReadStop
                0x080029cc                HAL_TIM_DMABurst_WriteStop
                0x080029d0                HAL_TIM_GenerateEvent
                0x08002ac8                HAL_TIM_ConfigClockSource
                0x08002c58                HAL_TIM_ConfigTI1Input
                0x08002c68                HAL_TIM_SlaveConfigSynchronization
                0x08002ca8                HAL_TIM_SlaveConfigSynchronization_IT
                0x08002ce8                HAL_TIM_ReadCapturedValue
                0x08002d5c                HAL_TIM_OC_DelayElapsedCallback
                0x08002d60                HAL_TIM_IC_CaptureCallback
                0x08002d64                TIM_DMACaptureCplt
                0x08002db0                HAL_TIM_PWM_PulseFinishedCallback
                0x08002db4                TIM_DMADelayPulseCplt
                0x08002e00                HAL_TIM_TriggerCallback
                0x08002e04                HAL_TIM_IRQHandler
                0x08002f68                HAL_TIM_ErrorCallback
                0x08002f6c                TIM_DMAError
                0x08002f7c                HAL_TIM_Base_GetState
                0x08002f84                HAL_TIM_OC_GetState
                0x08002f8c                HAL_TIM_PWM_GetState
                0x08002f94                HAL_TIM_IC_GetState
                0x08002f9c                HAL_TIM_OnePulse_GetState
                0x08002fa4                HAL_TIM_Encoder_GetState
                0x08002fac                TIM_Base_SetConfig
                0x08003084                HAL_TIM_Base_Init
                0x080030bc                HAL_TIM_OC_Init
                0x080030f4                HAL_TIM_PWM_Init
                0x0800312c                HAL_TIM_IC_Init
                0x08003164                HAL_TIM_OnePulse_Init
                0x080031ac                HAL_TIM_Encoder_Init
                0x08003258                TIM_OC1_SetConfig
                0x080032d8                TIM_OC2_SetConfig
                0x0800335c                TIM_OC3_SetConfig
                0x080033dc                TIM_OC4_SetConfig
                0x08003580                TIM_TI1_SetConfig
                0x080035e8                HAL_TIM_IC_ConfigChannel
                0x08003720                HAL_TIM_OnePulse_ConfigChannel
                0x08003844                TIM_ETR_SetConfig
                0x0800385c                TIM_CCxChannelCmd
 .text          0x0800387c      0x1b0 ../arch/stm32/f3/src/stm32f3xx_hal_uart_ex.o
                0x0800387c                HAL_RS485Ex_Init
                0x0800390c                HAL_UARTEx_WakeupCallback
                0x08003910                HAL_UARTEx_StopModeWakeUpSourceConfig
                0x08003990                HAL_UARTEx_EnableStopMode
                0x080039c4                HAL_UARTEx_DisableStopMode
                0x080039f8                HAL_MultiProcessorEx_AddressLength_Set
 .text          0x08003a2c      0x2b0 ../arch/stm32/f3/src/stm32f3xx_hal_cortex.o
                0x08003a2c                HAL_NVIC_SetPriorityGrouping
                0x08003a50                HAL_NVIC_SetPriority
                0x08003ac0                HAL_NVIC_EnableIRQ
                0x08003ad8                HAL_NVIC_DisableIRQ
                0x08003af4                HAL_NVIC_SystemReset
                0x08003b18                HAL_SYSTICK_Config
                0x08003b4c                HAL_MPU_Disable
                0x08003b68                HAL_MPU_Enable
                0x08003b84                HAL_MPU_ConfigRegion
                0x08003bd8                HAL_NVIC_GetPriorityGrouping
                0x08003be8                HAL_NVIC_GetPriority
                0x08003c48                HAL_NVIC_SetPendingIRQ
                0x08003c64                HAL_NVIC_GetPendingIRQ
                0x08003c80                HAL_NVIC_ClearPendingIRQ
                0x08003c9c                HAL_NVIC_GetActive
                0x08003cb8                HAL_SYSTICK_CLKSourceConfig
                0x08003cd0                HAL_SYSTICK_Callback
                0x08003cd4                HAL_SYSTICK_IRQHandler
 .text          0x08003cdc      0x490 ../arch/stm32/f3/src/stm32f3xx_hal_dma.o
                0x08003cdc                HAL_DMA_Init
                0x08003d6c                HAL_DMA_DeInit
                0x08003de0                HAL_DMA_Start
                0x08003e44                HAL_DMA_Start_IT
                0x08003ec8                HAL_DMA_Abort
                0x08003efc                HAL_DMA_Abort_IT
                0x08003f44                HAL_DMA_PollForTransfer
                0x08004018                HAL_DMA_IRQHandler
                0x080040b0                HAL_DMA_RegisterCallback
                0x08004104                HAL_DMA_UnRegisterCallback
                0x08004160                HAL_DMA_GetState
                0x08004168                HAL_DMA_GetError
 .text          0x0800416c      0xc84 ../arch/stm32/f3/src/stm32f3xx_hal_tim_ex.o
                0x0800424c                HAL_TIMEx_HallSensor_MspInit
                0x08004250                HAL_TIMEx_HallSensor_Init
                0x08004308                HAL_TIMEx_HallSensor_MspDeInit
                0x0800430c                HAL_TIMEx_HallSensor_DeInit
                0x08004348                HAL_TIMEx_HallSensor_Start
                0x08004364                HAL_TIMEx_HallSensor_Stop
                0x08004394                HAL_TIMEx_HallSensor_Start_IT
                0x080043b8                HAL_TIMEx_HallSensor_Stop_IT
                0x080043f0                HAL_TIMEx_HallSensor_Start_DMA
                0x0800445c                HAL_TIMEx_HallSensor_Stop_DMA
                0x08004494                HAL_TIMEx_PWMN_Start
                0x080044c0                HAL_TIMEx_OCN_Start
                0x080044c4                HAL_TIMEx_PWMN_Start_IT
                0x0800453c                HAL_TIMEx_OCN_Start_IT
                0x08004540                HAL_TIMEx_PWMN_Stop_IT
                0x080045e8                HAL_TIMEx_OCN_Stop_IT
                0x080045ec                HAL_TIMEx_PWMN_Start_DMA
                0x080046ec                HAL_TIMEx_OCN_Start_DMA
                0x080046f0                HAL_TIMEx_PWMN_Stop_DMA
                0x08004794                HAL_TIMEx_OCN_Stop_DMA
                0x08004798                HAL_TIMEx_OnePulseN_Start
                0x080047bc                HAL_TIMEx_OnePulseN_Stop
                0x08004810                HAL_TIMEx_PWMN_Stop
                0x08004814                HAL_TIMEx_OCN_Stop
                0x08004818                HAL_TIMEx_OnePulseN_Start_IT
                0x0800484c                HAL_TIMEx_OnePulseN_Stop_IT
                0x080048b0                HAL_TIMEx_ConfigCommutationEvent
                0x08004900                HAL_TIMEx_ConfigCommutationEvent_IT
                0x08004958                HAL_TIMEx_ConfigCommutationEvent_DMA
                0x080049c0                HAL_TIM_OC_ConfigChannel
                0x08004a38                HAL_TIM_PWM_ConfigChannel
                0x08004b60                HAL_TIMEx_MasterConfigSynchronization
                0x08004bb4                HAL_TIMEx_ConfigBreakDeadTime
                0x08004c40                HAL_TIMEx_RemapConfig
                0x08004c6c                HAL_TIMEx_GroupChannel5
                0x08004ca4                HAL_TIM_ConfigOCrefClear
                0x08004dd0                HAL_TIMEx_CommutationCallback
                0x08004dd4                TIMEx_DMACommutationCplt
                0x08004de4                HAL_TIMEx_BreakCallback
                0x08004de8                HAL_TIMEx_HallSensor_GetState
 .text          0x08004df0      0x36c ../arch/stm32/f3/src/stm32f3xx_hal_gpio.o
                0x08004df0                HAL_GPIO_Init
                0x08004fc8                HAL_GPIO_DeInit
                0x080050f4                HAL_GPIO_ReadPin
                0x08005100                HAL_GPIO_WritePin
                0x0800510c                HAL_GPIO_TogglePin
                0x08005114                HAL_GPIO_LockPin
                0x08005144                HAL_GPIO_EXTI_IRQHandler
 .text          0x0800515c      0x9e8 ../arch/stm32/f3/src/stm32f3xx_hal_rcc.o
                0x0800515c                HAL_RCC_DeInit
                0x080051ac                HAL_RCC_OscConfig
                0x08005758                HAL_RCC_MCOConfig
                0x080057a4                HAL_RCC_EnableCSS
                0x080057c0                HAL_RCC_DisableCSS
                0x080057dc                HAL_RCC_GetSysClockFreq
                0x08005848                HAL_RCC_ClockConfig
                0x080059d4                HAL_RCC_GetHCLKFreq
                0x080059e0                HAL_RCC_GetPCLK1Freq
                0x08005a10                HAL_RCC_GetPCLK2Freq
                0x08005a40                HAL_RCC_GetOscConfig
                0x08005adc                HAL_RCC_GetClockConfig
                0x08005b20                HAL_RCC_CSSCallback
                0x08005b24                HAL_RCC_NMI_IRQHandler
 .text          0x08005b44       0xd0 ../arch/stm32/f3/src/CMSIS/system_stm32f3xx.o
                0x08005b44                SystemInit
                0x08005bb4                SystemCoreClockUpdate
 .text          0x08005c14      0x434 master.o
                0x08005c14                voidInitTimer7
                0x08005c58                TIM7_IRQHandler
                0x08005c80                ultra_init
                0x08005da4                EXTI9_5_IRQHandler
                0x08005db8                EXTI15_10_IRQHandler
                0x08005dc0                HAL_GPIO_EXTI_Callback
                0x08005ea0                TIM2_IRQHandler
                0x08005eac                ahead
                0x08005ef4                back
                0x08005f3c                turn_around_clk
                0x08005f84                turn_around_cclk
                0x08005fcc                stop_run
                0x08005fdc                turnright
                0x08006010                turnleft
                0x08006044                change_fuck
 .text          0x08006048       0x10 user_source/foo.o
                0x08006048                foo
                0x0800604c                TEST_FOO
 .text          0x08006058       0x58 user_source/uart.o
                0x08006058                uart_debug_init
                0x08006060                uart_init
                0x08006068                uart_get_byte_blocking
                0x0800606c                uart_send_byte_blocking
                0x08006070                uart_get_data_blocking
                0x08006090                uart_send_data_blocking
 .text          0x080060b0       0xac user_source/hal_interface/board_led.o
                0x080060b0                board_led_init
                0x080060f4                board_led_on
                0x08006118                board_led_off
                0x0800613c                board_led_toggle
 .text          0x0800615c       0x74 user_source/hal_interface/uart_hal.o
                0x0800615c                uart_hal_init
                0x0800619c                uart_hal_send_byte_blocking
                0x080061b4                uart_hal_get_byte_blocking
 .text          0x080061d0       0x7c user_source/hal_interface/cpu.o
                0x080061d0                cpu_init
                0x08006220                cpu_sw_delay
                0x08006238                cpu_sw_delay_US
 .text          0x0800624c      0x190 user_source/hal_interface/newlib_stubs.o
                0x0800624c                _exit
                0x08006268                _close
                0x08006270                _execve
                0x08006280                _fork
                0x08006290                _fstat
                0x0800629c                _getpid
                0x080062a0                _isatty
                0x080062b8                _kill
                0x080062c8                _link
                0x080062d8                _lseek
                0x080062dc                _read
                0x08006310                _stat
                0x0800631c                _times
                0x08006324                _unlink
                0x08006334                _wait
                0x08006344                _write
                0x08006394                _sbrk
 .text          0x080063dc      0x114 user_source/hal_interface/pwm_hal.o
                0x080063dc                init_pwm
                0x08006434                set_pwm
 .text          0x080064f0       0xd4 user_source/hal_interface/cube_hal_msp.o
                0x080064f0                HAL_UART_MspInit
                0x0800656c                HAL_TIM_PWM_MspInit
 *fill*         0x080065c4       0x3c 
 .text          0x08006600       0xdc c:/some_user/sandbox/gcc-arm-none-eabi-5_4-2016q3/bin/../lib/gcc/arm-none-eabi/5.4.1/../../../../arm-none-eabi/lib/armv7e-m/fpu\libc.a(lib_a-strlen.o)
                0x08006600                strlen
 *fill*         0x080066dc        0x4 
 .text          0x080066e0       0xa0 c:/some_user/sandbox/gcc-arm-none-eabi-5_4-2016q3/bin/../lib/gcc/arm-none-eabi/5.4.1/../../../../arm-none-eabi/lib/armv7e-m/fpu\libc.a(lib_a-memchr.o)
                0x080066e0                memchr
 .text          0x08006780      0x134 c:/some_user/sandbox/gcc-arm-none-eabi-5_4-2016q3/bin/../lib/gcc/arm-none-eabi/5.4.1/../../../../arm-none-eabi/lib/armv7e-m/fpu\libc.a(lib_a-memcpy.o)
                0x08006780                memcpy
 .text          0x080068b4      0x370 c:/some_user/sandbox/gcc-arm-none-eabi-5_4-2016q3/bin/../lib/gcc/arm-none-eabi/5.4.1/armv7e-m/fpu\libgcc.a(_arm_addsubdf3.o)
                0x080068b4                __aeabi_drsub
                0x080068bc                __aeabi_dsub
                0x080068bc                __subdf3
                0x080068c0                __aeabi_dadd
                0x080068c0                __adddf3
                0x08006b38                __floatunsidf
                0x08006b38                __aeabi_ui2d
                0x08006b58                __floatsidf
                0x08006b58                __aeabi_i2d
                0x08006b7c                __aeabi_f2d
                0x08006b7c                __extendsfdf2
                0x08006bb8                __floatundidf
                0x08006bb8                __aeabi_ul2d
                0x08006bc8                __floatdidf
                0x08006bc8                __aeabi_l2d
 .text          0x08006c24      0x424 c:/some_user/sandbox/gcc-arm-none-eabi-5_4-2016q3/bin/../lib/gcc/arm-none-eabi/5.4.1/armv7e-m/fpu\libgcc.a(_arm_muldivdf3.o)
                0x08006c24                __aeabi_dmul
                0x08006c24                __muldf3
                0x08006e78                __divdf3
                0x08006e78                __aeabi_ddiv
 .text          0x08007048      0x110 c:/some_user/sandbox/gcc-arm-none-eabi-5_4-2016q3/bin/../lib/gcc/arm-none-eabi/5.4.1/armv7e-m/fpu\libgcc.a(_arm_cmpdf2.o)
                0x08007048                __gtdf2
                0x08007048                __gedf2
                0x08007050                __ltdf2
                0x08007050                __ledf2
                0x08007058                __nedf2
                0x08007058                __eqdf2
                0x08007058                __cmpdf2
                0x080070d4                __aeabi_cdrcmple
                0x080070e4                __aeabi_cdcmpeq
                0x080070e4                __aeabi_cdcmple
                0x080070f4                __aeabi_dcmpeq
                0x08007108                __aeabi_dcmplt
                0x0800711c                __aeabi_dcmple
                0x08007130                __aeabi_dcmpge
                0x08007144                __aeabi_dcmpgt
 .text          0x08007158       0x2c c:/some_user/sandbox/gcc-arm-none-eabi-5_4-2016q3/bin/../lib/gcc/arm-none-eabi/5.4.1/armv7e-m/fpu\libgcc.a(_arm_unorddf2.o)
                0x08007158                __unorddf2
                0x08007158                __aeabi_dcmpun
 .text          0x08007184       0x50 c:/some_user/sandbox/gcc-arm-none-eabi-5_4-2016q3/bin/../lib/gcc/arm-none-eabi/5.4.1/armv7e-m/fpu\libgcc.a(_arm_fixdfsi.o)
                0x08007184                __aeabi_d2iz
                0x08007184                __fixdfsi
 .text          0x080071d4       0x30 c:/some_user/sandbox/gcc-arm-none-eabi-5_4-2016q3/bin/../lib/gcc/arm-none-eabi/5.4.1/armv7e-m/fpu\libgcc.a(_aeabi_uldivmod.o)
                0x080071d4                __aeabi_uldivmod
 .text          0x08007204      0x2e4 c:/some_user/sandbox/gcc-arm-none-eabi-5_4-2016q3/bin/../lib/gcc/arm-none-eabi/5.4.1/armv7e-m/fpu\libgcc.a(_udivmoddi4.o)
                0x08007204                __udivmoddi4
 .text          0x080074e8        0x4 c:/some_user/sandbox/gcc-arm-none-eabi-5_4-2016q3/bin/../lib/gcc/arm-none-eabi/5.4.1/armv7e-m/fpu\libgcc.a(_dvmd_tls.o)
                0x080074e8                __aeabi_idiv0
                0x080074e8                __aeabi_ldiv0
 *(.text*)
 .text.__libc_init_array
                0x080074ec       0x50 c:/some_user/sandbox/gcc-arm-none-eabi-5_4-2016q3/bin/../lib/gcc/arm-none-eabi/5.4.1/../../../../arm-none-eabi/lib/armv7e-m/fpu\libc.a(lib_a-init.o)
                0x080074ec                __libc_init_array
 .text.memset   0x0800753c       0x9c c:/some_user/sandbox/gcc-arm-none-eabi-5_4-2016q3/bin/../lib/gcc/arm-none-eabi/5.4.1/../../../../arm-none-eabi/lib/armv7e-m/fpu\libc.a(lib_a-memset.o)
                0x0800753c                memset
 .text.startup.register_fini
                0x080075d8       0x14 c:/some_user/sandbox/gcc-arm-none-eabi-5_4-2016q3/bin/../lib/gcc/arm-none-eabi/5.4.1/../../../../arm-none-eabi/lib/armv7e-m/fpu\libc.a(lib_a-__call_atexit.o)
 .text.atexit   0x080075ec        0xc c:/some_user/sandbox/gcc-arm-none-eabi-5_4-2016q3/bin/../lib/gcc/arm-none-eabi/5.4.1/../../../../arm-none-eabi/lib/armv7e-m/fpu\libc.a(lib_a-atexit.o)
                0x080075ec                atexit
 .text.__libc_fini_array
                0x080075f8       0x28 c:/some_user/sandbox/gcc-arm-none-eabi-5_4-2016q3/bin/../lib/gcc/arm-none-eabi/5.4.1/../../../../arm-none-eabi/lib/armv7e-m/fpu\libc.a(lib_a-fini.o)
                0x080075f8                __libc_fini_array
 .text.__register_exitproc
                0x08007620       0xa4 c:/some_user/sandbox/gcc-arm-none-eabi-5_4-2016q3/bin/../lib/gcc/arm-none-eabi/5.4.1/../../../../arm-none-eabi/lib/armv7e-m/fpu\libc.a(lib_a-__atexit.o)
                0x08007620                __register_exitproc
 .text.Reset_Handler
                0x080076c4       0x50 ../arch/stm32/f3/src/CMSIS/startup_stm32f303xc.o
                0x080076c4                Reset_Handler
 .text.Default_Handler
                0x08007714        0x2 ../arch/stm32/f3/src/CMSIS/startup_stm32f303xc.o
                0x08007714                RTC_Alarm_IRQHandler
                0x08007714                TIM8_TRG_COM_IRQHandler
                0x08007714                TIM8_CC_IRQHandler
                0x08007714                DebugMon_Handler
                0x08007714                TIM1_CC_IRQHandler
                0x08007714                HardFault_Handler
                0x08007714                USB_HP_IRQHandler
                0x08007714                SysTick_Handler
                0x08007714                PVD_IRQHandler
                0x08007714                TAMP_STAMP_IRQHandler
                0x08007714                PendSV_Handler
                0x08007714                NMI_Handler
                0x08007714                EXTI3_IRQHandler
                0x08007714                USB_HP_CAN_TX_IRQHandler
                0x08007714                EXTI0_IRQHandler
                0x08007714                I2C2_EV_IRQHandler
                0x08007714                FPU_IRQHandler
                0x08007714                TIM1_UP_TIM16_IRQHandler
                0x08007714                UsageFault_Handler
                0x08007714                ADC1_2_IRQHandler
                0x08007714                SPI1_IRQHandler
                0x08007714                CAN_SCE_IRQHandler
                0x08007714                TIM8_UP_IRQHandler
                0x08007714                DMA2_Channel2_IRQHandler
                0x08007714                DMA1_Channel4_IRQHandler
                0x08007714                USART3_IRQHandler
                0x08007714                DMA1_Channel7_IRQHandler
                0x08007714                UART5_IRQHandler
                0x08007714                ADC3_IRQHandler
                0x08007714                TIM4_IRQHandler
                0x08007714                CAN_RX1_IRQHandler
                0x08007714                DMA2_Channel1_IRQHandler
                0x08007714                I2C1_EV_IRQHandler
                0x08007714                DMA1_Channel6_IRQHandler
                0x08007714                UART4_IRQHandler
                0x08007714                DMA2_Channel4_IRQHandler
                0x08007714                TIM3_IRQHandler
                0x08007714                RCC_IRQHandler
                0x08007714                DMA1_Channel1_IRQHandler
                0x08007714                Default_Handler
                0x08007714                USBWakeUp_RMP_IRQHandler
                0x08007714                RTC_WKUP_IRQHandler
                0x08007714                SPI2_IRQHandler
                0x08007714                USB_LP_CAN_RX0_IRQHandler
                0x08007714                MemManage_Handler
                0x08007714                SVC_Handler
                0x08007714                DMA2_Channel5_IRQHandler
                0x08007714                DMA1_Channel5_IRQHandler
                0x08007714                USB_LP_IRQHandler
                0x08007714                EXTI4_IRQHandler
                0x08007714                TIM1_TRG_COM_TIM17_IRQHandler
                0x08007714                DMA1_Channel3_IRQHandler
                0x08007714                ADC4_IRQHandler
                0x08007714                WWDG_IRQHandler
                0x08007714                COMP7_IRQHandler
                0x08007714                COMP1_2_3_IRQHandler
                0x08007714                EXTI1_IRQHandler
                0x08007714                USART2_IRQHandler
                0x08007714                COMP4_5_6_IRQHandler
                0x08007714                I2C2_ER_IRQHandler
                0x08007714                DMA1_Channel2_IRQHandler
                0x08007714                TIM8_BRK_IRQHandler
                0x08007714                FLASH_IRQHandler
                0x08007714                BusFault_Handler
                0x08007714                USART1_IRQHandler
                0x08007714                SPI3_IRQHandler
                0x08007714                I2C1_ER_IRQHandler
                0x08007714                USBWakeUp_IRQHandler
                0x08007714                DMA2_Channel3_IRQHandler
                0x08007714                EXTI2_TSC_IRQHandler
                0x08007714                TIM1_BRK_TIM15_IRQHandler
 *fill*         0x08007716        0x2 
 .text.startup  0x08007718      0x324 master.o
                0x08007718                main
 .text.printf   0x08007a3c       0x28 c:/some_user/sandbox/gcc-arm-none-eabi-5_4-2016q3/bin/../lib/gcc/arm-none-eabi/5.4.1/../../../../arm-none-eabi/lib/armv7e-m/fpu\libc.a(lib_a-printf.o)
                0x08007a3c                printf
 .text._puts_r  0x08007a64       0x68 c:/some_user/sandbox/gcc-arm-none-eabi-5_4-2016q3/bin/../lib/gcc/arm-none-eabi/5.4.1/../../../../arm-none-eabi/lib/armv7e-m/fpu\libc.a(lib_a-puts.o)
                0x08007a64                _puts_r
 .text.puts     0x08007acc       0x10 c:/some_user/sandbox/gcc-arm-none-eabi-5_4-2016q3/bin/../lib/gcc/arm-none-eabi/5.4.1/../../../../arm-none-eabi/lib/armv7e-m/fpu\libc.a(lib_a-puts.o)
                0x08007acc                puts
 .text.setvbuf  0x08007adc      0x150 c:/some_user/sandbox/gcc-arm-none-eabi-5_4-2016q3/bin/../lib/gcc/arm-none-eabi/5.4.1/../../../../arm-none-eabi/lib/armv7e-m/fpu\libc.a(lib_a-setvbuf.o)
                0x08007adc                setvbuf
 *fill*         0x08007c2c        0x4 
 .text._vfprintf_r
                0x08007c30     0x1728 c:/some_user/sandbox/gcc-arm-none-eabi-5_4-2016q3/bin/../lib/gcc/arm-none-eabi/5.4.1/../../../../arm-none-eabi/lib/armv7e-m/fpu\libc.a(lib_a-vfprintf.o)
                0x08007c30                _vfprintf_r
 .text.__sbprintf
                0x08009358       0x6c c:/some_user/sandbox/gcc-arm-none-eabi-5_4-2016q3/bin/../lib/gcc/arm-none-eabi/5.4.1/../../../../arm-none-eabi/lib/armv7e-m/fpu\libc.a(lib_a-vfprintf.o)
 .text.__swsetup_r
                0x080093c4       0xc8 c:/some_user/sandbox/gcc-arm-none-eabi-5_4-2016q3/bin/../lib/gcc/arm-none-eabi/5.4.1/../../../../arm-none-eabi/lib/armv7e-m/fpu\libc.a(lib_a-wsetup.o)
                0x080093c4                __swsetup_r
 .text.quorem   0x0800948c      0x128 c:/some_user/sandbox/gcc-arm-none-eabi-5_4-2016q3/bin/../lib/gcc/arm-none-eabi/5.4.1/../../../../arm-none-eabi/lib/armv7e-m/fpu\libc.a(lib_a-dtoa.o)
 *fill*         0x080095b4        0x4 
 .text._dtoa_r  0x080095b8      0xe34 c:/some_user/sandbox/gcc-arm-none-eabi-5_4-2016q3/bin/../lib/gcc/arm-none-eabi/5.4.1/../../../../arm-none-eabi/lib/armv7e-m/fpu\libc.a(lib_a-dtoa.o)
                0x080095b8                _dtoa_r
 .text.__sflush_r
                0x0800a3ec      0x148 c:/some_user/sandbox/gcc-arm-none-eabi-5_4-2016q3/bin/../lib/gcc/arm-none-eabi/5.4.1/../../../../arm-none-eabi/lib/armv7e-m/fpu\libc.a(lib_a-fflush.o)
                0x0800a3ec                __sflush_r
 .text._fflush_r
                0x0800a534       0x2c c:/some_user/sandbox/gcc-arm-none-eabi-5_4-2016q3/bin/../lib/gcc/arm-none-eabi/5.4.1/../../../../arm-none-eabi/lib/armv7e-m/fpu\libc.a(lib_a-fflush.o)
                0x0800a534                _fflush_r
 .text._cleanup_r
                0x0800a560        0xc c:/some_user/sandbox/gcc-arm-none-eabi-5_4-2016q3/bin/../lib/gcc/arm-none-eabi/5.4.1/../../../../arm-none-eabi/lib/armv7e-m/fpu\libc.a(lib_a-findfp.o)
                0x0800a560                _cleanup_r
 .text.__sinit.part.1
                0x0800a56c       0xf0 c:/some_user/sandbox/gcc-arm-none-eabi-5_4-2016q3/bin/../lib/gcc/arm-none-eabi/5.4.1/../../../../arm-none-eabi/lib/armv7e-m/fpu\libc.a(lib_a-findfp.o)
 .text.__sinit  0x0800a65c        0xc c:/some_user/sandbox/gcc-arm-none-eabi-5_4-2016q3/bin/../lib/gcc/arm-none-eabi/5.4.1/../../../../arm-none-eabi/lib/armv7e-m/fpu\libc.a(lib_a-findfp.o)
                0x0800a65c                __sinit
 .text.__sfp_lock_acquire
                0x0800a668        0x4 c:/some_user/sandbox/gcc-arm-none-eabi-5_4-2016q3/bin/../lib/gcc/arm-none-eabi/5.4.1/../../../../arm-none-eabi/lib/armv7e-m/fpu\libc.a(lib_a-findfp.o)
                0x0800a668                __sfp_lock_acquire
 .text.__sfp_lock_release
                0x0800a66c        0x4 c:/some_user/sandbox/gcc-arm-none-eabi-5_4-2016q3/bin/../lib/gcc/arm-none-eabi/5.4.1/../../../../arm-none-eabi/lib/armv7e-m/fpu\libc.a(lib_a-findfp.o)
                0x0800a66c                __sfp_lock_release
 .text._malloc_trim_r
                0x0800a670       0x9c c:/some_user/sandbox/gcc-arm-none-eabi-5_4-2016q3/bin/../lib/gcc/arm-none-eabi/5.4.1/../../../../arm-none-eabi/lib/armv7e-m/fpu\libc.a(lib_a-freer.o)
                0x0800a670                _malloc_trim_r
 .text._free_r  0x0800a70c      0x1d0 c:/some_user/sandbox/gcc-arm-none-eabi-5_4-2016q3/bin/../lib/gcc/arm-none-eabi/5.4.1/../../../../arm-none-eabi/lib/armv7e-m/fpu\libc.a(lib_a-freer.o)
                0x0800a70c                _free_r
 .text.__sfvwrite_r
                0x0800a8dc      0x304 c:/some_user/sandbox/gcc-arm-none-eabi-5_4-2016q3/bin/../lib/gcc/arm-none-eabi/5.4.1/../../../../arm-none-eabi/lib/armv7e-m/fpu\libc.a(lib_a-fvwrite.o)
                0x0800a8dc                __sfvwrite_r
 .text._fwalk_reent
                0x0800abe0       0x54 c:/some_user/sandbox/gcc-arm-none-eabi-5_4-2016q3/bin/../lib/gcc/arm-none-eabi/5.4.1/../../../../arm-none-eabi/lib/armv7e-m/fpu\libc.a(lib_a-fwalk.o)
                0x0800abe0                _fwalk_reent
 .text._localeconv_r
                0x0800ac34       0x1c c:/some_user/sandbox/gcc-arm-none-eabi-5_4-2016q3/bin/../lib/gcc/arm-none-eabi/5.4.1/../../../../arm-none-eabi/lib/armv7e-m/fpu\libc.a(lib_a-localeconv.o)
                0x0800ac34                _localeconv_r
 .text.__swhatbuf_r
                0x0800ac50       0x60 c:/some_user/sandbox/gcc-arm-none-eabi-5_4-2016q3/bin/../lib/gcc/arm-none-eabi/5.4.1/../../../../arm-none-eabi/lib/armv7e-m/fpu\libc.a(lib_a-makebuf.o)
                0x0800ac50                __swhatbuf_r
 .text.__smakebuf_r
                0x0800acb0       0x88 c:/some_user/sandbox/gcc-arm-none-eabi-5_4-2016q3/bin/../lib/gcc/arm-none-eabi/5.4.1/../../../../arm-none-eabi/lib/armv7e-m/fpu\libc.a(lib_a-makebuf.o)
                0x0800acb0                __smakebuf_r
 .text.malloc   0x0800ad38       0x10 c:/some_user/sandbox/gcc-arm-none-eabi-5_4-2016q3/bin/../lib/gcc/arm-none-eabi/5.4.1/../../../../arm-none-eabi/lib/armv7e-m/fpu\libc.a(lib_a-malloc.o)
                0x0800ad38                malloc
 .text._malloc_r
                0x0800ad48      0x570 c:/some_user/sandbox/gcc-arm-none-eabi-5_4-2016q3/bin/../lib/gcc/arm-none-eabi/5.4.1/../../../../arm-none-eabi/lib/armv7e-m/fpu\libc.a(lib_a-mallocr.o)
                0x0800ad48                _malloc_r
 .text.memmove  0x0800b2b8       0xc8 c:/some_user/sandbox/gcc-arm-none-eabi-5_4-2016q3/bin/../lib/gcc/arm-none-eabi/5.4.1/../../../../arm-none-eabi/lib/armv7e-m/fpu\libc.a(lib_a-memmove.o)
                0x0800b2b8                memmove
 .text.__malloc_lock
                0x0800b380        0x4 c:/some_user/sandbox/gcc-arm-none-eabi-5_4-2016q3/bin/../lib/gcc/arm-none-eabi/5.4.1/../../../../arm-none-eabi/lib/armv7e-m/fpu\libc.a(lib_a-mlock.o)
                0x0800b380                __malloc_lock
 .text.__malloc_unlock
                0x0800b384        0x4 c:/some_user/sandbox/gcc-arm-none-eabi-5_4-2016q3/bin/../lib/gcc/arm-none-eabi/5.4.1/../../../../arm-none-eabi/lib/armv7e-m/fpu\libc.a(lib_a-mlock.o)
                0x0800b384                __malloc_unlock
 .text._Balloc  0x0800b388       0x4c c:/some_user/sandbox/gcc-arm-none-eabi-5_4-2016q3/bin/../lib/gcc/arm-none-eabi/5.4.1/../../../../arm-none-eabi/lib/armv7e-m/fpu\libc.a(lib_a-mprec.o)
                0x0800b388                _Balloc
 .text._Bfree   0x0800b3d4       0x14 c:/some_user/sandbox/gcc-arm-none-eabi-5_4-2016q3/bin/../lib/gcc/arm-none-eabi/5.4.1/../../../../arm-none-eabi/lib/armv7e-m/fpu\libc.a(lib_a-mprec.o)
                0x0800b3d4                _Bfree
 .text.__multadd
                0x0800b3e8       0x80 c:/some_user/sandbox/gcc-arm-none-eabi-5_4-2016q3/bin/../lib/gcc/arm-none-eabi/5.4.1/../../../../arm-none-eabi/lib/armv7e-m/fpu\libc.a(lib_a-mprec.o)
                0x0800b3e8                __multadd
 .text.__hi0bits
                0x0800b468       0x40 c:/some_user/sandbox/gcc-arm-none-eabi-5_4-2016q3/bin/../lib/gcc/arm-none-eabi/5.4.1/../../../../arm-none-eabi/lib/armv7e-m/fpu\libc.a(lib_a-mprec.o)
                0x0800b468                __hi0bits
 .text.__lo0bits
                0x0800b4a8       0x5c c:/some_user/sandbox/gcc-arm-none-eabi-5_4-2016q3/bin/../lib/gcc/arm-none-eabi/5.4.1/../../../../arm-none-eabi/lib/armv7e-m/fpu\libc.a(lib_a-mprec.o)
                0x0800b4a8                __lo0bits
 .text.__i2b    0x0800b504       0x14 c:/some_user/sandbox/gcc-arm-none-eabi-5_4-2016q3/bin/../lib/gcc/arm-none-eabi/5.4.1/../../../../arm-none-eabi/lib/armv7e-m/fpu\libc.a(lib_a-mprec.o)
                0x0800b504                __i2b
 .text.__multiply
                0x0800b518      0x130 c:/some_user/sandbox/gcc-arm-none-eabi-5_4-2016q3/bin/../lib/gcc/arm-none-eabi/5.4.1/../../../../arm-none-eabi/lib/armv7e-m/fpu\libc.a(lib_a-mprec.o)
                0x0800b518                __multiply
 .text.__pow5mult
                0x0800b648       0xa0 c:/some_user/sandbox/gcc-arm-none-eabi-5_4-2016q3/bin/../lib/gcc/arm-none-eabi/5.4.1/../../../../arm-none-eabi/lib/armv7e-m/fpu\libc.a(lib_a-mprec.o)
                0x0800b648                __pow5mult
 .text.__lshift
                0x0800b6e8       0xb0 c:/some_user/sandbox/gcc-arm-none-eabi-5_4-2016q3/bin/../lib/gcc/arm-none-eabi/5.4.1/../../../../arm-none-eabi/lib/armv7e-m/fpu\libc.a(lib_a-mprec.o)
                0x0800b6e8                __lshift
 .text.__mcmp   0x0800b798       0x44 c:/some_user/sandbox/gcc-arm-none-eabi-5_4-2016q3/bin/../lib/gcc/arm-none-eabi/5.4.1/../../../../arm-none-eabi/lib/armv7e-m/fpu\libc.a(lib_a-mprec.o)
                0x0800b798                __mcmp
 .text.__mdiff  0x0800b7dc      0x114 c:/some_user/sandbox/gcc-arm-none-eabi-5_4-2016q3/bin/../lib/gcc/arm-none-eabi/5.4.1/../../../../arm-none-eabi/lib/armv7e-m/fpu\libc.a(lib_a-mprec.o)
                0x0800b7dc                __mdiff
 .text.__d2b    0x0800b8f0       0xbc c:/some_user/sandbox/gcc-arm-none-eabi-5_4-2016q3/bin/../lib/gcc/arm-none-eabi/5.4.1/../../../../arm-none-eabi/lib/armv7e-m/fpu\libc.a(lib_a-mprec.o)
                0x0800b8f0                __d2b
 .text._realloc_r
                0x0800b9ac      0x3e0 c:/some_user/sandbox/gcc-arm-none-eabi-5_4-2016q3/bin/../lib/gcc/arm-none-eabi/5.4.1/../../../../arm-none-eabi/lib/armv7e-m/fpu\libc.a(lib_a-reallocr.o)
                0x0800b9ac                _realloc_r
 .text._sbrk_r  0x0800bd8c       0x24 c:/some_user/sandbox/gcc-arm-none-eabi-5_4-2016q3/bin/../lib/gcc/arm-none-eabi/5.4.1/../../../../arm-none-eabi/lib/armv7e-m/fpu\libc.a(lib_a-sbrkr.o)
                0x0800bd8c                _sbrk_r
 .text.__sread  0x0800bdb0       0x24 c:/some_user/sandbox/gcc-arm-none-eabi-5_4-2016q3/bin/../lib/gcc/arm-none-eabi/5.4.1/../../../../arm-none-eabi/lib/armv7e-m/fpu\libc.a(lib_a-stdio.o)
                0x0800bdb0                __sread
 .text.__swrite
                0x0800bdd4       0x3c c:/some_user/sandbox/gcc-arm-none-eabi-5_4-2016q3/bin/../lib/gcc/arm-none-eabi/5.4.1/../../../../arm-none-eabi/lib/armv7e-m/fpu\libc.a(lib_a-stdio.o)
                0x0800bdd4                __swrite
 .text.__sseek  0x0800be10       0x20 c:/some_user/sandbox/gcc-arm-none-eabi-5_4-2016q3/bin/../lib/gcc/arm-none-eabi/5.4.1/../../../../arm-none-eabi/lib/armv7e-m/fpu\libc.a(lib_a-stdio.o)
                0x0800be10                __sseek
 .text.__sclose
                0x0800be30        0x8 c:/some_user/sandbox/gcc-arm-none-eabi-5_4-2016q3/bin/../lib/gcc/arm-none-eabi/5.4.1/../../../../arm-none-eabi/lib/armv7e-m/fpu\libc.a(lib_a-stdio.o)
                0x0800be30                __sclose
 .text.__sprint_r.part.0
                0x0800be38       0x78 c:/some_user/sandbox/gcc-arm-none-eabi-5_4-2016q3/bin/../lib/gcc/arm-none-eabi/5.4.1/../../../../arm-none-eabi/lib/armv7e-m/fpu\libc.a(lib_a-vfiprintf.o)
 .text.__sprint_r
                0x0800beb0       0x14 c:/some_user/sandbox/gcc-arm-none-eabi-5_4-2016q3/bin/../lib/gcc/arm-none-eabi/5.4.1/../../../../arm-none-eabi/lib/armv7e-m/fpu\libc.a(lib_a-vfiprintf.o)
                0x0800beb0                __sprint_r
 .text._write_r
                0x0800bec4       0x2c c:/some_user/sandbox/gcc-arm-none-eabi-5_4-2016q3/bin/../lib/gcc/arm-none-eabi/5.4.1/../../../../arm-none-eabi/lib/armv7e-m/fpu\libc.a(lib_a-writer.o)
                0x0800bec4                _write_r
 .text._calloc_r
                0x0800bef0       0x60 c:/some_user/sandbox/gcc-arm-none-eabi-5_4-2016q3/bin/../lib/gcc/arm-none-eabi/5.4.1/../../../../arm-none-eabi/lib/armv7e-m/fpu\libc.a(lib_a-callocr.o)
                0x0800bef0                _calloc_r
 .text._close_r
                0x0800bf50       0x24 c:/some_user/sandbox/gcc-arm-none-eabi-5_4-2016q3/bin/../lib/gcc/arm-none-eabi/5.4.1/../../../../arm-none-eabi/lib/armv7e-m/fpu\libc.a(lib_a-closer.o)
                0x0800bf50                _close_r
 .text._fclose_r
                0x0800bf74       0x84 c:/some_user/sandbox/gcc-arm-none-eabi-5_4-2016q3/bin/../lib/gcc/arm-none-eabi/5.4.1/../../../../arm-none-eabi/lib/armv7e-m/fpu\libc.a(lib_a-fclose.o)
                0x0800bf74                _fclose_r
 .text.__fputwc
                0x0800bff8       0x98 c:/some_user/sandbox/gcc-arm-none-eabi-5_4-2016q3/bin/../lib/gcc/arm-none-eabi/5.4.1/../../../../arm-none-eabi/lib/armv7e-m/fpu\libc.a(lib_a-fputwc.o)
                0x0800bff8                __fputwc
 .text._fputwc_r
                0x0800c090       0x28 c:/some_user/sandbox/gcc-arm-none-eabi-5_4-2016q3/bin/../lib/gcc/arm-none-eabi/5.4.1/../../../../arm-none-eabi/lib/armv7e-m/fpu\libc.a(lib_a-fputwc.o)
                0x0800c090                _fputwc_r
 .text._fstat_r
                0x0800c0b8       0x28 c:/some_user/sandbox/gcc-arm-none-eabi-5_4-2016q3/bin/../lib/gcc/arm-none-eabi/5.4.1/../../../../arm-none-eabi/lib/armv7e-m/fpu\libc.a(lib_a-fstatr.o)
                0x0800c0b8                _fstat_r
 .text._isatty_r
                0x0800c0e0       0x24 c:/some_user/sandbox/gcc-arm-none-eabi-5_4-2016q3/bin/../lib/gcc/arm-none-eabi/5.4.1/../../../../arm-none-eabi/lib/armv7e-m/fpu\libc.a(lib_a-isattyr.o)
                0x0800c0e0                _isatty_r
 .text.__locale_mb_cur_max
                0x0800c104       0x1c c:/some_user/sandbox/gcc-arm-none-eabi-5_4-2016q3/bin/../lib/gcc/arm-none-eabi/5.4.1/../../../../arm-none-eabi/lib/armv7e-m/fpu\libc.a(lib_a-locale.o)
                0x0800c104                __locale_mb_cur_max
 .text._lseek_r
                0x0800c120       0x2c c:/some_user/sandbox/gcc-arm-none-eabi-5_4-2016q3/bin/../lib/gcc/arm-none-eabi/5.4.1/../../../../arm-none-eabi/lib/armv7e-m/fpu\libc.a(lib_a-lseekr.o)
                0x0800c120                _lseek_r
 .text.__ascii_mbtowc
                0x0800c14c       0x2c c:/some_user/sandbox/gcc-arm-none-eabi-5_4-2016q3/bin/../lib/gcc/arm-none-eabi/5.4.1/../../../../arm-none-eabi/lib/armv7e-m/fpu\libc.a(lib_a-mbtowc_r.o)
                0x0800c14c                __ascii_mbtowc
 .text._read_r  0x0800c178       0x2c c:/some_user/sandbox/gcc-arm-none-eabi-5_4-2016q3/bin/../lib/gcc/arm-none-eabi/5.4.1/../../../../arm-none-eabi/lib/armv7e-m/fpu\libc.a(lib_a-readr.o)
                0x0800c178                _read_r
 .text.__swbuf_r
                0x0800c1a4       0xac c:/some_user/sandbox/gcc-arm-none-eabi-5_4-2016q3/bin/../lib/gcc/arm-none-eabi/5.4.1/../../../../arm-none-eabi/lib/armv7e-m/fpu\libc.a(lib_a-wbuf.o)
                0x0800c1a4                __swbuf_r
 .text._wcrtomb_r
                0x0800c250       0x54 c:/some_user/sandbox/gcc-arm-none-eabi-5_4-2016q3/bin/../lib/gcc/arm-none-eabi/5.4.1/../../../../arm-none-eabi/lib/armv7e-m/fpu\libc.a(lib_a-wcrtomb.o)
                0x0800c250                _wcrtomb_r
 .text.__ascii_wctomb
                0x0800c2a4       0x1c c:/some_user/sandbox/gcc-arm-none-eabi-5_4-2016q3/bin/../lib/gcc/arm-none-eabi/5.4.1/../../../../arm-none-eabi/lib/armv7e-m/fpu\libc.a(lib_a-wctomb_r.o)
                0x0800c2a4                __ascii_wctomb
 *(.glue_7)
 .glue_7        0x0800c2c0        0x0 linker stubs
 *(.glue_7t)
 .glue_7t       0x0800c2c0        0x0 linker stubs
 *(.eh_frame)
 .eh_frame      0x0800c2c0        0x0 c:/some_user/sandbox/gcc-arm-none-eabi-5_4-2016q3/bin/../lib/gcc/arm-none-eabi/5.4.1/armv7e-m/fpu/crtbegin.o
 *(.init)
 .init          0x0800c2c0        0x4 c:/some_user/sandbox/gcc-arm-none-eabi-5_4-2016q3/bin/../lib/gcc/arm-none-eabi/5.4.1/armv7e-m/fpu/crti.o
                0x0800c2c0                _init
 .init          0x0800c2c4        0x8 c:/some_user/sandbox/gcc-arm-none-eabi-5_4-2016q3/bin/../lib/gcc/arm-none-eabi/5.4.1/armv7e-m/fpu/crtn.o
 *(.fini)
 .fini          0x0800c2cc        0x4 c:/some_user/sandbox/gcc-arm-none-eabi-5_4-2016q3/bin/../lib/gcc/arm-none-eabi/5.4.1/armv7e-m/fpu/crti.o
                0x0800c2cc                _fini
 .fini          0x0800c2d0        0x8 c:/some_user/sandbox/gcc-arm-none-eabi-5_4-2016q3/bin/../lib/gcc/arm-none-eabi/5.4.1/armv7e-m/fpu/crtn.o
                0x0800c2d8                . = ALIGN (0x4)
                0x0800c2d8                _etext = .

.vfp11_veneer   0x0800c2d8        0x0
 .vfp11_veneer  0x0800c2d8        0x0 linker stubs

.v4_bx          0x0800c2d8        0x0
 .v4_bx         0x0800c2d8        0x0 linker stubs

.iplt           0x0800c2d8        0x0
 .iplt          0x0800c2d8        0x0 c:/some_user/sandbox/gcc-arm-none-eabi-5_4-2016q3/bin/../lib/gcc/arm-none-eabi/5.4.1/armv7e-m/fpu/crtbegin.o

.rodata         0x0800c2d8      0x330
                0x0800c2d8                . = ALIGN (0x4)
 *(.rodata)
 .rodata        0x0800c2d8        0x4 ../arch/stm32/f3/src/stm32f3xx_hal_uart.o
 .rodata        0x0800c2dc       0x20 ../arch/stm32/f3/src/stm32f3xx_hal_rcc.o
                0x0800c2dc                aPLLMULFactorTable
                0x0800c2ec                aPredivFactorTable
 .rodata        0x0800c2fc       0x18 ../arch/stm32/f3/src/CMSIS/system_stm32f3xx.o
                0x0800c2fc                AHBPrescTable
                0x0800c30c                APBPrescTable
 *(.rodata*)
 .rodata._global_impure_ptr
                0x0800c314        0x4 c:/some_user/sandbox/gcc-arm-none-eabi-5_4-2016q3/bin/../lib/gcc/arm-none-eabi/5.4.1/../../../../arm-none-eabi/lib/armv7e-m/fpu\libc.a(lib_a-impure.o)
                0x0800c314                _global_impure_ptr
 .rodata.str1.4
                0x0800c318       0x47 master.o
 *fill*         0x0800c35f        0x1 
 .rodata.str1.4
                0x0800c360       0x22 user_source/hal_interface/newlib_stubs.o
 .rodata.str1.4
                0x0800c382       0x22 c:/some_user/sandbox/gcc-arm-none-eabi-5_4-2016q3/bin/../lib/gcc/arm-none-eabi/5.4.1/../../../../arm-none-eabi/lib/armv7e-m/fpu\libc.a(lib_a-puts.o)
                                  0x2 (size before relaxing)
 *fill*         0x0800c382        0x2 
 .rodata.zeroes.7273
                0x0800c384       0x10 c:/some_user/sandbox/gcc-arm-none-eabi-5_4-2016q3/bin/../lib/gcc/arm-none-eabi/5.4.1/../../../../arm-none-eabi/lib/armv7e-m/fpu\libc.a(lib_a-vfprintf.o)
 .rodata.str1.4
                0x0800c394       0x42 c:/some_user/sandbox/gcc-arm-none-eabi-5_4-2016q3/bin/../lib/gcc/arm-none-eabi/5.4.1/../../../../arm-none-eabi/lib/armv7e-m/fpu\libc.a(lib_a-vfprintf.o)
 *fill*         0x0800c3d6        0x2 
 .rodata.blanks.7272
                0x0800c3d8       0x10 c:/some_user/sandbox/gcc-arm-none-eabi-5_4-2016q3/bin/../lib/gcc/arm-none-eabi/5.4.1/../../../../arm-none-eabi/lib/armv7e-m/fpu\libc.a(lib_a-vfprintf.o)
 .rodata.str1.4
                0x0800c3e8       0x10 c:/some_user/sandbox/gcc-arm-none-eabi-5_4-2016q3/bin/../lib/gcc/arm-none-eabi/5.4.1/../../../../arm-none-eabi/lib/armv7e-m/fpu\libc.a(lib_a-dtoa.o)
                                 0x12 (size before relaxing)
 .rodata.__mprec_tens
                0x0800c3f8       0xc8 c:/some_user/sandbox/gcc-arm-none-eabi-5_4-2016q3/bin/../lib/gcc/arm-none-eabi/5.4.1/../../../../arm-none-eabi/lib/armv7e-m/fpu\libc.a(lib_a-mprec.o)
                0x0800c3f8                __mprec_tens
 .rodata.__mprec_bigtens
                0x0800c4c0       0x28 c:/some_user/sandbox/gcc-arm-none-eabi-5_4-2016q3/bin/../lib/gcc/arm-none-eabi/5.4.1/../../../../arm-none-eabi/lib/armv7e-m/fpu\libc.a(lib_a-mprec.o)
                0x0800c4c0                __mprec_bigtens
 .rodata.p05.6087
                0x0800c4e8        0xc c:/some_user/sandbox/gcc-arm-none-eabi-5_4-2016q3/bin/../lib/gcc/arm-none-eabi/5.4.1/../../../../arm-none-eabi/lib/armv7e-m/fpu\libc.a(lib_a-mprec.o)
 .rodata.str1.4
                0x0800c4f4       0x10 c:/some_user/sandbox/gcc-arm-none-eabi-5_4-2016q3/bin/../lib/gcc/arm-none-eabi/5.4.1/../../../../arm-none-eabi/lib/armv7e-m/fpu\libc.a(lib_a-locale.o)
                                 0x12 (size before relaxing)
 .rodata._ctype_
                0x0800c504      0x101 c:/some_user/sandbox/gcc-arm-none-eabi-5_4-2016q3/bin/../lib/gcc/arm-none-eabi/5.4.1/../../../../arm-none-eabi/lib/armv7e-m/fpu\libc.a(lib_a-ctype_.o)
                0x0800c504                _ctype_
                0x0800c608                . = ALIGN (0x4)
 *fill*         0x0800c605        0x3 

.ARM.extab
 *(.ARM.extab* .gnu.linkonce.armextab.*)

.ARM            0x0800c608        0x8
                0x0800c608                __exidx_start = .
 *(.ARM.exidx*)
 .ARM.exidx     0x0800c608        0x8 c:/some_user/sandbox/gcc-arm-none-eabi-5_4-2016q3/bin/../lib/gcc/arm-none-eabi/5.4.1/armv7e-m/fpu\libgcc.a(_udivmoddi4.o)
                0x0800c610                __exidx_end = .

.rel.dyn        0x0800c610        0x0
 .rel.iplt      0x0800c610        0x0 c:/some_user/sandbox/gcc-arm-none-eabi-5_4-2016q3/bin/../lib/gcc/arm-none-eabi/5.4.1/armv7e-m/fpu/crtbegin.o

.preinit_array  0x0800c610        0x0
                0x0800c610                PROVIDE (__preinit_array_start, .)
 *(.preinit_array*)
                0x0800c610                PROVIDE (__preinit_array_end, .)

.init_array     0x0800c610        0x8
                0x0800c610                PROVIDE (__init_array_start, .)
 *(SORT(.init_array.*))
 .init_array.00000
                0x0800c610        0x4 c:/some_user/sandbox/gcc-arm-none-eabi-5_4-2016q3/bin/../lib/gcc/arm-none-eabi/5.4.1/../../../../arm-none-eabi/lib/armv7e-m/fpu\libc.a(lib_a-__call_atexit.o)
 *(.init_array*)
 .init_array    0x0800c614        0x4 c:/some_user/sandbox/gcc-arm-none-eabi-5_4-2016q3/bin/../lib/gcc/arm-none-eabi/5.4.1/armv7e-m/fpu/crtbegin.o
                0x0800c618                PROVIDE (__init_array_end, .)

.fini_array     0x0800c618        0x4
                0x0800c618                PROVIDE (__fini_array_start, .)
 *(SORT(.fini_array.*))
 *(.fini_array*)
 .fini_array    0x0800c618        0x4 c:/some_user/sandbox/gcc-arm-none-eabi-5_4-2016q3/bin/../lib/gcc/arm-none-eabi/5.4.1/armv7e-m/fpu/crtbegin.o
                0x0800c61c                PROVIDE (__fini_array_end, .)
                0x0800c61c                _sidata = LOADADDR (.data)

.data           0x20000000      0x9c0 load address 0x0800c61c
                0x20000000                . = ALIGN (0x4)
                0x20000000                _sdata = .
 *(.data)
 .data          0x20000000        0x4 ../arch/stm32/f3/src/CMSIS/system_stm32f3xx.o
                0x20000000                SystemCoreClock
 .data          0x20000004       0x10 master.o
                0x20000004                speedaheadl
                0x20000008                speedaheadr
                0x2000000c                speedr
                0x20000010                speedl
 *(.data*)
 *fill*         0x20000014        0x4 
 .data.impure_data
                0x20000018      0x428 c:/some_user/sandbox/gcc-arm-none-eabi-5_4-2016q3/bin/../lib/gcc/arm-none-eabi/5.4.1/../../../../arm-none-eabi/lib/armv7e-m/fpu\libc.a(lib_a-impure.o)
 .data._impure_ptr
                0x20000440        0x4 c:/some_user/sandbox/gcc-arm-none-eabi-5_4-2016q3/bin/../lib/gcc/arm-none-eabi/5.4.1/../../../../arm-none-eabi/lib/armv7e-m/fpu\libc.a(lib_a-impure.o)
                0x20000440                _impure_ptr
 .data.__malloc_av_
                0x20000444      0x408 c:/some_user/sandbox/gcc-arm-none-eabi-5_4-2016q3/bin/../lib/gcc/arm-none-eabi/5.4.1/../../../../arm-none-eabi/lib/armv7e-m/fpu\libc.a(lib_a-mallocr.o)
                0x20000444                __malloc_av_
 .data.__malloc_trim_threshold
                0x2000084c        0x4 c:/some_user/sandbox/gcc-arm-none-eabi-5_4-2016q3/bin/../lib/gcc/arm-none-eabi/5.4.1/../../../../arm-none-eabi/lib/armv7e-m/fpu\libc.a(lib_a-mallocr.o)
                0x2000084c                __malloc_trim_threshold
 .data.__malloc_sbrk_base
                0x20000850        0x4 c:/some_user/sandbox/gcc-arm-none-eabi-5_4-2016q3/bin/../lib/gcc/arm-none-eabi/5.4.1/../../../../arm-none-eabi/lib/armv7e-m/fpu\libc.a(lib_a-mallocr.o)
                0x20000850                __malloc_sbrk_base
 .data.__global_locale
                0x20000854      0x16c c:/some_user/sandbox/gcc-arm-none-eabi-5_4-2016q3/bin/../lib/gcc/arm-none-eabi/5.4.1/../../../../arm-none-eabi/lib/armv7e-m/fpu\libc.a(lib_a-locale.o)
                0x20000854                __global_locale
                0x200009c0                . = ALIGN (0x4)
                0x200009c0                _edata = .
                0x0800cfdc                _siccmram = LOADADDR (.ccmram)

.jcr            0x200009c0        0x0 load address 0x0800cfdc
 .jcr           0x200009c0        0x0 c:/some_user/sandbox/gcc-arm-none-eabi-5_4-2016q3/bin/../lib/gcc/arm-none-eabi/5.4.1/armv7e-m/fpu/crtbegin.o

.igot.plt       0x200009c0        0x0 load address 0x0800cfdc
 .igot.plt      0x200009c0        0x0 c:/some_user/sandbox/gcc-arm-none-eabi-5_4-2016q3/bin/../lib/gcc/arm-none-eabi/5.4.1/armv7e-m/fpu/crtbegin.o

.ccmram         0x10000000        0x0 load address 0x0800cfdc
                0x10000000                . = ALIGN (0x4)
                0x10000000                _sccmram = .
 *(.ccmram)
 *(.ccmram*)
                0x10000000                . = ALIGN (0x4)
                0x10000000                _eccmram = .
                0x10000000                . = ALIGN (0x4)

.bss            0x200009c0      0x270
                0x200009c0                _sbss = .
                0x200009c0                __bss_start__ = _sbss
 *(.bss)
 .bss           0x200009c0       0x1c c:/some_user/sandbox/gcc-arm-none-eabi-5_4-2016q3/bin/../lib/gcc/arm-none-eabi/5.4.1/armv7e-m/fpu/crtbegin.o
 .bss           0x200009dc       0x80 master.o
                0x20000a58                wall_front
 .bss           0x20000a5c       0x14 user_source/hal_interface/board_led.o
 .bss           0x20000a70        0x8 user_source/hal_interface/newlib_stubs.o
                0x20000a74                __env
 *(.bss*)
 .bss.__malloc_max_total_mem
                0x20000a78        0x4 c:/some_user/sandbox/gcc-arm-none-eabi-5_4-2016q3/bin/../lib/gcc/arm-none-eabi/5.4.1/../../../../arm-none-eabi/lib/armv7e-m/fpu\libc.a(lib_a-mallocr.o)
                0x20000a78                __malloc_max_total_mem
 .bss.__malloc_max_sbrked_mem
                0x20000a7c        0x4 c:/some_user/sandbox/gcc-arm-none-eabi-5_4-2016q3/bin/../lib/gcc/arm-none-eabi/5.4.1/../../../../arm-none-eabi/lib/armv7e-m/fpu\libc.a(lib_a-mallocr.o)
                0x20000a7c                __malloc_max_sbrked_mem
 .bss.__malloc_top_pad
                0x20000a80        0x4 c:/some_user/sandbox/gcc-arm-none-eabi-5_4-2016q3/bin/../lib/gcc/arm-none-eabi/5.4.1/../../../../arm-none-eabi/lib/armv7e-m/fpu\libc.a(lib_a-mallocr.o)
                0x20000a80                __malloc_top_pad
 .bss.__malloc_current_mallinfo
                0x20000a84       0x28 c:/some_user/sandbox/gcc-arm-none-eabi-5_4-2016q3/bin/../lib/gcc/arm-none-eabi/5.4.1/../../../../arm-none-eabi/lib/armv7e-m/fpu\libc.a(lib_a-mallocr.o)
                0x20000a84                __malloc_current_mallinfo
 *(COMMON)
 COMMON         0x20000aac       0x40 ../arch/stm32/f3/src/stm32f3xx_hal_timebase_tim.o
                0x20000aac                TimHandle
 COMMON         0x20000aec        0x4 ../arch/stm32/f3/src/stm32f3xx_hal.o
                0x20000aec                uwTick
 COMMON         0x20000af0       0x70 master.o
                0x20000af0                T2
                0x20000af4                T01
                0x20000af8                distance3
                0x20000afc                T12
                0x20000b00                T11
                0x20000b04                timer2_handle
                0x20000b44                distance
                0x20000b48                distance2
                0x20000b4c                counter
                0x20000b50                counter_trigger
                0x20000b54                T1
                0x20000b58                T02
                0x20000b5c                counter_scale
 COMMON         0x20000b60       0x70 user_source/hal_interface/uart_hal.o
                0x20000b60                UartHandle
 COMMON         0x20000bd0       0x5c user_source/hal_interface/pwm_hal.o
                0x20000bd0                tim_init
                0x20000c10                tim1_conf
 COMMON         0x20000c2c        0x4 c:/some_user/sandbox/gcc-arm-none-eabi-5_4-2016q3/bin/../lib/gcc/arm-none-eabi/5.4.1/../../../../arm-none-eabi/lib/armv7e-m/fpu\libc.a(lib_a-reent.o)
                0x20000c2c                errno
                0x20000c30                . = ALIGN (0x4)
                0x20000c30                _ebss = .
                0x20000c30                __bss_end__ = _ebss

._user_heap_stack
                0x20000c30      0x600
                0x20000c30                . = ALIGN (0x4)
                [!provide]                PROVIDE (end, .)
                [!provide]                PROVIDE (_end, .)
                0x20000e30                . = (. + _Min_Heap_Size)
 *fill*         0x20000c30      0x200 
                0x20001230                . = (. + _Min_Stack_Size)
 *fill*         0x20000e30      0x400 
                0x20001230                . = ALIGN (0x4)

/DISCARD/
 libc.a(*)
 libm.a(*)
 libgcc.a(*)

.ARM.attributes
                0x00000000       0x30
 *(.ARM.attributes)
 .ARM.attributes
                0x00000000       0x22 c:/some_user/sandbox/gcc-arm-none-eabi-5_4-2016q3/bin/../lib/gcc/arm-none-eabi/5.4.1/armv7e-m/fpu/crti.o
 .ARM.attributes
                0x00000022       0x34 c:/some_user/sandbox/gcc-arm-none-eabi-5_4-2016q3/bin/../lib/gcc/arm-none-eabi/5.4.1/armv7e-m/fpu/crtbegin.o
 .ARM.attributes
                0x00000056       0x39 ../arch/stm32/f3/src/stm32f3xx_hal_msp.o
 .ARM.attributes
                0x0000008f       0x39 ../arch/stm32/f3/src/stm32f3xx_hal_timebase_tim.o
 .ARM.attributes
                0x000000c8       0x39 ../arch/stm32/f3/src/stm32f3xx_hal_uart.o
 .ARM.attributes
                0x00000101       0x39 ../arch/stm32/f3/src/stm32f3xx_hal.o
 .ARM.attributes
                0x0000013a       0x39 ../arch/stm32/f3/src/stm32f3xx_hal_tim.o
 .ARM.attributes
                0x00000173       0x39 ../arch/stm32/f3/src/stm32f3xx_hal_uart_ex.o
 .ARM.attributes
                0x000001ac       0x39 ../arch/stm32/f3/src/stm32f3xx_hal_cortex.o
 .ARM.attributes
                0x000001e5       0x39 ../arch/stm32/f3/src/stm32f3xx_hal_dma.o
 .ARM.attributes
                0x0000021e       0x39 ../arch/stm32/f3/src/stm32f3xx_hal_tim_ex.o
 .ARM.attributes
                0x00000257       0x39 ../arch/stm32/f3/src/stm32f3xx_hal_gpio.o
 .ARM.attributes
                0x00000290       0x39 ../arch/stm32/f3/src/stm32f3xx_hal_rcc.o
 .ARM.attributes
                0x000002c9       0x39 ../arch/stm32/f3/src/CMSIS/system_stm32f3xx.o
 .ARM.attributes
                0x00000302       0x21 ../arch/stm32/f3/src/CMSIS/startup_stm32f303xc.o
 .ARM.attributes
                0x00000323       0x39 master.o
 .ARM.attributes
                0x0000035c       0x39 user_source/foo.o
 .ARM.attributes
                0x00000395       0x39 user_source/uart.o
 .ARM.attributes
                0x000003ce       0x39 user_source/hal_interface/board_led.o
 .ARM.attributes
                0x00000407       0x39 user_source/hal_interface/uart_hal.o
 .ARM.attributes
                0x00000440       0x39 user_source/hal_interface/cpu.o
 .ARM.attributes
                0x00000479       0x39 user_source/hal_interface/newlib_stubs.o
 .ARM.attributes
                0x000004b2       0x39 user_source/hal_interface/pwm_hal.o
 .ARM.attributes
                0x000004eb       0x39 user_source/hal_interface/cube_hal_msp.o
 .ARM.attributes
                0x00000524       0x34 c:/some_user/sandbox/gcc-arm-none-eabi-5_4-2016q3/bin/../lib/gcc/arm-none-eabi/5.4.1/../../../../arm-none-eabi/lib/armv7e-m/fpu\libc.a(lib_a-printf.o)
 .ARM.attributes
                0x00000558       0x34 c:/some_user/sandbox/gcc-arm-none-eabi-5_4-2016q3/bin/../lib/gcc/arm-none-eabi/5.4.1/../../../../arm-none-eabi/lib/armv7e-m/fpu\libc.a(lib_a-puts.o)
 .ARM.attributes
                0x0000058c       0x34 c:/some_user/sandbox/gcc-arm-none-eabi-5_4-2016q3/bin/../lib/gcc/arm-none-eabi/5.4.1/../../../../arm-none-eabi/lib/armv7e-m/fpu\libc.a(lib_a-reent.o)
 .ARM.attributes
                0x000005c0       0x34 c:/some_user/sandbox/gcc-arm-none-eabi-5_4-2016q3/bin/../lib/gcc/arm-none-eabi/5.4.1/../../../../arm-none-eabi/lib/armv7e-m/fpu\libc.a(lib_a-setvbuf.o)
 .ARM.attributes
                0x000005f4       0x20 c:/some_user/sandbox/gcc-arm-none-eabi-5_4-2016q3/bin/../lib/gcc/arm-none-eabi/5.4.1/../../../../arm-none-eabi/lib/armv7e-m/fpu\libc.a(lib_a-strlen.o)
 .ARM.attributes
                0x00000614       0x34 c:/some_user/sandbox/gcc-arm-none-eabi-5_4-2016q3/bin/../lib/gcc/arm-none-eabi/5.4.1/../../../../arm-none-eabi/lib/armv7e-m/fpu\libc.a(lib_a-vfprintf.o)
 .ARM.attributes
                0x00000648       0x34 c:/some_user/sandbox/gcc-arm-none-eabi-5_4-2016q3/bin/../lib/gcc/arm-none-eabi/5.4.1/../../../../arm-none-eabi/lib/armv7e-m/fpu\libc.a(lib_a-wsetup.o)
 .ARM.attributes
                0x0000067c       0x34 c:/some_user/sandbox/gcc-arm-none-eabi-5_4-2016q3/bin/../lib/gcc/arm-none-eabi/5.4.1/../../../../arm-none-eabi/lib/armv7e-m/fpu\libc.a(lib_a-dtoa.o)
 .ARM.attributes
                0x000006b0       0x34 c:/some_user/sandbox/gcc-arm-none-eabi-5_4-2016q3/bin/../lib/gcc/arm-none-eabi/5.4.1/../../../../arm-none-eabi/lib/armv7e-m/fpu\libc.a(lib_a-fflush.o)
 .ARM.attributes
                0x000006e4       0x34 c:/some_user/sandbox/gcc-arm-none-eabi-5_4-2016q3/bin/../lib/gcc/arm-none-eabi/5.4.1/../../../../arm-none-eabi/lib/armv7e-m/fpu\libc.a(lib_a-findfp.o)
 .ARM.attributes
                0x00000718       0x34 c:/some_user/sandbox/gcc-arm-none-eabi-5_4-2016q3/bin/../lib/gcc/arm-none-eabi/5.4.1/../../../../arm-none-eabi/lib/armv7e-m/fpu\libc.a(lib_a-freer.o)
 .ARM.attributes
                0x0000074c       0x34 c:/some_user/sandbox/gcc-arm-none-eabi-5_4-2016q3/bin/../lib/gcc/arm-none-eabi/5.4.1/../../../../arm-none-eabi/lib/armv7e-m/fpu\libc.a(lib_a-fvwrite.o)
 .ARM.attributes
                0x00000780       0x34 c:/some_user/sandbox/gcc-arm-none-eabi-5_4-2016q3/bin/../lib/gcc/arm-none-eabi/5.4.1/../../../../arm-none-eabi/lib/armv7e-m/fpu\libc.a(lib_a-fwalk.o)
 .ARM.attributes
                0x000007b4       0x34 c:/some_user/sandbox/gcc-arm-none-eabi-5_4-2016q3/bin/../lib/gcc/arm-none-eabi/5.4.1/../../../../arm-none-eabi/lib/armv7e-m/fpu\libc.a(lib_a-localeconv.o)
 .ARM.attributes
                0x000007e8       0x34 c:/some_user/sandbox/gcc-arm-none-eabi-5_4-2016q3/bin/../lib/gcc/arm-none-eabi/5.4.1/../../../../arm-none-eabi/lib/armv7e-m/fpu\libc.a(lib_a-makebuf.o)
 .ARM.attributes
                0x0000081c       0x34 c:/some_user/sandbox/gcc-arm-none-eabi-5_4-2016q3/bin/../lib/gcc/arm-none-eabi/5.4.1/../../../../arm-none-eabi/lib/armv7e-m/fpu\libc.a(lib_a-malloc.o)
 .ARM.attributes
                0x00000850       0x34 c:/some_user/sandbox/gcc-arm-none-eabi-5_4-2016q3/bin/../lib/gcc/arm-none-eabi/5.4.1/../../../../arm-none-eabi/lib/armv7e-m/fpu\libc.a(lib_a-mallocr.o)
 .ARM.attributes
                0x00000884       0x20 c:/some_user/sandbox/gcc-arm-none-eabi-5_4-2016q3/bin/../lib/gcc/arm-none-eabi/5.4.1/../../../../arm-none-eabi/lib/armv7e-m/fpu\libc.a(lib_a-memchr.o)
 .ARM.attributes
                0x000008a4       0x20 c:/some_user/sandbox/gcc-arm-none-eabi-5_4-2016q3/bin/../lib/gcc/arm-none-eabi/5.4.1/../../../../arm-none-eabi/lib/armv7e-m/fpu\libc.a(lib_a-memcpy.o)
 .ARM.attributes
                0x000008c4       0x34 c:/some_user/sandbox/gcc-arm-none-eabi-5_4-2016q3/bin/../lib/gcc/arm-none-eabi/5.4.1/../../../../arm-none-eabi/lib/armv7e-m/fpu\libc.a(lib_a-memmove.o)
 .ARM.attributes
                0x000008f8       0x34 c:/some_user/sandbox/gcc-arm-none-eabi-5_4-2016q3/bin/../lib/gcc/arm-none-eabi/5.4.1/../../../../arm-none-eabi/lib/armv7e-m/fpu\libc.a(lib_a-mlock.o)
 .ARM.attributes
                0x0000092c       0x34 c:/some_user/sandbox/gcc-arm-none-eabi-5_4-2016q3/bin/../lib/gcc/arm-none-eabi/5.4.1/../../../../arm-none-eabi/lib/armv7e-m/fpu\libc.a(lib_a-mprec.o)
 .ARM.attributes
                0x00000960       0x34 c:/some_user/sandbox/gcc-arm-none-eabi-5_4-2016q3/bin/../lib/gcc/arm-none-eabi/5.4.1/../../../../arm-none-eabi/lib/armv7e-m/fpu\libc.a(lib_a-reallocr.o)
 .ARM.attributes
                0x00000994       0x34 c:/some_user/sandbox/gcc-arm-none-eabi-5_4-2016q3/bin/../lib/gcc/arm-none-eabi/5.4.1/../../../../arm-none-eabi/lib/armv7e-m/fpu\libc.a(lib_a-sbrkr.o)
 .ARM.attributes
                0x000009c8       0x34 c:/some_user/sandbox/gcc-arm-none-eabi-5_4-2016q3/bin/../lib/gcc/arm-none-eabi/5.4.1/../../../../arm-none-eabi/lib/armv7e-m/fpu\libc.a(lib_a-stdio.o)
 .ARM.attributes
                0x000009fc       0x34 c:/some_user/sandbox/gcc-arm-none-eabi-5_4-2016q3/bin/../lib/gcc/arm-none-eabi/5.4.1/../../../../arm-none-eabi/lib/armv7e-m/fpu\libc.a(lib_a-vfiprintf.o)
 .ARM.attributes
                0x00000a30       0x34 c:/some_user/sandbox/gcc-arm-none-eabi-5_4-2016q3/bin/../lib/gcc/arm-none-eabi/5.4.1/../../../../arm-none-eabi/lib/armv7e-m/fpu\libc.a(lib_a-writer.o)
 .ARM.attributes
                0x00000a64       0x34 c:/some_user/sandbox/gcc-arm-none-eabi-5_4-2016q3/bin/../lib/gcc/arm-none-eabi/5.4.1/../../../../arm-none-eabi/lib/armv7e-m/fpu\libc.a(lib_a-callocr.o)
 .ARM.attributes
                0x00000a98       0x34 c:/some_user/sandbox/gcc-arm-none-eabi-5_4-2016q3/bin/../lib/gcc/arm-none-eabi/5.4.1/../../../../arm-none-eabi/lib/armv7e-m/fpu\libc.a(lib_a-closer.o)
 .ARM.attributes
                0x00000acc       0x34 c:/some_user/sandbox/gcc-arm-none-eabi-5_4-2016q3/bin/../lib/gcc/arm-none-eabi/5.4.1/../../../../arm-none-eabi/lib/armv7e-m/fpu\libc.a(lib_a-fclose.o)
 .ARM.attributes
                0x00000b00       0x34 c:/some_user/sandbox/gcc-arm-none-eabi-5_4-2016q3/bin/../lib/gcc/arm-none-eabi/5.4.1/../../../../arm-none-eabi/lib/armv7e-m/fpu\libc.a(lib_a-fputwc.o)
 .ARM.attributes
                0x00000b34       0x34 c:/some_user/sandbox/gcc-arm-none-eabi-5_4-2016q3/bin/../lib/gcc/arm-none-eabi/5.4.1/../../../../arm-none-eabi/lib/armv7e-m/fpu\libc.a(lib_a-fstatr.o)
 .ARM.attributes
                0x00000b68       0x34 c:/some_user/sandbox/gcc-arm-none-eabi-5_4-2016q3/bin/../lib/gcc/arm-none-eabi/5.4.1/../../../../arm-none-eabi/lib/armv7e-m/fpu\libc.a(lib_a-isattyr.o)
 .ARM.attributes
                0x00000b9c       0x34 c:/some_user/sandbox/gcc-arm-none-eabi-5_4-2016q3/bin/../lib/gcc/arm-none-eabi/5.4.1/../../../../arm-none-eabi/lib/armv7e-m/fpu\libc.a(lib_a-locale.o)
 .ARM.attributes
                0x00000bd0       0x34 c:/some_user/sandbox/gcc-arm-none-eabi-5_4-2016q3/bin/../lib/gcc/arm-none-eabi/5.4.1/../../../../arm-none-eabi/lib/armv7e-m/fpu\libc.a(lib_a-lseekr.o)
 .ARM.attributes
                0x00000c04       0x34 c:/some_user/sandbox/gcc-arm-none-eabi-5_4-2016q3/bin/../lib/gcc/arm-none-eabi/5.4.1/../../../../arm-none-eabi/lib/armv7e-m/fpu\libc.a(lib_a-mbtowc_r.o)
 .ARM.attributes
                0x00000c38       0x34 c:/some_user/sandbox/gcc-arm-none-eabi-5_4-2016q3/bin/../lib/gcc/arm-none-eabi/5.4.1/../../../../arm-none-eabi/lib/armv7e-m/fpu\libc.a(lib_a-readr.o)
 .ARM.attributes
                0x00000c6c       0x34 c:/some_user/sandbox/gcc-arm-none-eabi-5_4-2016q3/bin/../lib/gcc/arm-none-eabi/5.4.1/../../../../arm-none-eabi/lib/armv7e-m/fpu\libc.a(lib_a-wbuf.o)
 .ARM.attributes
                0x00000ca0       0x34 c:/some_user/sandbox/gcc-arm-none-eabi-5_4-2016q3/bin/../lib/gcc/arm-none-eabi/5.4.1/../../../../arm-none-eabi/lib/armv7e-m/fpu\libc.a(lib_a-wcrtomb.o)
 .ARM.attributes
                0x00000cd4       0x34 c:/some_user/sandbox/gcc-arm-none-eabi-5_4-2016q3/bin/../lib/gcc/arm-none-eabi/5.4.1/../../../../arm-none-eabi/lib/armv7e-m/fpu\libc.a(lib_a-wctomb_r.o)
 .ARM.attributes
                0x00000d08       0x34 c:/some_user/sandbox/gcc-arm-none-eabi-5_4-2016q3/bin/../lib/gcc/arm-none-eabi/5.4.1/../../../../arm-none-eabi/lib/armv7e-m/fpu\libc.a(lib_a-ctype_.o)
 .ARM.attributes
                0x00000d3c       0x22 c:/some_user/sandbox/gcc-arm-none-eabi-5_4-2016q3/bin/../lib/gcc/arm-none-eabi/5.4.1/armv7e-m/fpu\libgcc.a(_arm_addsubdf3.o)
 .ARM.attributes
                0x00000d5e       0x22 c:/some_user/sandbox/gcc-arm-none-eabi-5_4-2016q3/bin/../lib/gcc/arm-none-eabi/5.4.1/armv7e-m/fpu\libgcc.a(_arm_muldivdf3.o)
 .ARM.attributes
                0x00000d80       0x22 c:/some_user/sandbox/gcc-arm-none-eabi-5_4-2016q3/bin/../lib/gcc/arm-none-eabi/5.4.1/armv7e-m/fpu\libgcc.a(_arm_cmpdf2.o)
 .ARM.attributes
                0x00000da2       0x22 c:/some_user/sandbox/gcc-arm-none-eabi-5_4-2016q3/bin/../lib/gcc/arm-none-eabi/5.4.1/armv7e-m/fpu\libgcc.a(_arm_unorddf2.o)
 .ARM.attributes
                0x00000dc4       0x22 c:/some_user/sandbox/gcc-arm-none-eabi-5_4-2016q3/bin/../lib/gcc/arm-none-eabi/5.4.1/armv7e-m/fpu\libgcc.a(_arm_fixdfsi.o)
 .ARM.attributes
                0x00000de6       0x22 c:/some_user/sandbox/gcc-arm-none-eabi-5_4-2016q3/bin/../lib/gcc/arm-none-eabi/5.4.1/armv7e-m/fpu\libgcc.a(_aeabi_uldivmod.o)
 .ARM.attributes
                0x00000e08       0x34 c:/some_user/sandbox/gcc-arm-none-eabi-5_4-2016q3/bin/../lib/gcc/arm-none-eabi/5.4.1/armv7e-m/fpu\libgcc.a(_udivmoddi4.o)
 .ARM.attributes
                0x00000e3c       0x22 c:/some_user/sandbox/gcc-arm-none-eabi-5_4-2016q3/bin/../lib/gcc/arm-none-eabi/5.4.1/armv7e-m/fpu\libgcc.a(_dvmd_tls.o)
 .ARM.attributes
                0x00000e5e       0x22 c:/some_user/sandbox/gcc-arm-none-eabi-5_4-2016q3/bin/../lib/gcc/arm-none-eabi/5.4.1/armv7e-m/fpu/crtn.o
LOAD ../arch/stm32/f3/src/stm32f3xx_ll_rcc.o
LOAD ../arch/stm32/f3/src/stm32f3xx_hal_pccard.o
LOAD ../arch/stm32/f3/src/stm32f3xx_ll_exti.o
LOAD ../arch/stm32/f3/src/stm32f3xx_hal_crc_ex.o
LOAD ../arch/stm32/f3/src/stm32f3xx_hal_rcc_ex.o
LOAD ../arch/stm32/f3/src/stm32f3xx_hal_usart.o
LOAD ../arch/stm32/f3/src/stm32f3xx_hal_i2c.o
LOAD ../arch/stm32/f3/src/stm32f3xx_ll_usart.o
LOAD ../arch/stm32/f3/src/stm32f3xx_ll_i2c.o
LOAD ../arch/stm32/f3/src/stm32f3xx_hal_dac.o
LOAD ../arch/stm32/f3/src/stm32f3xx_hal_opamp.o
LOAD ../arch/stm32/f3/src/stm32f3xx_ll_opamp.o
LOAD ../arch/stm32/f3/src/stm32f3xx_hal_adc.o
LOAD ../arch/stm32/f3/src/stm32f3xx_ll_dac.o
LOAD ../arch/stm32/f3/src/stm32f3xx_hal_i2s_ex.o
LOAD ../arch/stm32/f3/src/stm32f3xx_hal_pwr.o
LOAD ../arch/stm32/f3/src/stm32f3xx_ll_pwr.o
LOAD ../arch/stm32/f3/src/stm32f3xx_hal_dac_ex.o
LOAD ../arch/stm32/f3/src/stm32f3xx_hal_adc_ex.o
LOAD ../arch/stm32/f3/src/stm32f3xx_hal_pcd_ex.o
LOAD ../arch/stm32/f3/src/stm32f3xx_hal_cec.o
LOAD ../arch/stm32/f3/src/stm32f3xx_hal_pwr_ex.o
LOAD ../arch/stm32/f3/src/stm32f3xx_hal_pcd.o
LOAD ../arch/stm32/f3/src/stm32f3xx_ll_fmc.o
LOAD ../arch/stm32/f3/src/stm32f3xx_hal_comp.o
LOAD ../arch/stm32/f3/src/stm32f3xx_ll_comp.o
LOAD ../arch/stm32/f3/src/stm32f3xx_ll_spi.o
LOAD ../arch/stm32/f3/src/stm32f3xx_hal_can.o
LOAD ../arch/stm32/f3/src/stm32f3xx_hal_smartcard_ex.o
LOAD ../arch/stm32/f3/src/stm32f3xx_ll_crc.o
LOAD ../arch/stm32/f3/src/stm32f3xx_hal_iwdg.o
LOAD ../arch/stm32/f3/src/stm32f3xx_hal_nor.o
LOAD ../arch/stm32/f3/src/stm32f3xx_hal_sdadc.o
LOAD ../arch/stm32/f3/src/stm32f3xx_hal_spi_ex.o
LOAD ../arch/stm32/f3/src/stm32f3xx_ll_rtc.o
LOAD ../arch/stm32/f3/src/stm32f3xx_hal_wwdg.o
LOAD ../arch/stm32/f3/src/stm32f3xx_hal_opamp_ex.o
LOAD ../arch/stm32/f3/src/stm32f3xx_hal_smbus.o
LOAD ../arch/stm32/f3/src/stm32f3xx_hal_msp.o
LOAD ../arch/stm32/f3/src/stm32f3xx_hal_rtc_ex.o
LOAD ../arch/stm32/f3/src/stm32f3xx_hal_tsc.o
LOAD ../arch/stm32/f3/src/stm32f3xx_hal_timebase_tim.o
LOAD ../arch/stm32/f3/src/stm32f3xx_hal_uart.o
LOAD ../arch/stm32/f3/src/stm32f3xx_hal_sram.o
LOAD ../arch/stm32/f3/src/stm32f3xx_hal.o
LOAD ../arch/stm32/f3/src/stm32f3xx_hal_tim.o
LOAD ../arch/stm32/f3/src/stm32f3xx_ll_tim.o
LOAD ../arch/stm32/f3/src/stm32f3xx_hal_uart_ex.o
LOAD ../arch/stm32/f3/src/stm32f3xx_hal_cortex.o
LOAD ../arch/stm32/f3/src/stm32f3xx_hal_rtc.o
LOAD ../arch/stm32/f3/src/stm32f3xx_hal_flash.o
LOAD ../arch/stm32/f3/src/stm32f3xx_ll_utils.o
LOAD ../arch/stm32/f3/src/stm32f3xx_hal_dma.o
LOAD ../arch/stm32/f3/src/stm32f3xx_hal_tim_ex.o
LOAD ../arch/stm32/f3/src/stm32f3xx_ll_dma.o
LOAD ../arch/stm32/f3/src/stm32f3xx_hal_i2c_ex.o
LOAD ../arch/stm32/f3/src/stm32f3xx_hal_i2s.o
LOAD ../arch/stm32/f3/src/stm32f3xx_hal_spi.o
LOAD ../arch/stm32/f3/src/stm32f3xx_hal_hrtim.o
LOAD ../arch/stm32/f3/src/stm32f3xx_hal_flash_ex.o
LOAD ../arch/stm32/f3/src/stm32f3xx_hal_irda.o
LOAD ../arch/stm32/f3/src/stm32f3xx_ll_adc.o
LOAD ../arch/stm32/f3/src/stm32f3xx_hal_smartcard.o
LOAD ../arch/stm32/f3/src/stm32f3xx_hal_nand.o
LOAD ../arch/stm32/f3/src/stm32f3xx_hal_gpio.o
LOAD ../arch/stm32/f3/src/stm32f3xx_ll_hrtim.o
LOAD ../arch/stm32/f3/src/stm32f3xx_hal_crc.o
LOAD ../arch/stm32/f3/src/stm32f3xx_ll_gpio.o
LOAD ../arch/stm32/f3/src/stm32f3xx_hal_rcc.o
LOAD ../arch/stm32/f3/src/CMSIS/system_stm32f3xx.o
LOAD ../arch/stm32/f3/src/CMSIS/startup_stm32f303xc.o
LOAD master.o
LOAD user_source/foo.o
LOAD user_source/uart.o
LOAD user_source/hal_interface/board_led.o
LOAD user_source/hal_interface/uart_hal.o
LOAD user_source/hal_interface/cpu.o
LOAD user_source/hal_interface/newlib_stubs.o
LOAD user_source/hal_interface/pwm_hal.o
LOAD user_source/hal_interface/cube_hal_msp.o
LOAD c:/some_user/sandbox/gcc-arm-none-eabi-5_4-2016q3/bin/../lib/gcc/arm-none-eabi/5.4.1/../../../../arm-none-eabi/lib/armv7e-m/fpu\libm.a
LOAD c:/some_user/sandbox/gcc-arm-none-eabi-5_4-2016q3/bin/../lib/gcc/arm-none-eabi/5.4.1/../../../../arm-none-eabi/lib/armv7e-m/fpu\libc.a
START GROUP
LOAD c:/some_user/sandbox/gcc-arm-none-eabi-5_4-2016q3/bin/../lib/gcc/arm-none-eabi/5.4.1/armv7e-m/fpu\libgcc.a
LOAD c:/some_user/sandbox/gcc-arm-none-eabi-5_4-2016q3/bin/../lib/gcc/arm-none-eabi/5.4.1/../../../../arm-none-eabi/lib/armv7e-m/fpu\libc.a
END GROUP
START GROUP
LOAD c:/some_user/sandbox/gcc-arm-none-eabi-5_4-2016q3/bin/../lib/gcc/arm-none-eabi/5.4.1/armv7e-m/fpu\libgcc.a
LOAD c:/some_user/sandbox/gcc-arm-none-eabi-5_4-2016q3/bin/../lib/gcc/arm-none-eabi/5.4.1/../../../../arm-none-eabi/lib/armv7e-m/fpu\libc.a
LOAD c:/some_user/sandbox/gcc-arm-none-eabi-5_4-2016q3/bin/../lib/gcc/arm-none-eabi/5.4.1/../../../../arm-none-eabi/lib/armv7e-m/fpu\libnosys.a
END GROUP
LOAD c:/some_user/sandbox/gcc-arm-none-eabi-5_4-2016q3/bin/../lib/gcc/arm-none-eabi/5.4.1/armv7e-m/fpu/crtend.o
LOAD c:/some_user/sandbox/gcc-arm-none-eabi-5_4-2016q3/bin/../lib/gcc/arm-none-eabi/5.4.1/armv7e-m/fpu/crtn.o
OUTPUT(master.elf elf32-littlearm)

.debug_info     0x00000000     0xfe43
 .debug_info    0x00000000       0xbf ../arch/stm32/f3/src/stm32f3xx_hal_msp.o
 .debug_info    0x000000bf      0xa75 ../arch/stm32/f3/src/stm32f3xx_hal_timebase_tim.o
 .debug_info    0x00000b34     0x18ee ../arch/stm32/f3/src/stm32f3xx_hal_uart.o
 .debug_info    0x00002422      0x6ed ../arch/stm32/f3/src/stm32f3xx_hal.o
 .debug_info    0x00002b0f     0x3163 ../arch/stm32/f3/src/stm32f3xx_hal_tim.o
 .debug_info    0x00005c72      0x8db ../arch/stm32/f3/src/stm32f3xx_hal_uart_ex.o
 .debug_info    0x0000654d      0xe6d ../arch/stm32/f3/src/stm32f3xx_hal_cortex.o
 .debug_info    0x000073ba      0x7d5 ../arch/stm32/f3/src/stm32f3xx_hal_dma.o
 .debug_info    0x00007b8f     0x14d4 ../arch/stm32/f3/src/stm32f3xx_hal_tim_ex.o
 .debug_info    0x00009063      0x673 ../arch/stm32/f3/src/stm32f3xx_hal_gpio.o
 .debug_info    0x000096d6     0x1341 ../arch/stm32/f3/src/stm32f3xx_hal_rcc.o
 .debug_info    0x0000aa17      0x3f2 ../arch/stm32/f3/src/CMSIS/system_stm32f3xx.o
 .debug_info    0x0000ae09       0xac ../arch/stm32/f3/src/CMSIS/startup_stm32f303xc.o
 .debug_info    0x0000aeb5     0x213e master.o
 .debug_info    0x0000cff3       0x96 user_source/foo.o
 .debug_info    0x0000d089      0x2b1 user_source/uart.o
 .debug_info    0x0000d33a      0x477 user_source/hal_interface/board_led.o
 .debug_info    0x0000d7b1      0x731 user_source/hal_interface/uart_hal.o
 .debug_info    0x0000dee2      0x335 user_source/hal_interface/cpu.o
 .debug_info    0x0000e217      0x880 user_source/hal_interface/newlib_stubs.o
 .debug_info    0x0000ea97      0x83d user_source/hal_interface/pwm_hal.o
 .debug_info    0x0000f2d4      0xb6f user_source/hal_interface/cube_hal_msp.o

.debug_abbrev   0x00000000     0x2adb
 .debug_abbrev  0x00000000       0x70 ../arch/stm32/f3/src/stm32f3xx_hal_msp.o
 .debug_abbrev  0x00000070      0x205 ../arch/stm32/f3/src/stm32f3xx_hal_timebase_tim.o
 .debug_abbrev  0x00000275      0x314 ../arch/stm32/f3/src/stm32f3xx_hal_uart.o
 .debug_abbrev  0x00000589      0x1d0 ../arch/stm32/f3/src/stm32f3xx_hal.o
 .debug_abbrev  0x00000759      0x333 ../arch/stm32/f3/src/stm32f3xx_hal_tim.o
 .debug_abbrev  0x00000a8c      0x1ee ../arch/stm32/f3/src/stm32f3xx_hal_uart_ex.o
 .debug_abbrev  0x00000c7a      0x304 ../arch/stm32/f3/src/stm32f3xx_hal_cortex.o
 .debug_abbrev  0x00000f7e      0x219 ../arch/stm32/f3/src/stm32f3xx_hal_dma.o
 .debug_abbrev  0x00001197      0x2b6 ../arch/stm32/f3/src/stm32f3xx_hal_tim_ex.o
 .debug_abbrev  0x0000144d      0x1d7 ../arch/stm32/f3/src/stm32f3xx_hal_gpio.o
 .debug_abbrev  0x00001624      0x2cc ../arch/stm32/f3/src/stm32f3xx_hal_rcc.o
 .debug_abbrev  0x000018f0      0x101 ../arch/stm32/f3/src/CMSIS/system_stm32f3xx.o
 .debug_abbrev  0x000019f1       0x12 ../arch/stm32/f3/src/CMSIS/startup_stm32f303xc.o
 .debug_abbrev  0x00001a03      0x481 master.o
 .debug_abbrev  0x00001e84       0x94 user_source/foo.o
 .debug_abbrev  0x00001f18      0x16a user_source/uart.o
 .debug_abbrev  0x00002082      0x170 user_source/hal_interface/board_led.o
 .debug_abbrev  0x000021f2      0x1ab user_source/hal_interface/uart_hal.o
 .debug_abbrev  0x0000239d      0x16a user_source/hal_interface/cpu.o
 .debug_abbrev  0x00002507      0x28e user_source/hal_interface/newlib_stubs.o
 .debug_abbrev  0x00002795      0x1ab user_source/hal_interface/pwm_hal.o
 .debug_abbrev  0x00002940      0x19b user_source/hal_interface/cube_hal_msp.o

.debug_aranges  0x00000000      0x2d0
 .debug_aranges
                0x00000000       0x20 ../arch/stm32/f3/src/stm32f3xx_hal_msp.o
 .debug_aranges
                0x00000020       0x20 ../arch/stm32/f3/src/stm32f3xx_hal_timebase_tim.o
 .debug_aranges
                0x00000040       0x20 ../arch/stm32/f3/src/stm32f3xx_hal_uart.o
 .debug_aranges
                0x00000060       0x20 ../arch/stm32/f3/src/stm32f3xx_hal.o
 .debug_aranges
                0x00000080       0x20 ../arch/stm32/f3/src/stm32f3xx_hal_tim.o
 .debug_aranges
                0x000000a0       0x20 ../arch/stm32/f3/src/stm32f3xx_hal_uart_ex.o
 .debug_aranges
                0x000000c0       0x20 ../arch/stm32/f3/src/stm32f3xx_hal_cortex.o
 .debug_aranges
                0x000000e0       0x20 ../arch/stm32/f3/src/stm32f3xx_hal_dma.o
 .debug_aranges
                0x00000100       0x20 ../arch/stm32/f3/src/stm32f3xx_hal_tim_ex.o
 .debug_aranges
                0x00000120       0x20 ../arch/stm32/f3/src/stm32f3xx_hal_gpio.o
 .debug_aranges
                0x00000140       0x20 ../arch/stm32/f3/src/stm32f3xx_hal_rcc.o
 .debug_aranges
                0x00000160       0x20 ../arch/stm32/f3/src/CMSIS/system_stm32f3xx.o
 .debug_aranges
                0x00000180       0x28 ../arch/stm32/f3/src/CMSIS/startup_stm32f303xc.o
 .debug_aranges
                0x000001a8       0x28 master.o
 .debug_aranges
                0x000001d0       0x20 user_source/foo.o
 .debug_aranges
                0x000001f0       0x20 user_source/uart.o
 .debug_aranges
                0x00000210       0x20 user_source/hal_interface/board_led.o
 .debug_aranges
                0x00000230       0x20 user_source/hal_interface/uart_hal.o
 .debug_aranges
                0x00000250       0x20 user_source/hal_interface/cpu.o
 .debug_aranges
                0x00000270       0x20 user_source/hal_interface/newlib_stubs.o
 .debug_aranges
                0x00000290       0x20 user_source/hal_interface/pwm_hal.o
 .debug_aranges
                0x000002b0       0x20 user_source/hal_interface/cube_hal_msp.o

.debug_line     0x00000000     0x54dd
 .debug_line    0x00000000      0x13f ../arch/stm32/f3/src/stm32f3xx_hal_msp.o
 .debug_line    0x0000013f      0x232 ../arch/stm32/f3/src/stm32f3xx_hal_timebase_tim.o
 .debug_line    0x00000371      0xc1c ../arch/stm32/f3/src/stm32f3xx_hal_uart.o
 .debug_line    0x00000f8d      0x1fe ../arch/stm32/f3/src/stm32f3xx_hal.o
 .debug_line    0x0000118b     0x11be ../arch/stm32/f3/src/stm32f3xx_hal_tim.o
 .debug_line    0x00002349      0x2e3 ../arch/stm32/f3/src/stm32f3xx_hal_uart_ex.o
 .debug_line    0x0000262c      0x310 ../arch/stm32/f3/src/stm32f3xx_hal_cortex.o
 .debug_line    0x0000293c      0x48d ../arch/stm32/f3/src/stm32f3xx_hal_dma.o
 .debug_line    0x00002dc9      0x7ba ../arch/stm32/f3/src/stm32f3xx_hal_tim_ex.o
 .debug_line    0x00003583      0x2ff ../arch/stm32/f3/src/stm32f3xx_hal_gpio.o
 .debug_line    0x00003882      0x733 ../arch/stm32/f3/src/stm32f3xx_hal_rcc.o
 .debug_line    0x00003fb5      0x18a ../arch/stm32/f3/src/CMSIS/system_stm32f3xx.o
 .debug_line    0x0000413f       0x8f ../arch/stm32/f3/src/CMSIS/startup_stm32f303xc.o
 .debug_line    0x000041ce      0x510 master.o
 .debug_line    0x000046de       0x44 user_source/foo.o
 .debug_line    0x00004722      0x172 user_source/uart.o
 .debug_line    0x00004894      0x1cb user_source/hal_interface/board_led.o
 .debug_line    0x00004a5f      0x20b user_source/hal_interface/uart_hal.o
 .debug_line    0x00004c6a      0x1db user_source/hal_interface/cpu.o
 .debug_line    0x00004e45      0x263 user_source/hal_interface/newlib_stubs.o
 .debug_line    0x000050a8      0x21d user_source/hal_interface/pwm_hal.o
 .debug_line    0x000052c5      0x218 user_source/hal_interface/cube_hal_msp.o

.debug_str      0x00000000     0x3cb4
 .debug_str     0x00000000      0x1b5 ../arch/stm32/f3/src/stm32f3xx_hal_msp.o
                                0x1f6 (size before relaxing)
 .debug_str     0x000001b5      0xa31 ../arch/stm32/f3/src/stm32f3xx_hal_timebase_tim.o
                                0xc32 (size before relaxing)
 .debug_str     0x00000be6      0x8e9 ../arch/stm32/f3/src/stm32f3xx_hal_uart.o
                                0xd94 (size before relaxing)
 .debug_str     0x000014cf      0x1e2 ../arch/stm32/f3/src/stm32f3xx_hal.o
                                0x8e9 (size before relaxing)
 .debug_str     0x000016b1      0xa64 ../arch/stm32/f3/src/stm32f3xx_hal_tim.o
                               0x10fe (size before relaxing)
 .debug_str     0x00002115       0xef ../arch/stm32/f3/src/stm32f3xx_hal_uart_ex.o
                                0x879 (size before relaxing)
 .debug_str     0x00002204      0x3c4 ../arch/stm32/f3/src/stm32f3xx_hal_cortex.o
                                0xb76 (size before relaxing)
 .debug_str     0x000025c8      0x209 ../arch/stm32/f3/src/stm32f3xx_hal_dma.o
                                0x656 (size before relaxing)
 .debug_str     0x000027d1      0x4c1 ../arch/stm32/f3/src/stm32f3xx_hal_tim_ex.o
                                0xd1c (size before relaxing)
 .debug_str     0x00002c92      0x1c3 ../arch/stm32/f3/src/stm32f3xx_hal_gpio.o
                                0x46f (size before relaxing)
 .debug_str     0x00002e55      0x25e ../arch/stm32/f3/src/stm32f3xx_hal_rcc.o
                                0x68c (size before relaxing)
 .debug_str     0x000030b3       0x6e ../arch/stm32/f3/src/CMSIS/system_stm32f3xx.o
                                0x31b (size before relaxing)
 .debug_str     0x00003121      0x6bf master.o
                               0x127c (size before relaxing)
 .debug_str     0x000037e0       0x2d user_source/foo.o
                                0x134 (size before relaxing)
 .debug_str     0x0000380d       0xd5 user_source/uart.o
                                0x2bc (size before relaxing)
 .debug_str     0x000038e2       0x78 user_source/hal_interface/board_led.o
                                0x370 (size before relaxing)
 .debug_str     0x0000395a       0x3b user_source/hal_interface/uart_hal.o
                                0x736 (size before relaxing)
 .debug_str     0x00003995       0x41 user_source/hal_interface/cpu.o
                                0x39b (size before relaxing)
 .debug_str     0x000039d6      0x1fa user_source/hal_interface/newlib_stubs.o
                                0x497 (size before relaxing)
 .debug_str     0x00003bd0       0x9e user_source/hal_interface/pwm_hal.o
                                0x6f7 (size before relaxing)
 .debug_str     0x00003c6e       0x46 user_source/hal_interface/cube_hal_msp.o
                                0x960 (size before relaxing)

.comment        0x00000000       0x6e
 .comment       0x00000000       0x6e ../arch/stm32/f3/src/stm32f3xx_hal_msp.o
                                 0x6f (size before relaxing)
 .comment       0x0000006e       0x6f ../arch/stm32/f3/src/stm32f3xx_hal_timebase_tim.o
 .comment       0x0000006e       0x6f ../arch/stm32/f3/src/stm32f3xx_hal_uart.o
 .comment       0x0000006e       0x6f ../arch/stm32/f3/src/stm32f3xx_hal.o
 .comment       0x0000006e       0x6f ../arch/stm32/f3/src/stm32f3xx_hal_tim.o
 .comment       0x0000006e       0x6f ../arch/stm32/f3/src/stm32f3xx_hal_uart_ex.o
 .comment       0x0000006e       0x6f ../arch/stm32/f3/src/stm32f3xx_hal_cortex.o
 .comment       0x0000006e       0x6f ../arch/stm32/f3/src/stm32f3xx_hal_dma.o
 .comment       0x0000006e       0x6f ../arch/stm32/f3/src/stm32f3xx_hal_tim_ex.o
 .comment       0x0000006e       0x6f ../arch/stm32/f3/src/stm32f3xx_hal_gpio.o
 .comment       0x0000006e       0x6f ../arch/stm32/f3/src/stm32f3xx_hal_rcc.o
 .comment       0x0000006e       0x6f ../arch/stm32/f3/src/CMSIS/system_stm32f3xx.o
 .comment       0x0000006e       0x6f master.o
 .comment       0x0000006e       0x6f user_source/foo.o
 .comment       0x0000006e       0x6f user_source/uart.o
 .comment       0x0000006e       0x6f user_source/hal_interface/board_led.o
 .comment       0x0000006e       0x6f user_source/hal_interface/uart_hal.o
 .comment       0x0000006e       0x6f user_source/hal_interface/cpu.o
 .comment       0x0000006e       0x6f user_source/hal_interface/newlib_stubs.o
 .comment       0x0000006e       0x6f user_source/hal_interface/pwm_hal.o
 .comment       0x0000006e       0x6f user_source/hal_interface/cube_hal_msp.o

.debug_frame    0x00000000     0x3154
 .debug_frame   0x00000000       0x50 ../arch/stm32/f3/src/stm32f3xx_hal_msp.o
 .debug_frame   0x00000050       0x74 ../arch/stm32/f3/src/stm32f3xx_hal_timebase_tim.o
 .debug_frame   0x000000c4      0x5f4 ../arch/stm32/f3/src/stm32f3xx_hal_uart.o
 .debug_frame   0x000006b8      0x168 ../arch/stm32/f3/src/stm32f3xx_hal.o
 .debug_frame   0x00000820      0x964 ../arch/stm32/f3/src/stm32f3xx_hal_tim.o
 .debug_frame   0x00001184       0xd4 ../arch/stm32/f3/src/stm32f3xx_hal_uart_ex.o
 .debug_frame   0x00001258      0x188 ../arch/stm32/f3/src/stm32f3xx_hal_cortex.o
 .debug_frame   0x000013e0      0x18c ../arch/stm32/f3/src/stm32f3xx_hal_dma.o
 .debug_frame   0x0000156c      0x410 ../arch/stm32/f3/src/stm32f3xx_hal_tim_ex.o
 .debug_frame   0x0000197c       0xf8 ../arch/stm32/f3/src/stm32f3xx_hal_gpio.o
 .debug_frame   0x00001a74      0x168 ../arch/stm32/f3/src/stm32f3xx_hal_rcc.o
 .debug_frame   0x00001bdc       0x3c ../arch/stm32/f3/src/CMSIS/system_stm32f3xx.o
 .debug_frame   0x00001c18      0x228 master.o
 .debug_frame   0x00001e40       0x30 user_source/foo.o
 .debug_frame   0x00001e70       0x98 user_source/uart.o
 .debug_frame   0x00001f08       0x64 user_source/hal_interface/board_led.o
 .debug_frame   0x00001f6c       0x4c user_source/hal_interface/uart_hal.o
 .debug_frame   0x00001fb8       0x50 user_source/hal_interface/cpu.o
 .debug_frame   0x00002008      0x150 user_source/hal_interface/newlib_stubs.o
 .debug_frame   0x00002158       0x6c user_source/hal_interface/pwm_hal.o
 .debug_frame   0x000021c4       0x58 user_source/hal_interface/cube_hal_msp.o
 .debug_frame   0x0000221c       0x74 c:/some_user/sandbox/gcc-arm-none-eabi-5_4-2016q3/bin/../lib/gcc/arm-none-eabi/5.4.1/../../../../arm-none-eabi/lib/armv7e-m/fpu\libc.a(lib_a-printf.o)
 .debug_frame   0x00002290       0x48 c:/some_user/sandbox/gcc-arm-none-eabi-5_4-2016q3/bin/../lib/gcc/arm-none-eabi/5.4.1/../../../../arm-none-eabi/lib/armv7e-m/fpu\libc.a(lib_a-puts.o)
 .debug_frame   0x000022d8       0x58 c:/some_user/sandbox/gcc-arm-none-eabi-5_4-2016q3/bin/../lib/gcc/arm-none-eabi/5.4.1/../../../../arm-none-eabi/lib/armv7e-m/fpu\libc.a(lib_a-reent.o)
 .debug_frame   0x00002330       0x50 c:/some_user/sandbox/gcc-arm-none-eabi-5_4-2016q3/bin/../lib/gcc/arm-none-eabi/5.4.1/../../../../arm-none-eabi/lib/armv7e-m/fpu\libc.a(lib_a-setvbuf.o)